[0.060s] Invoking command in '/home/asdfr-30/ASDfR_3/build/ball_tracker': CMAKE_PREFIX_PATH=/opt/ros/humble /usr/bin/cmake --build /home/asdfr-30/ASDfR_3/build/ball_tracker -- -j3 -l3
[0.253s] [35m[1mConsolidate compiler generated dependencies of target ball_tracker[0m
[1.315s] [100%] Built target ball_tracker
[1.373s] Invoked command in '/home/asdfr-30/ASDfR_3/build/ball_tracker' returned '0': CMAKE_PREFIX_PATH=/opt/ros/humble /usr/bin/cmake --build /home/asdfr-30/ASDfR_3/build/ball_tracker -- -j3 -l3
[1.390s] Invoking command in '/home/asdfr-30/ASDfR_3/build/ball_tracker': CMAKE_PREFIX_PATH=/opt/ros/humble /usr/bin/cmake --install /home/asdfr-30/ASDfR_3/build/ball_tracker
[1.433s] -- Install configuration: ""
[1.438s] -- Up-to-date: /home/asdfr-30/ASDfR_3/install/ball_tracker/lib/ball_tracker/ball_tracker
[1.441s] -- Up-to-date: /home/asdfr-30/ASDfR_3/install/ball_tracker/include
[1.447s] -- Up-to-date: /home/asdfr-30/ASDfR_3/install/ball_tracker/include/ball_tracker.hpp
[1.450s] -- Up-to-date: /home/asdfr-30/ASDfR_3/install/ball_tracker/share/ball_tracker/package.xml
[1.453s] -- Up-to-date: /home/asdfr-30/ASDfR_3/install/ball_tracker/share/ament_index/resource_index/package_run_dependencies/ball_tracker
[1.456s] -- Up-to-date: /home/asdfr-30/ASDfR_3/install/ball_tracker/share/ament_index/resource_index/parent_prefix_path/ball_tracker
[1.462s] -- Up-to-date: /home/asdfr-30/ASDfR_3/install/ball_tracker/share/ball_tracker/environment/ament_prefix_path.sh
[1.468s] -- Up-to-date: /home/asdfr-30/ASDfR_3/install/ball_tracker/share/ball_tracker/environment/ament_prefix_path.dsv
[1.473s] -- Up-to-date: /home/asdfr-30/ASDfR_3/install/ball_tracker/share/ball_tracker/environment/path.sh
[1.477s] -- Up-to-date: /home/asdfr-30/ASDfR_3/install/ball_tracker/share/ball_tracker/environment/path.dsv
[1.485s] -- Up-to-date: /home/asdfr-30/ASDfR_3/install/ball_tracker/share/ball_tracker/local_setup.bash
[1.488s] -- Up-to-date: /home/asdfr-30/ASDfR_3/install/ball_tracker/share/ball_tracker/local_setup.sh
[1.501s] -- Up-to-date: /home/asdfr-30/ASDfR_3/install/ball_tracker/share/ball_tracker/local_setup.zsh
[1.506s] -- Up-to-date: /home/asdfr-30/ASDfR_3/install/ball_tracker/share/ball_tracker/local_setup.dsv
[1.509s] -- Installing: /home/asdfr-30/ASDfR_3/install/ball_tracker/share/ball_tracker/package.dsv
[1.524s] -- Up-to-date: /home/asdfr-30/ASDfR_3/install/ball_tracker/share/ament_index/resource_index/packages/ball_tracker
[1.527s] -- Up-to-date: /home/asdfr-30/ASDfR_3/install/ball_tracker/share/ball_tracker/cmake/ball_trackerConfig.cmake
[1.531s] -- Up-to-date: /home/asdfr-30/ASDfR_3/install/ball_tracker/share/ball_tracker/cmake/ball_trackerConfig-version.cmake
[1.535s] -- Up-to-date: /home/asdfr-30/ASDfR_3/install/ball_tracker/share/ball_tracker/package.xml
[1.541s] Invoked command in '/home/asdfr-30/ASDfR_3/build/ball_tracker' returned '0': CMAKE_PREFIX_PATH=/opt/ros/humble /usr/bin/cmake --install /home/asdfr-30/ASDfR_3/build/ball_tracker
