[0.067s] Invoking command in '/home/asdfr-30/ASDfR_3/build/brightness': CMAKE_PREFIX_PATH=${CMAKE_PREFIX_PATH}:/opt/ros/humble /usr/bin/cmake /home/asdfr-30/ASDfR_3/src/brightness -DCMAKE_INSTALL_PREFIX=/home/asdfr-30/ASDfR_3/install/brightness
[0.573s] -- The C compiler identification is GNU 11.4.0
[1.210s] -- The CXX compiler identification is GNU 11.4.0
[1.237s] -- Detecting C compiler ABI info
[1.861s] -- Detecting C compiler ABI info - done
[1.900s] -- Check for working C compiler: /usr/bin/cc - skipped
[1.904s] -- Detecting C compile features
[1.908s] -- Detecting C compile features - done
[1.923s] -- Detecting CXX compiler ABI info
[2.433s] -- Detecting CXX compiler ABI info - done
[2.514s] -- Check for working CXX compiler: /usr/bin/c++ - skipped
[2.518s] -- Detecting CXX compile features
[2.519s] -- Detecting CXX compile features - done
[2.529s] -- Found ament_cmake: 1.3.11 (/opt/ros/humble/share/ament_cmake/cmake)
[3.966s] -- Found Python3: /usr/bin/python3 (found version "3.10.12") found components: Interpreter 
[4.905s] -- Found rclcpp: 16.0.11 (/opt/ros/humble/share/rclcpp/cmake)
[5.066s] -- Found rosidl_generator_c: 3.1.6 (/opt/ros/humble/share/rosidl_generator_c/cmake)
[5.083s] -- Found rosidl_adapter: 3.1.6 (/opt/ros/humble/share/rosidl_adapter/cmake)
[5.115s] -- Found rosidl_generator_cpp: 3.1.6 (/opt/ros/humble/share/rosidl_generator_cpp/cmake)
[5.170s] -- Using all available rosidl_typesupport_c: rosidl_typesupport_fastrtps_c;rosidl_typesupport_introspection_c
[5.268s] -- Using all available rosidl_typesupport_cpp: rosidl_typesupport_fastrtps_cpp;rosidl_typesupport_introspection_cpp
[5.492s] -- Found rmw_implementation_cmake: 6.1.2 (/opt/ros/humble/share/rmw_implementation_cmake/cmake)
[5.515s] -- Found rmw_fastrtps_cpp: 6.2.7 (/opt/ros/humble/share/rmw_fastrtps_cpp/cmake)
[5.805s] -- Found OpenSSL: /usr/lib/aarch64-linux-gnu/libcrypto.so (found version "3.0.2")  
[5.988s] -- Found FastRTPS: /opt/ros/humble/include  
[6.117s] -- Using RMW implementation 'rmw_fastrtps_cpp' as default
[6.151s] -- Looking for pthread.h
[6.509s] -- Looking for pthread.h - found
[6.520s] -- Performing Test CMAKE_HAVE_LIBC_PTHREAD
[6.829s] -- Performing Test CMAKE_HAVE_LIBC_PTHREAD - Success
[6.835s] -- Found Threads: TRUE  
[7.074s] -- Found rclcpp_components: 16.0.11 (/opt/ros/humble/share/rclcpp_components/cmake)
[7.188s] -- Found sensor_msgs: 4.2.4 (/opt/ros/humble/share/sensor_msgs/cmake)
[7.350s] -- Found ament_lint_auto: 0.12.11 (/opt/ros/humble/share/ament_lint_auto/cmake)
[7.921s] -- Added test 'cppcheck' to perform static code analysis on C / C++ code
[7.923s] -- Configured cppcheck include dirs: $<BUILD_INTERFACE:/home/asdfr-30/ASDfR_3/src/brightness/include>
[7.924s] -- Configured cppcheck exclude dirs and/or files: 
[7.929s] -- Added test 'lint_cmake' to check CMake code style
[7.935s] -- Added test 'uncrustify' to check C / C++ code style
[7.937s] -- Configured uncrustify additional arguments: 
[7.941s] -- Added test 'xmllint' to check XML markup files
[7.967s] -- Configuring done
[8.105s] -- Generating done
[8.159s] -- Build files have been written to: /home/asdfr-30/ASDfR_3/build/brightness
[8.225s] Invoked command in '/home/asdfr-30/ASDfR_3/build/brightness' returned '0': CMAKE_PREFIX_PATH=${CMAKE_PREFIX_PATH}:/opt/ros/humble /usr/bin/cmake /home/asdfr-30/ASDfR_3/src/brightness -DCMAKE_INSTALL_PREFIX=/home/asdfr-30/ASDfR_3/install/brightness
[8.238s] Invoking command in '/home/asdfr-30/ASDfR_3/build/brightness': CMAKE_PREFIX_PATH=${CMAKE_PREFIX_PATH}:/opt/ros/humble /usr/bin/cmake --build /home/asdfr-30/ASDfR_3/build/brightness -- -j3 -l3
[8.721s] [ 50%] [32mBuilding CXX object CMakeFiles/brightness.dir/src/brightness.cpp.o[0m
[78.082s] [100%] [32m[1mLinking CXX executable brightness[0m
[81.834s] [100%] Built target brightness
[81.878s] Invoked command in '/home/asdfr-30/ASDfR_3/build/brightness' returned '0': CMAKE_PREFIX_PATH=${CMAKE_PREFIX_PATH}:/opt/ros/humble /usr/bin/cmake --build /home/asdfr-30/ASDfR_3/build/brightness -- -j3 -l3
[81.887s] Invoking command in '/home/asdfr-30/ASDfR_3/build/brightness': CMAKE_PREFIX_PATH=${CMAKE_PREFIX_PATH}:/opt/ros/humble /usr/bin/cmake --install /home/asdfr-30/ASDfR_3/build/brightness
[81.931s] -- Install configuration: ""
[81.939s] -- Installing: /home/asdfr-30/ASDfR_3/install/brightness/lib/brightness/brightness
[82.100s] -- Set runtime path of "/home/asdfr-30/ASDfR_3/install/brightness/lib/brightness/brightness" to ""
[82.104s] -- Installing: /home/asdfr-30/ASDfR_3/install/brightness/share/ament_index/resource_index/package_run_dependencies/brightness
[82.109s] -- Installing: /home/asdfr-30/ASDfR_3/install/brightness/share/ament_index/resource_index/parent_prefix_path/brightness
[82.131s] -- Installing: /home/asdfr-30/ASDfR_3/install/brightness/share/brightness/environment/ament_prefix_path.sh
[82.136s] -- Installing: /home/asdfr-30/ASDfR_3/install/brightness/share/brightness/environment/ament_prefix_path.dsv
[82.140s] -- Installing: /home/asdfr-30/ASDfR_3/install/brightness/share/brightness/environment/path.sh
[82.144s] -- Installing: /home/asdfr-30/ASDfR_3/install/brightness/share/brightness/environment/path.dsv
[82.148s] -- Installing: /home/asdfr-30/ASDfR_3/install/brightness/share/brightness/local_setup.bash
[82.152s] -- Installing: /home/asdfr-30/ASDfR_3/install/brightness/share/brightness/local_setup.sh
[82.157s] -- Installing: /home/asdfr-30/ASDfR_3/install/brightness/share/brightness/local_setup.zsh
[82.161s] -- Installing: /home/asdfr-30/ASDfR_3/install/brightness/share/brightness/local_setup.dsv
[82.165s] -- Installing: /home/asdfr-30/ASDfR_3/install/brightness/share/brightness/package.dsv
[82.170s] -- Installing: /home/asdfr-30/ASDfR_3/install/brightness/share/ament_index/resource_index/packages/brightness
[82.174s] -- Installing: /home/asdfr-30/ASDfR_3/install/brightness/share/brightness/cmake/brightnessConfig.cmake
[82.178s] -- Installing: /home/asdfr-30/ASDfR_3/install/brightness/share/brightness/cmake/brightnessConfig-version.cmake
[82.185s] -- Installing: /home/asdfr-30/ASDfR_3/install/brightness/share/brightness/package.xml
[82.192s] Invoked command in '/home/asdfr-30/ASDfR_3/build/brightness' returned '0': CMAKE_PREFIX_PATH=${CMAKE_PREFIX_PATH}:/opt/ros/humble /usr/bin/cmake --install /home/asdfr-30/ASDfR_3/build/brightness
