[35m[1mConsolidate compiler generated dependencies of target object_center[0m
[100%] Built target object_center
-- Install configuration: ""
-- Installing: /home/asdfr-30/ASDfR_3/install/object_center/lib/object_center/object_center
-- Set runtime path of "/home/asdfr-30/ASDfR_3/install/object_center/lib/object_center/object_center" to ""
-- Installing: /home/asdfr-30/ASDfR_3/install/object_center/share/ament_index/resource_index/package_run_dependencies/object_center
-- Installing: /home/asdfr-30/ASDfR_3/install/object_center/share/ament_index/resource_index/parent_prefix_path/object_center
-- Installing: /home/asdfr-30/ASDfR_3/install/object_center/share/object_center/environment/ament_prefix_path.sh
-- Installing: /home/asdfr-30/ASDfR_3/install/object_center/share/object_center/environment/ament_prefix_path.dsv
-- Installing: /home/asdfr-30/ASDfR_3/install/object_center/share/object_center/environment/path.sh
-- Installing: /home/asdfr-30/ASDfR_3/install/object_center/share/object_center/environment/path.dsv
-- Installing: /home/asdfr-30/ASDfR_3/install/object_center/share/object_center/local_setup.bash
-- Installing: /home/asdfr-30/ASDfR_3/install/object_center/share/object_center/local_setup.sh
-- Installing: /home/asdfr-30/ASDfR_3/install/object_center/share/object_center/local_setup.zsh
-- Installing: /home/asdfr-30/ASDfR_3/install/object_center/share/object_center/local_setup.dsv
-- Installing: /home/asdfr-30/ASDfR_3/install/object_center/share/object_center/package.dsv
-- Installing: /home/asdfr-30/ASDfR_3/install/object_center/share/ament_index/resource_index/packages/object_center
-- Installing: /home/asdfr-30/ASDfR_3/install/object_center/share/object_center/cmake/object_centerConfig.cmake
-- Installing: /home/asdfr-30/ASDfR_3/install/object_center/share/object_center/cmake/object_centerConfig-version.cmake
-- Installing: /home/asdfr-30/ASDfR_3/install/object_center/share/object_center/package.xml
