[0.071s] Invoking command in '/home/asdfr-30/ASDfR_3/build/relbot_simulator': CMAKE_PREFIX_PATH=${CMAKE_PREFIX_PATH}:/opt/ros/humble /usr/bin/cmake --build /home/asdfr-30/ASDfR_3/build/relbot_simulator -- -j3 -l3
[0.473s] [100%] Built target relbot_simulator
[0.512s] Invoked command in '/home/asdfr-30/ASDfR_3/build/relbot_simulator' returned '0': CMAKE_PREFIX_PATH=${CMAKE_PREFIX_PATH}:/opt/ros/humble /usr/bin/cmake --build /home/asdfr-30/ASDfR_3/build/relbot_simulator -- -j3 -l3
[0.521s] Invoking command in '/home/asdfr-30/ASDfR_3/build/relbot_simulator': CMAKE_PREFIX_PATH=${CMAKE_PREFIX_PATH}:/opt/ros/humble /usr/bin/cmake --install /home/asdfr-30/ASDfR_3/build/relbot_simulator
[0.544s] -- Install configuration: ""
[0.546s] -- Up-to-date: /home/asdfr-30/ASDfR_3/install/relbot_simulator/lib/relbot_simulator/relbot_simulator
[0.549s] -- Up-to-date: /home/asdfr-30/ASDfR_3/install/relbot_simulator/include
[0.552s] -- Up-to-date: /home/asdfr-30/ASDfR_3/install/relbot_simulator/include/xxmatrix.cpp
[0.554s] -- Up-to-date: /home/asdfr-30/ASDfR_3/install/relbot_simulator/include/xxinteg.cpp
[0.556s] -- Up-to-date: /home/asdfr-30/ASDfR_3/install/relbot_simulator/include/EulerAngles.cpp
[0.557s] -- Up-to-date: /home/asdfr-30/ASDfR_3/install/relbot_simulator/include/EulerAngles.h
[0.558s] -- Up-to-date: /home/asdfr-30/ASDfR_3/install/relbot_simulator/include/xxtypes.h
[0.559s] -- Up-to-date: /home/asdfr-30/ASDfR_3/install/relbot_simulator/include/xxmodel.h
[0.561s] -- Up-to-date: /home/asdfr-30/ASDfR_3/install/relbot_simulator/include/MotionProfiles.cpp
[0.562s] -- Up-to-date: /home/asdfr-30/ASDfR_3/install/relbot_simulator/include/xxfuncs.h
[0.563s] -- Up-to-date: /home/asdfr-30/ASDfR_3/install/relbot_simulator/include/xxfuncs.cpp
[0.564s] -- Up-to-date: /home/asdfr-30/ASDfR_3/install/relbot_simulator/include/MotionProfiles.h
[0.565s] -- Up-to-date: /home/asdfr-30/ASDfR_3/install/relbot_simulator/include/xxmatrix.h
[0.566s] -- Up-to-date: /home/asdfr-30/ASDfR_3/install/relbot_simulator/include/xxinteg.h
[0.589s] -- Up-to-date: /home/asdfr-30/ASDfR_3/install/relbot_simulator/include/xxinverse.cpp
[0.597s] -- Up-to-date: /home/asdfr-30/ASDfR_3/install/relbot_simulator/include/xxinverse.h
[0.601s] -- Up-to-date: /home/asdfr-30/ASDfR_3/install/relbot_simulator/share/ament_index/resource_index/package_run_dependencies/relbot_simulator
[0.611s] -- Up-to-date: /home/asdfr-30/ASDfR_3/install/relbot_simulator/share/ament_index/resource_index/parent_prefix_path/relbot_simulator
[0.615s] -- Up-to-date: /home/asdfr-30/ASDfR_3/install/relbot_simulator/share/relbot_simulator/environment/ament_prefix_path.sh
[0.618s] -- Up-to-date: /home/asdfr-30/ASDfR_3/install/relbot_simulator/share/relbot_simulator/environment/ament_prefix_path.dsv
[0.621s] -- Up-to-date: /home/asdfr-30/ASDfR_3/install/relbot_simulator/share/relbot_simulator/environment/path.sh
[0.624s] -- Up-to-date: /home/asdfr-30/ASDfR_3/install/relbot_simulator/share/relbot_simulator/environment/path.dsv
[0.629s] -- Up-to-date: /home/asdfr-30/ASDfR_3/install/relbot_simulator/share/relbot_simulator/local_setup.bash
[0.630s] -- Up-to-date: /home/asdfr-30/ASDfR_3/install/relbot_simulator/share/relbot_simulator/local_setup.sh
[0.632s] -- Up-to-date: /home/asdfr-30/ASDfR_3/install/relbot_simulator/share/relbot_simulator/local_setup.zsh
[0.635s] -- Up-to-date: /home/asdfr-30/ASDfR_3/install/relbot_simulator/share/relbot_simulator/local_setup.dsv
[0.642s] -- Installing: /home/asdfr-30/ASDfR_3/install/relbot_simulator/share/relbot_simulator/package.dsv
[0.646s] -- Up-to-date: /home/asdfr-30/ASDfR_3/install/relbot_simulator/share/ament_index/resource_index/packages/relbot_simulator
[0.647s] -- Up-to-date: /home/asdfr-30/ASDfR_3/install/relbot_simulator/share/relbot_simulator/cmake/relbot_simulatorConfig.cmake
[0.649s] -- Up-to-date: /home/asdfr-30/ASDfR_3/install/relbot_simulator/share/relbot_simulator/cmake/relbot_simulatorConfig-version.cmake
[0.651s] -- Up-to-date: /home/asdfr-30/ASDfR_3/install/relbot_simulator/share/relbot_simulator/package.xml
[0.652s] -- Up-to-date: /home/asdfr-30/ASDfR_3/install/relbot_simulator/share/relbot_simulator//launch
[0.656s] -- Up-to-date: /home/asdfr-30/ASDfR_3/install/relbot_simulator/share/relbot_simulator//launch/relbot_simulator.launch.py
[0.657s] Invoked command in '/home/asdfr-30/ASDfR_3/build/relbot_simulator' returned '0': CMAKE_PREFIX_PATH=${CMAKE_PREFIX_PATH}:/opt/ros/humble /usr/bin/cmake --install /home/asdfr-30/ASDfR_3/build/relbot_simulator
