[0.059s] Invoking command in '/home/asdfr-30/ASDfR_3/build/xrf2_msgs': CMAKE_PREFIX_PATH=/opt/ros/humble /usr/bin/cmake /home/asdfr-30/ASDfR_3/src/XRF2/XenoRosFramework/Common/XRF2_msgs -DCMAKE_INSTALL_PREFIX=/home/asdfr-30/ASDfR_3/install/xrf2_msgs
[0.099s] -- Found ament_cmake: 1.3.11 (/opt/ros/humble/share/ament_cmake/cmake)
[1.228s] -- Found rosidl_default_generators: 1.2.0 (/opt/ros/humble/share/rosidl_default_generators/cmake)
[1.234s] -- Using all available rosidl_typesupport_c: rosidl_typesupport_fastrtps_c;rosidl_typesupport_introspection_c
[1.266s] -- Found rosidl_adapter: 3.1.6 (/opt/ros/humble/share/rosidl_adapter/cmake)
[1.548s] -- Using all available rosidl_typesupport_cpp: rosidl_typesupport_fastrtps_cpp;rosidl_typesupport_introspection_cpp
[3.956s] [31mCMake Error at /opt/ros/humble/share/rosidl_adapter/cmake/rosidl_adapt_interfaces.cmake:59 (message):
[3.963s]   execute_process(/usr/bin/python3 -m rosidl_adapter --package-name xrf2_msgs
[3.973s]   --arguments-file
[4.006s]   /home/asdfr-30/ASDfR_3/build/xrf2_msgs/rosidl_adapter__arguments__xrf2_msgs.json
[4.010s]   --output-dir
[4.013s]   /home/asdfr-30/ASDfR_3/build/xrf2_msgs/rosidl_adapter/xrf2_msgs
[4.016s]   --output-file
[4.020s]   /home/asdfr-30/ASDfR_3/build/xrf2_msgs/rosidl_adapter/xrf2_msgs.idls)
[4.028s]   returned error code 1:
[4.031s] 
[4.042s]   Error with: xrf2_msgs Xeno2Ros float64 theta
[4.045s] 
[4.048s]   Traceback (most recent call last):
[4.059s] 
[4.062s]     File "/usr/lib/python3.10/runpy.py", line 196, in _run_module_as_main
[4.065s]       return _run_code(code, main_globals, None,
[4.069s]     File "/usr/lib/python3.10/runpy.py", line 86, in _run_code
[4.076s]       exec(code, run_globals)
[4.082s]     File "/opt/ros/humble/local/lib/python3.10/dist-packages/rosidl_adapter/__main__.py", line 19, in <module>
[4.100s]       sys.exit(main())
[4.103s]     File "/opt/ros/humble/local/lib/python3.10/dist-packages/rosidl_adapter/main.py", line 53, in main
[4.107s]       abs_idl_file = convert_to_idl(
[4.110s]     File "/opt/ros/humble/local/lib/python3.10/dist-packages/rosidl_adapter/__init__.py", line 19, in convert_to_idl
[4.124s]       return convert_msg_to_idl(
[4.126s]     File "/opt/ros/humble/local/lib/python3.10/dist-packages/rosidl_adapter/msg/__init__.py", line 28, in convert_msg_to_idl
[4.140s]       msg = parse_message_string(package_name, input_file.stem, content)
[4.147s]     File "/opt/ros/humble/local/lib/python3.10/dist-packages/rosidl_adapter/parser.py", line 510, in parse_message_string
[4.150s]       raise InvalidFieldDefinition(line)
[4.156s] -- Configuring incomplete, errors occurred!
[4.169s] 
[4.175s]   rosidl_adapter.parser.InvalidFieldDefinition: float64 theta
[4.183s] 
[4.192s] Call Stack (most recent call first):
[4.200s]   /opt/ros/humble/share/rosidl_cmake/cmake/rosidl_generate_interfaces.cmake:130 (rosidl_adapt_interfaces)
[4.208s]   CMakeLists.txt:15 (rosidl_generate_interfaces)
[4.211s] 
[4.220s] [0m
[4.224s] See also "/home/asdfr-30/ASDfR_3/build/xrf2_msgs/CMakeFiles/CMakeOutput.log".
[4.227s] Invoked command in '/home/asdfr-30/ASDfR_3/build/xrf2_msgs' returned '1': CMAKE_PREFIX_PATH=/opt/ros/humble /usr/bin/cmake /home/asdfr-30/ASDfR_3/src/XRF2/XenoRosFramework/Common/XRF2_msgs -DCMAKE_INSTALL_PREFIX=/home/asdfr-30/ASDfR_3/install/xrf2_msgs
