[0.068s] Invoking command in '/home/asdfr-30/ASDfR_3/build/xrf2_msgs': CMAKE_PREFIX_PATH=${CMAKE_PREFIX_PATH}:/opt/ros/humble /usr/bin/cmake --build /home/asdfr-30/ASDfR_3/build/xrf2_msgs -- -j3 -l3
[0.235s] [  2%] [34m[1mGenerating C code for ROS interfaces[0m
[0.249s] [  5%] [34m[1mGenerating C++ code for ROS interfaces[0m
[0.489s] [  5%] Built target ament_cmake_python_copy_xrf2_msgs
[2.188s] running egg_info
[2.198s] creating xrf2_msgs.egg-info
[2.208s] writing xrf2_msgs.egg-info/PKG-INFO
[2.210s] writing dependency_links to xrf2_msgs.egg-info/dependency_links.txt
[2.213s] writing top-level names to xrf2_msgs.egg-info/top_level.txt
[2.216s] writing manifest file 'xrf2_msgs.egg-info/SOURCES.txt'
[2.238s] reading manifest file 'xrf2_msgs.egg-info/SOURCES.txt'
[2.248s] writing manifest file 'xrf2_msgs.egg-info/SOURCES.txt'
[2.587s] [  5%] Built target ament_cmake_python_build_xrf2_msgs_egg
[2.962s] [  7%] [32mBuilding C object CMakeFiles/xrf2_msgs__rosidl_generator_c.dir/rosidl_generator_c/xrf2_msgs/msg/detail/xeno2_ros__functions.c.o[0m
[2.983s] [ 10%] [32mBuilding C object CMakeFiles/xrf2_msgs__rosidl_generator_c.dir/rosidl_generator_c/xrf2_msgs/msg/detail/ros2_xeno__functions.c.o[0m
[2.995s] [ 10%] Built target xrf2_msgs__cpp
[3.072s] [ 12%] [34m[1mGenerating C++ type support for eProsima Fast-RTPS[0m
[3.277s] [ 15%] [34m[1mGenerating C++ introspection for ROS interfaces[0m
[3.314s] [ 17%] [32m[1mLinking C shared library libxrf2_msgs__rosidl_generator_c.so[0m
[3.646s] [ 17%] Built target xrf2_msgs__rosidl_generator_c
[3.683s] [ 20%] [34m[1mGenerating C++ type support dispatch for ROS interfaces[0m
[4.619s] [ 23%] [32mBuilding CXX object CMakeFiles/xrf2_msgs__rosidl_typesupport_fastrtps_cpp.dir/rosidl_typesupport_fastrtps_cpp/xrf2_msgs/msg/detail/dds_fastrtps/ros2_xeno__type_support.cpp.o[0m
[4.890s] [ 25%] [32mBuilding CXX object CMakeFiles/xrf2_msgs__rosidl_typesupport_introspection_cpp.dir/rosidl_typesupport_introspection_cpp/xrf2_msgs/msg/detail/ros2_xeno__type_support.cpp.o[0m
[4.904s] [ 28%] [32mBuilding CXX object CMakeFiles/xrf2_msgs__rosidl_typesupport_cpp.dir/rosidl_typesupport_cpp/xrf2_msgs/msg/ros2_xeno__type_support.cpp.o[0m
[6.212s] [ 30%] [32mBuilding CXX object CMakeFiles/xrf2_msgs__rosidl_typesupport_cpp.dir/rosidl_typesupport_cpp/xrf2_msgs/msg/xeno2_ros__type_support.cpp.o[0m
[6.737s] [ 33%] [32mBuilding CXX object CMakeFiles/xrf2_msgs__rosidl_typesupport_fastrtps_cpp.dir/rosidl_typesupport_fastrtps_cpp/xrf2_msgs/msg/detail/dds_fastrtps/xeno2_ros__type_support.cpp.o[0m
[6.861s] [ 35%] [32mBuilding CXX object CMakeFiles/xrf2_msgs__rosidl_typesupport_introspection_cpp.dir/rosidl_typesupport_introspection_cpp/xrf2_msgs/msg/detail/xeno2_ros__type_support.cpp.o[0m
[7.490s] [ 38%] [32m[1mLinking CXX shared library libxrf2_msgs__rosidl_typesupport_cpp.so[0m
[7.635s] [ 38%] Built target xrf2_msgs__rosidl_typesupport_cpp
[7.670s] [ 41%] [34m[1mGenerating C type support for eProsima Fast-RTPS[0m
[8.849s] [ 43%] [32m[1mLinking CXX shared library libxrf2_msgs__rosidl_typesupport_fastrtps_cpp.so[0m
[9.029s] [ 46%] [32m[1mLinking CXX shared library libxrf2_msgs__rosidl_typesupport_introspection_cpp.so[0m
[9.221s] [ 46%] Built target xrf2_msgs__rosidl_typesupport_introspection_cpp
[9.241s] [ 48%] [32mBuilding CXX object CMakeFiles/xrf2_msgs__rosidl_typesupport_fastrtps_c.dir/rosidl_typesupport_fastrtps_c/xrf2_msgs/msg/detail/ros2_xeno__type_support_c.cpp.o[0m
[9.257s] [ 51%] [34m[1mGenerating C introspection for ROS interfaces[0m
[9.268s] [ 51%] Built target xrf2_msgs__rosidl_typesupport_fastrtps_cpp
[9.310s] [ 53%] [34m[1mGenerating C type support dispatch for ROS interfaces[0m
[10.672s] [ 56%] [32mBuilding CXX object CMakeFiles/xrf2_msgs__rosidl_typesupport_c.dir/rosidl_typesupport_c/xrf2_msgs/msg/ros2_xeno__type_support.cpp.o[0m
[10.695s] [ 58%] [32mBuilding C object CMakeFiles/xrf2_msgs__rosidl_typesupport_introspection_c.dir/rosidl_typesupport_introspection_c/xrf2_msgs/msg/detail/ros2_xeno__type_support.c.o[0m
[10.807s] [ 61%] [32mBuilding CXX object CMakeFiles/xrf2_msgs__rosidl_typesupport_c.dir/rosidl_typesupport_c/xrf2_msgs/msg/xeno2_ros__type_support.cpp.o[0m
[10.825s] [ 64%] [32mBuilding C object CMakeFiles/xrf2_msgs__rosidl_typesupport_introspection_c.dir/rosidl_typesupport_introspection_c/xrf2_msgs/msg/detail/xeno2_ros__type_support.c.o[0m
[10.932s] [ 66%] [32m[1mLinking CXX shared library libxrf2_msgs__rosidl_typesupport_c.so[0m
[10.946s] [ 69%] [32m[1mLinking C shared library libxrf2_msgs__rosidl_typesupport_introspection_c.so[0m
[11.100s] [ 69%] Built target xrf2_msgs__rosidl_typesupport_introspection_c
[11.126s] [ 69%] Built target xrf2_msgs__rosidl_typesupport_c
[11.129s] [ 71%] [32mBuilding CXX object CMakeFiles/xrf2_msgs__rosidl_typesupport_fastrtps_c.dir/rosidl_typesupport_fastrtps_c/xrf2_msgs/msg/detail/xeno2_ros__type_support_c.cpp.o[0m
[12.279s] [ 74%] [32m[1mLinking CXX shared library libxrf2_msgs__rosidl_typesupport_fastrtps_c.so[0m
[12.544s] [ 74%] Built target xrf2_msgs__rosidl_typesupport_fastrtps_c
[12.598s] [ 74%] Built target xrf2_msgs
[12.651s] [ 76%] [34m[1mGenerating Python code for ROS interfaces[0m
[14.134s] [ 76%] Built target xrf2_msgs__py
[14.189s] [ 82%] [32mBuilding C object CMakeFiles/xrf2_msgs__rosidl_generator_py.dir/rosidl_generator_py/xrf2_msgs/msg/_xeno2_ros_s.c.o[0m
[14.191s] [ 82%] [32mBuilding C object CMakeFiles/xrf2_msgs__rosidl_generator_py.dir/rosidl_generator_py/xrf2_msgs/msg/_ros2_xeno_s.c.o[0m
[14.662s] [ 84%] [32m[1mLinking C shared library rosidl_generator_py/xrf2_msgs/libxrf2_msgs__rosidl_generator_py.so[0m
[14.796s] [ 84%] Built target xrf2_msgs__rosidl_generator_py
[14.857s] [ 87%] [32mBuilding C object CMakeFiles/xrf2_msgs__rosidl_typesupport_fastrtps_c__pyext.dir/rosidl_generator_py/xrf2_msgs/_xrf2_msgs_s.ep.rosidl_typesupport_fastrtps_c.c.o[0m
[14.867s] [ 92%] [32mBuilding C object CMakeFiles/xrf2_msgs__rosidl_typesupport_c__pyext.dir/rosidl_generator_py/xrf2_msgs/_xrf2_msgs_s.ep.rosidl_typesupport_c.c.o[0m
[14.871s] [ 92%] [32mBuilding C object CMakeFiles/xrf2_msgs__rosidl_typesupport_introspection_c__pyext.dir/rosidl_generator_py/xrf2_msgs/_xrf2_msgs_s.ep.rosidl_typesupport_introspection_c.c.o[0m
[15.231s] [ 94%] [32m[1mLinking C shared library rosidl_generator_py/xrf2_msgs/xrf2_msgs_s__rosidl_typesupport_fastrtps_c.cpython-310-aarch64-linux-gnu.so[0m
[15.294s] [ 97%] [32m[1mLinking C shared library rosidl_generator_py/xrf2_msgs/xrf2_msgs_s__rosidl_typesupport_introspection_c.cpython-310-aarch64-linux-gnu.so[0m
[15.302s] [100%] [32m[1mLinking C shared library rosidl_generator_py/xrf2_msgs/xrf2_msgs_s__rosidl_typesupport_c.cpython-310-aarch64-linux-gnu.so[0m
[15.389s] [100%] Built target xrf2_msgs__rosidl_typesupport_fastrtps_c__pyext
[15.453s] [100%] Built target xrf2_msgs__rosidl_typesupport_introspection_c__pyext
[15.460s] [100%] Built target xrf2_msgs__rosidl_typesupport_c__pyext
