[0.112s] Invoking command in '/home/asdfr-30/ASDfR_3/build/brightness': CMAKE_PREFIX_PATH=${CMAKE_PREFIX_PATH}:/opt/ros/humble /usr/bin/cmake --build /home/asdfr-30/ASDfR_3/build/brightness -- -j3 -l3
[0.569s] [100%] Built target brightness
[0.750s] Invoked command in '/home/asdfr-30/ASDfR_3/build/brightness' returned '0': CMAKE_PREFIX_PATH=${CMAKE_PREFIX_PATH}:/opt/ros/humble /usr/bin/cmake --build /home/asdfr-30/ASDfR_3/build/brightness -- -j3 -l3
[0.862s] Invoking command in '/home/asdfr-30/ASDfR_3/build/brightness': CMAKE_PREFIX_PATH=${CMAKE_PREFIX_PATH}:/opt/ros/humble /usr/bin/cmake --install /home/asdfr-30/ASDfR_3/build/brightness
[0.911s] -- Install configuration: ""
[0.913s] -- Up-to-date: /home/asdfr-30/ASDfR_3/install/brightness/lib/brightness/brightness
[0.916s] -- Up-to-date: /home/asdfr-30/ASDfR_3/install/brightness/share/ament_index/resource_index/package_run_dependencies/brightness
[0.917s] -- Up-to-date: /home/asdfr-30/ASDfR_3/install/brightness/share/ament_index/resource_index/parent_prefix_path/brightness
[0.918s] -- Up-to-date: /home/asdfr-30/ASDfR_3/install/brightness/share/brightness/environment/ament_prefix_path.sh
[0.920s] -- Up-to-date: /home/asdfr-30/ASDfR_3/install/brightness/share/brightness/environment/ament_prefix_path.dsv
[0.931s] -- Up-to-date: /home/asdfr-30/ASDfR_3/install/brightness/share/brightness/environment/path.sh
[0.935s] -- Up-to-date: /home/asdfr-30/ASDfR_3/install/brightness/share/brightness/environment/path.dsv
[0.969s] -- Up-to-date: /home/asdfr-30/ASDfR_3/install/brightness/share/brightness/local_setup.bash
[0.971s] -- Up-to-date: /home/asdfr-30/ASDfR_3/install/brightness/share/brightness/local_setup.sh
[0.982s] -- Up-to-date: /home/asdfr-30/ASDfR_3/install/brightness/share/brightness/local_setup.zsh
[0.988s] -- Up-to-date: /home/asdfr-30/ASDfR_3/install/brightness/share/brightness/local_setup.dsv
[1.004s] -- Installing: /home/asdfr-30/ASDfR_3/install/brightness/share/brightness/package.dsv
[1.023s] -- Up-to-date: /home/asdfr-30/ASDfR_3/install/brightness/share/ament_index/resource_index/packages/brightness
[1.027s] -- Up-to-date: /home/asdfr-30/ASDfR_3/install/brightness/share/brightness/cmake/brightnessConfig.cmake
[1.043s] -- Up-to-date: /home/asdfr-30/ASDfR_3/install/brightness/share/brightness/cmake/brightnessConfig-version.cmake
[1.057s] -- Up-to-date: /home/asdfr-30/ASDfR_3/install/brightness/share/brightness/package.xml
[1.062s] Invoked command in '/home/asdfr-30/ASDfR_3/build/brightness' returned '0': CMAKE_PREFIX_PATH=${CMAKE_PREFIX_PATH}:/opt/ros/humble /usr/bin/cmake --install /home/asdfr-30/ASDfR_3/build/brightness
