[0.108s] Invoking command in '/home/asdfr-30/ASDfR_3/build/xeno_loop': CMAKE_PREFIX_PATH=/home/asdfr-30/ASDfR_3/install/xrf2_msgs:/home/asdfr-30/ASDfR_3/install/sequence_controller:/home/asdfr-30/ASDfR_3/install/ros_xeno_bridge:/home/asdfr-30/ASDfR_3/install/relbot_simulator:/home/asdfr-30/ASDfR_3/install/cam2image_vm2ros:/home/asdfr-30/ASDfR_3/install/ball_tracker /usr/bin/cmake --build /home/asdfr-30/ASDfR_3/build/xeno_loop -- -j3 -l3
[0.287s] [35m[1mConsolidate compiler generated dependencies of target xeno_loop[0m
[1.661s] [  4%] [32mBuilding CXX object CMakeFiles/xeno_loop.dir/main.cpp.o[0m
[1.664s] [  9%] [32mBuilding CXX object CMakeFiles/xeno_loop.dir/src/XenoLoopRunner.cpp.o[0m
[5.553s] [01m[K/home/asdfr-30/ASDfR_3/src/xeno_loop/src/XenoLoopRunner.cpp:[m[K In constructor ‘[01m[KXenoLoopRunner::XenoLoopRunner(uint, uint)[m[K’:
[5.556s] [01m[K/home/asdfr-30/ASDfR_3/src/xeno_loop/src/XenoLoopRunner.cpp:5:52:[m[K [01;31m[Kerror: [m[Kno matching function for call to ‘[01m[KXenoFrt20Sim::XenoFrt20Sim(uint&, uint&)[m[K’
[5.559s]     5 |     XenoFrt20Sim(write_decimator_freq, monitor_freq[01;31m[K)[m[K
[5.563s]       |                                                    [01;31m[K^[m[K
[5.577s] In file included from [01m[K/home/asdfr-30/ASDfR_3/src/xeno_loop/include/XenoLoopRunner.hpp:4[m[K,
[5.582s]                  from [01m[K/home/asdfr-30/ASDfR_3/src/xeno_loop/src/XenoLoopRunner.cpp:1[m[K:
[5.592s] [01m[K/home/asdfr-30/ASDfR_3/src/xeno_loop/../XRF2/XenoRosFramework/Xenomai/include/XenoFrt20Sim.hpp:19:5:[m[K [01;36m[Knote: [m[Kcandidate: ‘[01m[KXenoFrt20Sim::XenoFrt20Sim(uint, uint, XenoFileHandler&, void*)[m[K’
[5.595s]    19 |     [01;36m[KXenoFrt20Sim[m[K(uint write_decimator_freq, uint monitor_freq, XenoFileHandler& _log_file_handler, void *data_to_be_logged_pntr);
[5.599s]       |     [01;36m[K^~~~~~~~~~~~[m[K
[5.608s] [01m[K/home/asdfr-30/ASDfR_3/src/xeno_loop/../XRF2/XenoRosFramework/Xenomai/include/XenoFrt20Sim.hpp:19:5:[m[K [01;36m[Knote: [m[K  candidate expects 4 arguments, 2 provided
[5.611s] [01m[K/home/asdfr-30/ASDfR_3/src/xeno_loop/../XRF2/XenoRosFramework/Xenomai/include/XenoFrt20Sim.hpp:16:7:[m[K [01;36m[Knote: [m[Kcandidate: ‘[01m[KXenoFrt20Sim::XenoFrt20Sim(const XenoFrt20Sim&)[m[K’
[5.614s]    16 | class [01;36m[KXenoFrt20Sim[m[K : public XenoFrtRosIco
[5.627s]       |       [01;36m[K^~~~~~~~~~~~[m[K
[5.629s] [01m[K/home/asdfr-30/ASDfR_3/src/xeno_loop/../XRF2/XenoRosFramework/Xenomai/include/XenoFrt20Sim.hpp:16:7:[m[K [01;36m[Knote: [m[K  candidate expects 1 argument, 2 provided
[5.630s] [01m[K/home/asdfr-30/ASDfR_3/src/xeno_loop/src/XenoLoopRunner.cpp:[m[K In member function ‘[01m[Kvirtual int XenoLoopRunner::initialised()[m[K’:
[5.632s] [01m[K/home/asdfr-30/ASDfR_3/src/xeno_loop/src/XenoLoopRunner.cpp:58:21:[m[K [01;31m[Kerror: [m[Kexpected primary-expression before ‘[01m[K=[m[K’ token
[5.633s]    58 |          return -1; [01;31m[K=[m[K
[5.635s]       |                     [01;31m[K^[m[K
[5.636s] [01m[K/home/asdfr-30/ASDfR_3/src/xeno_loop/src/XenoLoopRunner.cpp:59:5:[m[K [01;31m[Kerror: [m[Kexpected primary-expression before ‘[01m[K}[m[K’ token
[5.650s]    59 |     [01;31m[K}[m[K
[5.651s]       |     [01;31m[K^[m[K
[5.653s] [01m[K/home/asdfr-30/ASDfR_3/src/xeno_loop/src/XenoLoopRunner.cpp:[m[K At global scope:
[5.655s] [01m[K/home/asdfr-30/ASDfR_3/src/xeno_loop/src/XenoLoopRunner.cpp:66:5:[m[K [01;31m[Kerror: [m[Kexpected initializer before ‘[01m[Ktest_pwm_left[m[K’
[5.656s]    66 |     [01;31m[Ktest_pwm_left[m[K = 150;  // PWM for left wheel
[5.658s]       |     [01;31m[K^~~~~~~~~~~~~[m[K
[5.659s] [01m[K/home/asdfr-30/ASDfR_3/src/xeno_loop/src/XenoLoopRunner.cpp:67:5:[m[K [01;31m[Kerror: [m[K‘[01m[Ktest_pwm_right[m[K’ does not name a type
[5.677s]    67 |     [01;31m[Ktest_pwm_right[m[K = 150; // PWM for right wheel
[5.679s]       |     [01;31m[K^~~~~~~~~~~~~~[m[K
[5.681s] [01m[K/home/asdfr-30/ASDfR_3/src/xeno_loop/src/XenoLoopRunner.cpp:69:5:[m[K [01;31m[Kerror: [m[K‘[01m[Kactuate_data[m[K’ does not name a type
[5.683s]    69 |     [01;31m[Kactuate_data[m[K.pwm1 = test_pwm_right;
[5.684s]       |     [01;31m[K^~~~~~~~~~~~[m[K
[5.686s] [01m[K/home/asdfr-30/ASDfR_3/src/xeno_loop/src/XenoLoopRunner.cpp:70:5:[m[K [01;31m[Kerror: [m[K‘[01m[Kactuate_data[m[K’ does not name a type
[5.697s]    70 |     [01;31m[Kactuate_data[m[K.pwm2 = test_pwm_left;
[5.699s]       |     [01;31m[K^~~~~~~~~~~~[m[K
[5.700s] [01m[K/home/asdfr-30/ASDfR_3/src/xeno_loop/src/XenoLoopRunner.cpp:73:5:[m[K [01;31m[Kerror: [m[Kexpected unqualified-id before ‘[01m[Kif[m[K’
[5.706s]    73 |     [01;31m[Kif[m[K (ico_io.update_io(actuate_data, &sample_data) != 0) {
[5.708s]       |     [01;31m[K^~[m[K
[5.710s] [01m[K/home/asdfr-30/ASDfR_3/src/xeno_loop/src/XenoLoopRunner.cpp:79:42:[m[K [01;31m[Kerror: [m[K‘[01m[Ksample_data[m[K’ was not declared in this scope
[5.711s]    79 |     uint16_t current_encoder_right_raw = [01;31m[Ksample_data[m[K.channel1;
[5.713s]       |                                          [01;31m[K^~~~~~~~~~~[m[K
[5.714s] [01m[K/home/asdfr-30/ASDfR_3/src/xeno_loop/src/XenoLoopRunner.cpp:80:41:[m[K [01;31m[Kerror: [m[K‘[01m[Ksample_data[m[K’ was not declared in this scope
[5.716s]    80 |     uint16_t current_encoder_left_raw = [01;31m[Ksample_data[m[K.channel2;
[5.741s]       |                                         [01;31m[K^~~~~~~~~~~[m[K
[5.743s] [01m[K/home/asdfr-30/ASDfR_3/src/xeno_loop/src/XenoLoopRunner.cpp:82:98:[m[K [01;31m[Kerror: [m[K‘[01m[Kprev_encoder_right_raw[m[K’ was not declared in this scope; did you mean ‘[01m[Kcurrent_encoder_right_raw[m[K’?
[5.744s]    82 |     int32_t delta_right = static_cast<int32_t>(current_encoder_right_raw) - static_cast<int32_t>([01;31m[Kprev_encoder_right_raw[m[K);
[5.745s]       |                                                                                                  [01;31m[K^~~~~~~~~~~~~~~~~~~~~~[m[K
[5.747s]       |                                                                                                  [32m[Kcurrent_encoder_right_raw[m[K
[5.748s] [01m[K/home/asdfr-30/ASDfR_3/src/xeno_loop/src/XenoLoopRunner.cpp:83:96:[m[K [01;31m[Kerror: [m[K‘[01m[Kprev_encoder_left_raw[m[K’ was not declared in this scope; did you mean ‘[01m[Kcurrent_encoder_left_raw[m[K’?
[5.750s]    83 |     int32_t delta_left = static_cast<int32_t>(current_encoder_left_raw) - static_cast<int32_t>([01;31m[Kprev_encoder_left_raw[m[K);
[5.752s]       |                                                                                                [01;31m[K^~~~~~~~~~~~~~~~~~~~~[m[K
[5.753s]       |                                                                                                [32m[Kcurrent_encoder_left_raw[m[K
[5.754s] [01m[K/home/asdfr-30/ASDfR_3/src/xeno_loop/src/XenoLoopRunner.cpp:86:15:[m[K [01;31m[Kerror: [m[Kexpected constructor, destructor, or type conversion before ‘[01m[K([m[K’ token
[5.770s]    86 |     evl_printf[01;31m[K([m[K"Run - PWM L:%d R:%d | RawEnc L:%u R:%u | Delta L:%d R:%d\n",
[5.772s]       |               [01;31m[K^[m[K
[5.774s] [01m[K/home/asdfr-30/ASDfR_3/src/xeno_loop/src/XenoLoopRunner.cpp:92:5:[m[K [01;31m[Kerror: [m[K‘[01m[Kprev_encoder_left_raw[m[K’ does not name a type
[5.775s]    92 |     [01;31m[Kprev_encoder_left_raw[m[K = current_encoder_left_raw;
[5.776s]       |     [01;31m[K^~~~~~~~~~~~~~~~~~~~~[m[K
[5.778s] [01m[K/home/asdfr-30/ASDfR_3/src/xeno_loop/src/XenoLoopRunner.cpp:93:5:[m[K [01;31m[Kerror: [m[K‘[01m[Kprev_encoder_right_raw[m[K’ does not name a type
[5.780s]    93 |     [01;31m[Kprev_encoder_right_raw[m[K = current_encoder_right_raw;
[5.781s]       |     [01;31m[K^~~~~~~~~~~~~~~~~~~~~~[m[K
[5.783s] [01m[K/home/asdfr-30/ASDfR_3/src/xeno_loop/src/XenoLoopRunner.cpp:94:5:[m[K [01;31m[Kerror: [m[Kexpected unqualified-id before ‘[01m[Kreturn[m[K’
[5.798s]    94 |     [01;31m[Kreturn[m[K 0;
[5.800s]       |     [01;31m[K^~~~~~[m[K
[5.801s] [01m[K/home/asdfr-30/ASDfR_3/src/xeno_loop/src/XenoLoopRunner.cpp:95:1:[m[K [01;31m[Kerror: [m[Kexpected declaration before ‘[01m[K}[m[K’ token
[5.802s]    95 | [01;31m[K}[m[K
[5.804s]       | [01;31m[K^[m[K
[6.246s] gmake[2]: *** [CMakeFiles/xeno_loop.dir/build.make:258: CMakeFiles/xeno_loop.dir/src/XenoLoopRunner.cpp.o] Error 1
[6.248s] gmake[1]: *** [CMakeFiles/Makefile2:137: CMakeFiles/xeno_loop.dir/all] Error 2
[6.254s] gmake: *** [Makefile:101: all] Error 2
[6.256s] Invoked command in '/home/asdfr-30/ASDfR_3/build/xeno_loop' returned '2': CMAKE_PREFIX_PATH=/home/asdfr-30/ASDfR_3/install/xrf2_msgs:/home/asdfr-30/ASDfR_3/install/sequence_controller:/home/asdfr-30/ASDfR_3/install/ros_xeno_bridge:/home/asdfr-30/ASDfR_3/install/relbot_simulator:/home/asdfr-30/ASDfR_3/install/cam2image_vm2ros:/home/asdfr-30/ASDfR_3/install/ball_tracker /usr/bin/cmake --build /home/asdfr-30/ASDfR_3/build/xeno_loop -- -j3 -l3
