[0.068s] Invoking command in '/home/asdfr-30/ASDfR_3/build/ball_tracker': CMAKE_PREFIX_PATH=${CMAKE_PREFIX_PATH}:/opt/ros/humble /usr/bin/cmake --build /home/asdfr-30/ASDfR_3/build/ball_tracker -- -j3 -l3
[0.267s] [35m[1mConsolidate compiler generated dependencies of target ball_tracker[0m
[1.243s] [ 50%] [32mBuilding CXX object CMakeFiles/ball_tracker.dir/src/ball_tracker.cpp.o[0m
[15.705s] [01m[K/home/asdfr-30/ASDfR_3/src/ball_tracker/src/ball_tracker.cpp:[m[K In member function ‘[01m[Kvoid BallTracker::image_callback(sensor_msgs::msg::Image_<std::allocator<void> >::SharedPtr)[m[K’:
[15.707s] [01m[K/home/asdfr-30/ASDfR_3/src/ball_tracker/src/ball_tracker.cpp:83:13:[m[K [01;31m[Kerror: [m[K‘[01m[Ksize[m[K’ was not declared in this scope; did you mean ‘[01m[Kstd::size[m[K’?
[15.708s]    83 |       p.z = [01;31m[Ksize[m[K;  // Could be used for size filtering
[15.709s]       |             [01;31m[K^~~~[m[K
[15.710s]       |             [32m[Kstd::size[m[K
[15.712s] In file included from [01m[K/usr/include/c++/11/array:41[m[K,
[15.713s]                  from [01m[K/usr/include/c++/11/tuple:39[m[K,
[15.714s]                  from [01m[K/usr/include/c++/11/bits/unique_ptr.h:37[m[K,
[15.716s]                  from [01m[K/usr/include/c++/11/memory:76[m[K,
[15.717s]                  from [01m[K/opt/ros/humble/include/rclcpp/rclcpp/rclcpp.hpp:153[m[K,
[15.719s]                  from [01m[K/home/asdfr-30/ASDfR_3/src/ball_tracker/src/ball_tracker.cpp:1[m[K:
[15.720s] [01m[K/usr/include/c++/11/bits/range_access.h:254:5:[m[K [01;36m[Knote: [m[K‘[01m[Kstd::size[m[K’ declared here
[15.722s]   254 |     [01;36m[Ksize[m[K(const _Tp (&)[_Nm]) noexcept
[15.723s]       |     [01;36m[K^~~~[m[K
[25.928s] gmake[2]: *** [CMakeFiles/ball_tracker.dir/build.make:76: CMakeFiles/ball_tracker.dir/src/ball_tracker.cpp.o] Error 1
[25.929s] gmake[1]: *** [CMakeFiles/Makefile2:137: CMakeFiles/ball_tracker.dir/all] Error 2
[25.930s] gmake: *** [Makefile:146: all] Error 2
[25.934s] Invoked command in '/home/asdfr-30/ASDfR_3/build/ball_tracker' returned '2': CMAKE_PREFIX_PATH=${CMAKE_PREFIX_PATH}:/opt/ros/humble /usr/bin/cmake --build /home/asdfr-30/ASDfR_3/build/ball_tracker -- -j3 -l3
