[0.085s] Invoking command in '/home/asdfr-30/ASDfR_3/build/object_center': CMAKE_PREFIX_PATH=/opt/ros/humble /usr/bin/cmake --build /home/asdfr-30/ASDfR_3/build/object_center -- -j3 -l3
[0.398s] [100%] Built target object_center
[0.579s] Invoked command in '/home/asdfr-30/ASDfR_3/build/object_center' returned '0': CMAKE_PREFIX_PATH=/opt/ros/humble /usr/bin/cmake --build /home/asdfr-30/ASDfR_3/build/object_center -- -j3 -l3
[0.592s] Invoking command in '/home/asdfr-30/ASDfR_3/build/object_center': CMAKE_PREFIX_PATH=/opt/ros/humble /usr/bin/cmake --install /home/asdfr-30/ASDfR_3/build/object_center
[0.624s] -- Install configuration: ""
[0.627s] -- Up-to-date: /home/asdfr-30/ASDfR_3/install/object_center/lib/object_center/object_center
[0.628s] -- Up-to-date: /home/asdfr-30/ASDfR_3/install/object_center/share/ament_index/resource_index/package_run_dependencies/object_center
[0.646s] -- Up-to-date: /home/asdfr-30/ASDfR_3/install/object_center/share/ament_index/resource_index/parent_prefix_path/object_center
[0.649s] -- Up-to-date: /home/asdfr-30/ASDfR_3/install/object_center/share/object_center/environment/ament_prefix_path.sh
[0.652s] -- Up-to-date: /home/asdfr-30/ASDfR_3/install/object_center/share/object_center/environment/ament_prefix_path.dsv
[0.655s] -- Up-to-date: /home/asdfr-30/ASDfR_3/install/object_center/share/object_center/environment/path.sh
[0.658s] -- Up-to-date: /home/asdfr-30/ASDfR_3/install/object_center/share/object_center/environment/path.dsv
[0.668s] -- Up-to-date: /home/asdfr-30/ASDfR_3/install/object_center/share/object_center/local_setup.bash
[0.669s] -- Up-to-date: /home/asdfr-30/ASDfR_3/install/object_center/share/object_center/local_setup.sh
[0.677s] -- Up-to-date: /home/asdfr-30/ASDfR_3/install/object_center/share/object_center/local_setup.zsh
[0.702s] -- Up-to-date: /home/asdfr-30/ASDfR_3/install/object_center/share/object_center/local_setup.dsv
[0.704s] -- Installing: /home/asdfr-30/ASDfR_3/install/object_center/share/object_center/package.dsv
[0.723s] -- Up-to-date: /home/asdfr-30/ASDfR_3/install/object_center/share/ament_index/resource_index/packages/object_center
[0.733s] -- Up-to-date: /home/asdfr-30/ASDfR_3/install/object_center/share/object_center/cmake/object_centerConfig.cmake
[0.735s] -- Up-to-date: /home/asdfr-30/ASDfR_3/install/object_center/share/object_center/cmake/object_centerConfig-version.cmake
[0.736s] -- Up-to-date: /home/asdfr-30/ASDfR_3/install/object_center/share/object_center/package.xml
[0.761s] Invoked command in '/home/asdfr-30/ASDfR_3/build/object_center' returned '0': CMAKE_PREFIX_PATH=/opt/ros/humble /usr/bin/cmake --install /home/asdfr-30/ASDfR_3/build/object_center
