[0.135s] Invoking command in '/home/asdfr-30/ASDfR_3/build/cam2image_vm2ros': CMAKE_PREFIX_PATH=/opt/ros/humble /usr/bin/cmake --build /home/asdfr-30/ASDfR_3/build/cam2image_vm2ros -- -j3 -l3
[0.758s] [ 40%] Built target cam2image
[0.977s] [100%] Built target cam2image_vm2ros
[1.092s] Invoked command in '/home/asdfr-30/ASDfR_3/build/cam2image_vm2ros' returned '0': CMAKE_PREFIX_PATH=/opt/ros/humble /usr/bin/cmake --build /home/asdfr-30/ASDfR_3/build/cam2image_vm2ros -- -j3 -l3
[1.096s] Invoking command in '/home/asdfr-30/ASDfR_3/build/cam2image_vm2ros': CMAKE_PREFIX_PATH=/opt/ros/humble /usr/bin/cmake --install /home/asdfr-30/ASDfR_3/build/cam2image_vm2ros
[1.153s] -- Install configuration: ""
[1.155s] -- Up-to-date: /home/asdfr-30/ASDfR_3/install/cam2image_vm2ros/lib/cam2image_vm2ros/cam2image
[1.166s] -- Up-to-date: /home/asdfr-30/ASDfR_3/install/cam2image_vm2ros/lib/libcam2image_vm2ros.so
[1.167s] -- Up-to-date: /home/asdfr-30/ASDfR_3/install/cam2image_vm2ros/include/cam2image_vm2ros
[1.169s] -- Up-to-date: /home/asdfr-30/ASDfR_3/install/cam2image_vm2ros/include/cam2image_vm2ros/remote_capture.hpp
[1.170s] -- Up-to-date: /home/asdfr-30/ASDfR_3/install/cam2image_vm2ros/include/cam2image_vm2ros/cam2image.hpp
[1.171s] -- Up-to-date: /home/asdfr-30/ASDfR_3/install/cam2image_vm2ros/include/cam2image_vm2ros/visibility_control.h
[1.175s] -- Up-to-date: /home/asdfr-30/ASDfR_3/install/cam2image_vm2ros/include/cam2image_vm2ros/base64.hpp
[1.177s] -- Up-to-date: /home/asdfr-30/ASDfR_3/install/cam2image_vm2ros/share/cam2image_vm2ros/environment/library_path.sh
[1.179s] -- Up-to-date: /home/asdfr-30/ASDfR_3/install/cam2image_vm2ros/share/cam2image_vm2ros/environment/library_path.dsv
[1.180s] -- Up-to-date: /home/asdfr-30/ASDfR_3/install/cam2image_vm2ros/share/ament_index/resource_index/package_run_dependencies/cam2image_vm2ros
[1.198s] -- Up-to-date: /home/asdfr-30/ASDfR_3/install/cam2image_vm2ros/share/ament_index/resource_index/parent_prefix_path/cam2image_vm2ros
[1.199s] -- Up-to-date: /home/asdfr-30/ASDfR_3/install/cam2image_vm2ros/share/cam2image_vm2ros/environment/ament_prefix_path.sh
[1.214s] -- Up-to-date: /home/asdfr-30/ASDfR_3/install/cam2image_vm2ros/share/cam2image_vm2ros/environment/ament_prefix_path.dsv
[1.215s] -- Up-to-date: /home/asdfr-30/ASDfR_3/install/cam2image_vm2ros/share/cam2image_vm2ros/environment/path.sh
[1.217s] -- Up-to-date: /home/asdfr-30/ASDfR_3/install/cam2image_vm2ros/share/cam2image_vm2ros/environment/path.dsv
[1.218s] -- Up-to-date: /home/asdfr-30/ASDfR_3/install/cam2image_vm2ros/share/cam2image_vm2ros/local_setup.bash
[1.220s] -- Up-to-date: /home/asdfr-30/ASDfR_3/install/cam2image_vm2ros/share/cam2image_vm2ros/local_setup.sh
[1.250s] -- Up-to-date: /home/asdfr-30/ASDfR_3/install/cam2image_vm2ros/share/cam2image_vm2ros/local_setup.zsh
[1.251s] -- Up-to-date: /home/asdfr-30/ASDfR_3/install/cam2image_vm2ros/share/cam2image_vm2ros/local_setup.dsv
[1.256s] -- Installing: /home/asdfr-30/ASDfR_3/install/cam2image_vm2ros/share/cam2image_vm2ros/package.dsv
[1.262s] -- Up-to-date: /home/asdfr-30/ASDfR_3/install/cam2image_vm2ros/share/ament_index/resource_index/packages/cam2image_vm2ros
[1.263s] -- Up-to-date: /home/asdfr-30/ASDfR_3/install/cam2image_vm2ros/share/ament_index/resource_index/rclcpp_components/cam2image_vm2ros
[1.279s] -- Up-to-date: /home/asdfr-30/ASDfR_3/install/cam2image_vm2ros/share/cam2image_vm2ros/cmake/cam2image_vm2rosExport.cmake
[1.281s] -- Up-to-date: /home/asdfr-30/ASDfR_3/install/cam2image_vm2ros/share/cam2image_vm2ros/cmake/cam2image_vm2rosExport-noconfig.cmake
[1.286s] -- Up-to-date: /home/asdfr-30/ASDfR_3/install/cam2image_vm2ros/share/cam2image_vm2ros/cmake/ament_cmake_export_libraries-extras.cmake
[1.288s] -- Up-to-date: /home/asdfr-30/ASDfR_3/install/cam2image_vm2ros/share/cam2image_vm2ros/cmake/ament_cmake_export_targets-extras.cmake
[1.291s] -- Up-to-date: /home/asdfr-30/ASDfR_3/install/cam2image_vm2ros/share/cam2image_vm2ros/cmake/ament_cmake_export_dependencies-extras.cmake
[1.294s] -- Up-to-date: /home/asdfr-30/ASDfR_3/install/cam2image_vm2ros/share/cam2image_vm2ros/cmake/cam2image_vm2rosConfig.cmake
[1.295s] -- Up-to-date: /home/asdfr-30/ASDfR_3/install/cam2image_vm2ros/share/cam2image_vm2ros/cmake/cam2image_vm2rosConfig-version.cmake
[1.297s] -- Up-to-date: /home/asdfr-30/ASDfR_3/install/cam2image_vm2ros/share/cam2image_vm2ros/package.xml
[1.298s] Invoked command in '/home/asdfr-30/ASDfR_3/build/cam2image_vm2ros' returned '0': CMAKE_PREFIX_PATH=/opt/ros/humble /usr/bin/cmake --install /home/asdfr-30/ASDfR_3/build/cam2image_vm2ros
