[0.074s] Invoking command in '/home/asdfr-30/ASDfR_3/build/object_center': CMAKE_PREFIX_PATH=${CMAKE_PREFIX_PATH}:/opt/ros/humble /usr/bin/cmake --build /home/asdfr-30/ASDfR_3/build/object_center -- -j3 -l3
[0.425s] [100%] Built target object_center
[0.545s] Invoked command in '/home/asdfr-30/ASDfR_3/build/object_center' returned '0': CMAKE_PREFIX_PATH=${CMAKE_PREFIX_PATH}:/opt/ros/humble /usr/bin/cmake --build /home/asdfr-30/ASDfR_3/build/object_center -- -j3 -l3
[0.552s] Invoking command in '/home/asdfr-30/ASDfR_3/build/object_center': CMAKE_PREFIX_PATH=${CMAKE_PREFIX_PATH}:/opt/ros/humble /usr/bin/cmake --install /home/asdfr-30/ASDfR_3/build/object_center
[0.587s] -- Install configuration: ""
[0.588s] -- Up-to-date: /home/asdfr-30/ASDfR_3/install/object_center/lib/object_center/object_center
[0.590s] -- Up-to-date: /home/asdfr-30/ASDfR_3/install/object_center/share/ament_index/resource_index/package_run_dependencies/object_center
[0.591s] -- Up-to-date: /home/asdfr-30/ASDfR_3/install/object_center/share/ament_index/resource_index/parent_prefix_path/object_center
[0.592s] -- Up-to-date: /home/asdfr-30/ASDfR_3/install/object_center/share/object_center/environment/ament_prefix_path.sh
[0.593s] -- Up-to-date: /home/asdfr-30/ASDfR_3/install/object_center/share/object_center/environment/ament_prefix_path.dsv
[0.605s] -- Up-to-date: /home/asdfr-30/ASDfR_3/install/object_center/share/object_center/environment/path.sh
[0.609s] -- Up-to-date: /home/asdfr-30/ASDfR_3/install/object_center/share/object_center/environment/path.dsv
[0.612s] -- Up-to-date: /home/asdfr-30/ASDfR_3/install/object_center/share/object_center/local_setup.bash
[0.625s] -- Up-to-date: /home/asdfr-30/ASDfR_3/install/object_center/share/object_center/local_setup.sh
[0.627s] -- Up-to-date: /home/asdfr-30/ASDfR_3/install/object_center/share/object_center/local_setup.zsh
[0.628s] -- Up-to-date: /home/asdfr-30/ASDfR_3/install/object_center/share/object_center/local_setup.dsv
[0.629s] -- Installing: /home/asdfr-30/ASDfR_3/install/object_center/share/object_center/package.dsv
[0.630s] -- Up-to-date: /home/asdfr-30/ASDfR_3/install/object_center/share/ament_index/resource_index/packages/object_center
[0.631s] -- Up-to-date: /home/asdfr-30/ASDfR_3/install/object_center/share/object_center/cmake/object_centerConfig.cmake
[0.633s] -- Up-to-date: /home/asdfr-30/ASDfR_3/install/object_center/share/object_center/cmake/object_centerConfig-version.cmake
[0.647s] -- Up-to-date: /home/asdfr-30/ASDfR_3/install/object_center/share/object_center/package.xml
[0.648s] Invoked command in '/home/asdfr-30/ASDfR_3/build/object_center' returned '0': CMAKE_PREFIX_PATH=${CMAKE_PREFIX_PATH}:/opt/ros/humble /usr/bin/cmake --install /home/asdfr-30/ASDfR_3/build/object_center
