[0.065s] Invoking command in '/home/asdfr-30/ASDfR_3/build/sequence_controller': CMAKE_PREFIX_PATH=/home/asdfr-30/ASDfR_3/install/xrf2_msgs:/home/asdfr-30/ASDfR_3/install/sequence_controller:/home/asdfr-30/ASDfR_3/install/ros_xeno_bridge:/home/asdfr-30/ASDfR_3/install/relbot_simulator:/home/asdfr-30/ASDfR_3/install/cam2image_vm2ros:/home/asdfr-30/ASDfR_3/install/ball_tracker:/opt/ros/humble /usr/bin/cmake --build /home/asdfr-30/ASDfR_3/build/sequence_controller -- -j3 -l3
[0.267s] [100%] Built target sequence_controller
[0.317s] Invoked command in '/home/asdfr-30/ASDfR_3/build/sequence_controller' returned '0': CMAKE_PREFIX_PATH=/home/asdfr-30/ASDfR_3/install/xrf2_msgs:/home/asdfr-30/ASDfR_3/install/sequence_controller:/home/asdfr-30/ASDfR_3/install/ros_xeno_bridge:/home/asdfr-30/ASDfR_3/install/relbot_simulator:/home/asdfr-30/ASDfR_3/install/cam2image_vm2ros:/home/asdfr-30/ASDfR_3/install/ball_tracker:/opt/ros/humble /usr/bin/cmake --build /home/asdfr-30/ASDfR_3/build/sequence_controller -- -j3 -l3
[0.322s] Invoking command in '/home/asdfr-30/ASDfR_3/build/sequence_controller': CMAKE_PREFIX_PATH=/home/asdfr-30/ASDfR_3/install/xrf2_msgs:/home/asdfr-30/ASDfR_3/install/sequence_controller:/home/asdfr-30/ASDfR_3/install/ros_xeno_bridge:/home/asdfr-30/ASDfR_3/install/relbot_simulator:/home/asdfr-30/ASDfR_3/install/cam2image_vm2ros:/home/asdfr-30/ASDfR_3/install/ball_tracker:/opt/ros/humble /usr/bin/cmake --install /home/asdfr-30/ASDfR_3/build/sequence_controller
[0.376s] -- Install configuration: ""
[0.378s] -- Up-to-date: /home/asdfr-30/ASDfR_3/install/sequence_controller/lib/sequence_controller/sequence_controller
[0.407s] -- Up-to-date: /home/asdfr-30/ASDfR_3/install/sequence_controller/share/ament_index/resource_index/package_run_dependencies/sequence_controller
[0.410s] -- Up-to-date: /home/asdfr-30/ASDfR_3/install/sequence_controller/share/ament_index/resource_index/parent_prefix_path/sequence_controller
[0.411s] -- Up-to-date: /home/asdfr-30/ASDfR_3/install/sequence_controller/share/sequence_controller/environment/ament_prefix_path.sh
[0.413s] -- Up-to-date: /home/asdfr-30/ASDfR_3/install/sequence_controller/share/sequence_controller/environment/ament_prefix_path.dsv
[0.414s] -- Up-to-date: /home/asdfr-30/ASDfR_3/install/sequence_controller/share/sequence_controller/environment/path.sh
[0.444s] -- Up-to-date: /home/asdfr-30/ASDfR_3/install/sequence_controller/share/sequence_controller/environment/path.dsv
[0.445s] -- Up-to-date: /home/asdfr-30/ASDfR_3/install/sequence_controller/share/sequence_controller/local_setup.bash
[0.446s] -- Up-to-date: /home/asdfr-30/ASDfR_3/install/sequence_controller/share/sequence_controller/local_setup.sh
[0.448s] -- Up-to-date: /home/asdfr-30/ASDfR_3/install/sequence_controller/share/sequence_controller/local_setup.zsh
[0.449s] -- Up-to-date: /home/asdfr-30/ASDfR_3/install/sequence_controller/share/sequence_controller/local_setup.dsv
[0.450s] -- Installing: /home/asdfr-30/ASDfR_3/install/sequence_controller/share/sequence_controller/package.dsv
[0.452s] -- Up-to-date: /home/asdfr-30/ASDfR_3/install/sequence_controller/share/ament_index/resource_index/packages/sequence_controller
[0.453s] -- Up-to-date: /home/asdfr-30/ASDfR_3/install/sequence_controller/share/sequence_controller/cmake/sequence_controllerConfig.cmake
[0.454s] -- Up-to-date: /home/asdfr-30/ASDfR_3/install/sequence_controller/share/sequence_controller/cmake/sequence_controllerConfig-version.cmake
[0.468s] -- Up-to-date: /home/asdfr-30/ASDfR_3/install/sequence_controller/share/sequence_controller/package.xml
[0.469s] -- Up-to-date: /home/asdfr-30/ASDfR_3/install/sequence_controller/share/sequence_controller//launch
[0.470s] -- Up-to-date: /home/asdfr-30/ASDfR_3/install/sequence_controller/share/sequence_controller//launch/sequence_controller.launch.py
[0.471s] Invoked command in '/home/asdfr-30/ASDfR_3/build/sequence_controller' returned '0': CMAKE_PREFIX_PATH=/home/asdfr-30/ASDfR_3/install/xrf2_msgs:/home/asdfr-30/ASDfR_3/install/sequence_controller:/home/asdfr-30/ASDfR_3/install/ros_xeno_bridge:/home/asdfr-30/ASDfR_3/install/relbot_simulator:/home/asdfr-30/ASDfR_3/install/cam2image_vm2ros:/home/asdfr-30/ASDfR_3/install/ball_tracker:/opt/ros/humble /usr/bin/cmake --install /home/asdfr-30/ASDfR_3/build/sequence_controller
