[0.069s] Invoking command in '/home/asdfr-30/ASDfR_3/build/sequence_controller': CMAKE_PREFIX_PATH=/home/asdfr-30/ASDfR_3/install/xrf2_msgs:/home/asdfr-30/ASDfR_3/install/sequence_controller:/home/asdfr-30/ASDfR_3/install/ros_xeno_bridge:/home/asdfr-30/ASDfR_3/install/relbot_simulator:/home/asdfr-30/ASDfR_3/install/object_center:/home/asdfr-30/ASDfR_3/install/cam2image_vm2ros:/home/asdfr-30/ASDfR_3/install/brightness:/opt/ros/humble /usr/bin/cmake --build /home/asdfr-30/ASDfR_3/build/sequence_controller -- -j3 -l3
[0.208s] [35m[1mConsolidate compiler generated dependencies of target sequence_controller[0m
[0.635s] [100%] Built target sequence_controller
[0.671s] Invoked command in '/home/asdfr-30/ASDfR_3/build/sequence_controller' returned '0': CMAKE_PREFIX_PATH=/home/asdfr-30/ASDfR_3/install/xrf2_msgs:/home/asdfr-30/ASDfR_3/install/sequence_controller:/home/asdfr-30/ASDfR_3/install/ros_xeno_bridge:/home/asdfr-30/ASDfR_3/install/relbot_simulator:/home/asdfr-30/ASDfR_3/install/object_center:/home/asdfr-30/ASDfR_3/install/cam2image_vm2ros:/home/asdfr-30/ASDfR_3/install/brightness:/opt/ros/humble /usr/bin/cmake --build /home/asdfr-30/ASDfR_3/build/sequence_controller -- -j3 -l3
[0.674s] Invoking command in '/home/asdfr-30/ASDfR_3/build/sequence_controller': CMAKE_PREFIX_PATH=/home/asdfr-30/ASDfR_3/install/xrf2_msgs:/home/asdfr-30/ASDfR_3/install/sequence_controller:/home/asdfr-30/ASDfR_3/install/ros_xeno_bridge:/home/asdfr-30/ASDfR_3/install/relbot_simulator:/home/asdfr-30/ASDfR_3/install/object_center:/home/asdfr-30/ASDfR_3/install/cam2image_vm2ros:/home/asdfr-30/ASDfR_3/install/brightness:/opt/ros/humble /usr/bin/cmake --install /home/asdfr-30/ASDfR_3/build/sequence_controller
[0.699s] -- Install configuration: ""
[0.705s] -- Up-to-date: /home/asdfr-30/ASDfR_3/install/sequence_controller/lib/sequence_controller/sequence_controller
[0.708s] -- Up-to-date: /home/asdfr-30/ASDfR_3/install/sequence_controller/share/ament_index/resource_index/package_run_dependencies/sequence_controller
[0.711s] -- Up-to-date: /home/asdfr-30/ASDfR_3/install/sequence_controller/share/ament_index/resource_index/parent_prefix_path/sequence_controller
[0.715s] -- Up-to-date: /home/asdfr-30/ASDfR_3/install/sequence_controller/share/sequence_controller/environment/ament_prefix_path.sh
[0.719s] -- Up-to-date: /home/asdfr-30/ASDfR_3/install/sequence_controller/share/sequence_controller/environment/ament_prefix_path.dsv
[0.723s] -- Up-to-date: /home/asdfr-30/ASDfR_3/install/sequence_controller/share/sequence_controller/environment/path.sh
[0.727s] -- Up-to-date: /home/asdfr-30/ASDfR_3/install/sequence_controller/share/sequence_controller/environment/path.dsv
[0.732s] -- Up-to-date: /home/asdfr-30/ASDfR_3/install/sequence_controller/share/sequence_controller/local_setup.bash
[0.734s] -- Up-to-date: /home/asdfr-30/ASDfR_3/install/sequence_controller/share/sequence_controller/local_setup.sh
[0.735s] -- Up-to-date: /home/asdfr-30/ASDfR_3/install/sequence_controller/share/sequence_controller/local_setup.zsh
[0.736s] -- Up-to-date: /home/asdfr-30/ASDfR_3/install/sequence_controller/share/sequence_controller/local_setup.dsv
[0.737s] -- Installing: /home/asdfr-30/ASDfR_3/install/sequence_controller/share/sequence_controller/package.dsv
[0.738s] -- Up-to-date: /home/asdfr-30/ASDfR_3/install/sequence_controller/share/ament_index/resource_index/packages/sequence_controller
[0.739s] -- Up-to-date: /home/asdfr-30/ASDfR_3/install/sequence_controller/share/sequence_controller/cmake/sequence_controllerConfig.cmake
[0.740s] -- Up-to-date: /home/asdfr-30/ASDfR_3/install/sequence_controller/share/sequence_controller/cmake/sequence_controllerConfig-version.cmake
[0.742s] -- Up-to-date: /home/asdfr-30/ASDfR_3/install/sequence_controller/share/sequence_controller/package.xml
[0.753s] -- Up-to-date: /home/asdfr-30/ASDfR_3/install/sequence_controller/share/sequence_controller//launch
[0.754s] -- Up-to-date: /home/asdfr-30/ASDfR_3/install/sequence_controller/share/sequence_controller//launch/sequence_controller.launch.py
[0.756s] Invoked command in '/home/asdfr-30/ASDfR_3/build/sequence_controller' returned '0': CMAKE_PREFIX_PATH=/home/asdfr-30/ASDfR_3/install/xrf2_msgs:/home/asdfr-30/ASDfR_3/install/sequence_controller:/home/asdfr-30/ASDfR_3/install/ros_xeno_bridge:/home/asdfr-30/ASDfR_3/install/relbot_simulator:/home/asdfr-30/ASDfR_3/install/object_center:/home/asdfr-30/ASDfR_3/install/cam2image_vm2ros:/home/asdfr-30/ASDfR_3/install/brightness:/opt/ros/humble /usr/bin/cmake --install /home/asdfr-30/ASDfR_3/build/sequence_controller
