[35m[1mConsolidate compiler generated dependencies of target sequence_controller[0m
[ 50%] [32mBuilding CXX object CMakeFiles/sequence_controller.dir/src/sequence_controller.cpp.o[0m
[01m[K/home/asdfr-30/ASDfR_3/src/sequence_controller/src/sequence_controller.cpp:29:65:[m[K [01;31m[Kerror: [m[Kextended character   is not valid in an identifier
   29 |             std::bind(&SequenceController::handle_xeno_feedback,[01;31m[K [m[Kthis, _1));
      |                                                                 [01;31m[K^[m[K
[01m[K/home/asdfr-30/ASDfR_3/src/sequence_controller/src/sequence_controller.cpp:29:71:[m[K [01;31m[Kerror: [m[Kextended character   is not valid in an identifier
   29 |             std::bind(&SequenceController::handle_xeno_feedback, this,[01;31m[K [m[K_1));
      |                                                                       [01;31m[K^[m[K
[01m[K/home/asdfr-30/ASDfR_3/src/sequence_controller/src/sequence_controller.cpp:86:1:[m[K [01;31m[Kerror: [m[Kextended character   is not valid in an identifier
   86 | [01;31m[K [m[K   }
      | [01;31m[K^[m[K
[01m[K/home/asdfr-30/ASDfR_3/src/sequence_controller/src/sequence_controller.cpp:86:1:[m[K [01;31m[Kerror: [m[Kextended character   is not valid in an identifier
[01m[K/home/asdfr-30/ASDfR_3/src/sequence_controller/src/sequence_controller.cpp:86:1:[m[K [01;31m[Kerror: [m[Kextended character   is not valid in an identifier
[01m[K/home/asdfr-30/ASDfR_3/src/sequence_controller/src/sequence_controller.cpp:86:1:[m[K [01;31m[Kerror: [m[Kextended character   is not valid in an identifier
[01m[K/home/asdfr-30/ASDfR_3/src/sequence_controller/src/sequence_controller.cpp:[m[K In constructor ‘[01m[KSequenceController::SequenceController()[m[K’:
[01m[K/home/asdfr-30/ASDfR_3/src/sequence_controller/src/sequence_controller.cpp:27:9:[m[K [01;31m[Kerror: [m[K‘[01m[Ksubscription_xeno2ros_[m[K’ was not declared in this scope; did you mean ‘[01m[Ksubscription_light_pos_[m[K’?
   27 |         [01;31m[Ksubscription_xeno2ros_[m[K = this->create_subscription<xrf2_msgs::msg::Xeno2Ros>(
      |         [01;31m[K^~~~~~~~~~~~~~~~~~~~~~[m[K
      |         [32m[Ksubscription_light_pos_[m[K
[01m[K/home/asdfr-30/ASDfR_3/src/sequence_controller/src/sequence_controller.cpp:29:65:[m[K [01;31m[Kerror: [m[K‘[01m[K this[m[K’ was not declared in this scope; did you mean ‘[01m[Kthis[m[K’?
   29 |             std::bind(&SequenceController::handle_xeno_feedback,[01;31m[K this[m[K, _1));
      |                                                                 [01;31m[K^~~~~[m[K
      |                                                                 [32m[Kthis[m[K
[01m[K/home/asdfr-30/ASDfR_3/src/sequence_controller/src/sequence_controller.cpp:29:71:[m[K [01;31m[Kerror: [m[K‘[01m[K _1[m[K’ was not declared in this scope; did you mean ‘[01m[K_1[m[K’?
   29 |             std::bind(&SequenceController::handle_xeno_feedback, this,[01;31m[K _1[m[K));
      |                                                                       [01;31m[K^~~[m[K
      |                                                                       [32m[K_1[m[K
[01m[K/home/asdfr-30/ASDfR_3/src/sequence_controller/src/sequence_controller.cpp:[m[K In member function ‘[01m[Kvoid SequenceController::sequence_controller()[m[K’:
[01m[K/home/asdfr-30/ASDfR_3/src/sequence_controller/src/sequence_controller.cpp:66:16:[m[K [01;35m[Kwarning: [m[Kunused variable ‘[01m[Kencoder_left_[m[K’ [[01;35m[K]8;;https://gcc.gnu.org/onlinedocs/gcc/Warning-Options.html#index-Wunused-variable-Wunused-variable]8;;[m[K]
   66 |         double [01;35m[Kencoder_left_[m[K = 0.0;
      |                [01;35m[K^~~~~~~~~~~~~[m[K
[01m[K/home/asdfr-30/ASDfR_3/src/sequence_controller/src/sequence_controller.cpp:67:16:[m[K [01;35m[Kwarning: [m[Kunused variable ‘[01m[Kencoder_right_[m[K’ [[01;35m[K]8;;https://gcc.gnu.org/onlinedocs/gcc/Warning-Options.html#index-Wunused-variable-Wunused-variable]8;;[m[K]
   67 |         double [01;35m[Kencoder_right_[m[K = 0.0;
      |                [01;35m[K^~~~~~~~~~~~~~[m[K
[01m[K/home/asdfr-30/ASDfR_3/src/sequence_controller/src/sequence_controller.cpp:[m[K In member function ‘[01m[Kvoid SequenceController::handle_xeno_feedback(xrf2_msgs::msg::Xeno2Ros_<std::allocator<void> >::SharedPtr)[m[K’:
[01m[K/home/asdfr-30/ASDfR_3/src/sequence_controller/src/sequence_controller.cpp:84:9:[m[K [01;31m[Kerror: [m[K‘[01m[Kencoder_left_[m[K’ was not declared in this scope
   84 |         [01;31m[Kencoder_left_[m[K = msg->encoder_left;
      |         [01;31m[K^~~~~~~~~~~~~[m[K
[01m[K/home/asdfr-30/ASDfR_3/src/sequence_controller/src/sequence_controller.cpp:85:9:[m[K [01;31m[Kerror: [m[K‘[01m[Kencoder_right_[m[K’ was not declared in this scope
   85 |         [01;31m[Kencoder_right_[m[K = msg->encoder_right;
      |         [01;31m[K^~~~~~~~~~~~~~[m[K
[01m[K/home/asdfr-30/ASDfR_3/src/sequence_controller/src/sequence_controller.cpp:86:1:[m[K [01;31m[Kerror: [m[K‘[01m[K    [m[K’ was not declared in this scope
   86 | [01;31m[K    [m[K}
      | [01;31m[K^~~~[m[K
gmake[2]: *** [CMakeFiles/sequence_controller.dir/build.make:76: CMakeFiles/sequence_controller.dir/src/sequence_controller.cpp.o] Error 1
gmake[1]: *** [CMakeFiles/Makefile2:137: CMakeFiles/sequence_controller.dir/all] Error 2
gmake: *** [Makefile:146: all] Error 2
