[0.065s] Invoking command in '/home/asdfr-30/ASDfR_3/build/sequence_controller': CMAKE_PREFIX_PATH=/home/asdfr-30/ASDfR_3/install/xrf2_msgs:/home/asdfr-30/ASDfR_3/install/object_center:/home/asdfr-30/ASDfR_3/install/cam2image_vm2ros:/home/asdfr-30/ASDfR_3/install/brightness:/home/asdfr-30/ASDF/30-ASDfR/ASDfR_3/install/xrf2_msgs:/opt/ros/humble LD_LIBRARY_PATH=/home/asdfr-30/ASDfR_3/install/xrf2_msgs/lib:/home/asdfr-30/ASDfR_3/install/cam2image_vm2ros/lib:/home/asdfr-30/ASDF/30-ASDfR/ASDfR_3/install/xrf2_msgs/lib:/opt/ros/humble/opt/rviz_ogre_vendor/lib:/opt/ros/humble/lib/aarch64-linux-gnu:/opt/ros/humble/lib /usr/bin/cmake --build /home/asdfr-30/ASDfR_3/build/sequence_controller -- -j3 -l3
[0.538s] [35m[1mConsolidate compiler generated dependencies of target sequence_controller[0m
[1.069s] [ 50%] [32mBuilding CXX object CMakeFiles/sequence_controller.dir/src/sequence_controller.cpp.o[0m
[1.914s] [01m[K/home/asdfr-30/ASDfR_3/src/sequence_controller/src/sequence_controller.cpp:29:65:[m[K [01;31m[Kerror: [m[Kextended character   is not valid in an identifier
[1.917s]    29 |             std::bind(&SequenceController::handle_xeno_feedback,[01;31m[K [m[Kthis, _1));
[1.920s]       |                                                                 [01;31m[K^[m[K
[1.923s] [01m[K/home/asdfr-30/ASDfR_3/src/sequence_controller/src/sequence_controller.cpp:29:71:[m[K [01;31m[Kerror: [m[Kextended character   is not valid in an identifier
[1.928s]    29 |             std::bind(&SequenceController::handle_xeno_feedback, this,[01;31m[K [m[K_1));
[1.934s]       |                                                                       [01;31m[K^[m[K
[1.951s] [01m[K/home/asdfr-30/ASDfR_3/src/sequence_controller/src/sequence_controller.cpp:86:1:[m[K [01;31m[Kerror: [m[Kextended character   is not valid in an identifier
[1.954s]    86 | [01;31m[K [m[K   }
[1.957s]       | [01;31m[K^[m[K
[1.961s] [01m[K/home/asdfr-30/ASDfR_3/src/sequence_controller/src/sequence_controller.cpp:86:1:[m[K [01;31m[Kerror: [m[Kextended character   is not valid in an identifier
[1.964s] [01m[K/home/asdfr-30/ASDfR_3/src/sequence_controller/src/sequence_controller.cpp:86:1:[m[K [01;31m[Kerror: [m[Kextended character   is not valid in an identifier
[1.966s] [01m[K/home/asdfr-30/ASDfR_3/src/sequence_controller/src/sequence_controller.cpp:86:1:[m[K [01;31m[Kerror: [m[Kextended character   is not valid in an identifier
[14.647s] [01m[K/home/asdfr-30/ASDfR_3/src/sequence_controller/src/sequence_controller.cpp:[m[K In constructor ‘[01m[KSequenceController::SequenceController()[m[K’:
[14.651s] [01m[K/home/asdfr-30/ASDfR_3/src/sequence_controller/src/sequence_controller.cpp:27:9:[m[K [01;31m[Kerror: [m[K‘[01m[Ksubscription_xeno2ros_[m[K’ was not declared in this scope; did you mean ‘[01m[Ksubscription_light_pos_[m[K’?
[14.654s]    27 |         [01;31m[Ksubscription_xeno2ros_[m[K = this->create_subscription<xrf2_msgs::msg::Xeno2Ros>(
[14.658s]       |         [01;31m[K^~~~~~~~~~~~~~~~~~~~~~[m[K
[14.663s]       |         [32m[Ksubscription_light_pos_[m[K
[14.697s] [01m[K/home/asdfr-30/ASDfR_3/src/sequence_controller/src/sequence_controller.cpp:29:65:[m[K [01;31m[Kerror: [m[K‘[01m[K this[m[K’ was not declared in this scope; did you mean ‘[01m[Kthis[m[K’?
[14.701s]    29 |             std::bind(&SequenceController::handle_xeno_feedback,[01;31m[K this[m[K, _1));
[14.705s]       |                                                                 [01;31m[K^~~~~[m[K
[14.708s]       |                                                                 [32m[Kthis[m[K
[14.743s] [01m[K/home/asdfr-30/ASDfR_3/src/sequence_controller/src/sequence_controller.cpp:29:71:[m[K [01;31m[Kerror: [m[K‘[01m[K _1[m[K’ was not declared in this scope; did you mean ‘[01m[K_1[m[K’?
[14.748s]    29 |             std::bind(&SequenceController::handle_xeno_feedback, this,[01;31m[K _1[m[K));
[14.752s]       |                                                                       [01;31m[K^~~[m[K
[14.756s]       |                                                                       [32m[K_1[m[K
[15.043s] [01m[K/home/asdfr-30/ASDfR_3/src/sequence_controller/src/sequence_controller.cpp:[m[K In member function ‘[01m[Kvoid SequenceController::sequence_controller()[m[K’:
[15.048s] [01m[K/home/asdfr-30/ASDfR_3/src/sequence_controller/src/sequence_controller.cpp:66:16:[m[K [01;35m[Kwarning: [m[Kunused variable ‘[01m[Kencoder_left_[m[K’ [[01;35m[K]8;;https://gcc.gnu.org/onlinedocs/gcc/Warning-Options.html#index-Wunused-variable-Wunused-variable]8;;[m[K]
[15.053s]    66 |         double [01;35m[Kencoder_left_[m[K = 0.0;
[15.057s]       |                [01;35m[K^~~~~~~~~~~~~[m[K
[15.069s] [01m[K/home/asdfr-30/ASDfR_3/src/sequence_controller/src/sequence_controller.cpp:67:16:[m[K [01;35m[Kwarning: [m[Kunused variable ‘[01m[Kencoder_right_[m[K’ [[01;35m[K]8;;https://gcc.gnu.org/onlinedocs/gcc/Warning-Options.html#index-Wunused-variable-Wunused-variable]8;;[m[K]
[15.072s]    67 |         double [01;35m[Kencoder_right_[m[K = 0.0;
[15.076s]       |                [01;35m[K^~~~~~~~~~~~~~[m[K
[15.124s] [01m[K/home/asdfr-30/ASDfR_3/src/sequence_controller/src/sequence_controller.cpp:[m[K In member function ‘[01m[Kvoid SequenceController::handle_xeno_feedback(xrf2_msgs::msg::Xeno2Ros_<std::allocator<void> >::SharedPtr)[m[K’:
[15.130s] [01m[K/home/asdfr-30/ASDfR_3/src/sequence_controller/src/sequence_controller.cpp:84:9:[m[K [01;31m[Kerror: [m[K‘[01m[Kencoder_left_[m[K’ was not declared in this scope
[15.133s]    84 |         [01;31m[Kencoder_left_[m[K = msg->encoder_left;
[15.137s]       |         [01;31m[K^~~~~~~~~~~~~[m[K
[15.183s] [01m[K/home/asdfr-30/ASDfR_3/src/sequence_controller/src/sequence_controller.cpp:85:9:[m[K [01;31m[Kerror: [m[K‘[01m[Kencoder_right_[m[K’ was not declared in this scope
[15.186s]    85 |         [01;31m[Kencoder_right_[m[K = msg->encoder_right;
[15.190s]       |         [01;31m[K^~~~~~~~~~~~~~[m[K
[15.226s] [01m[K/home/asdfr-30/ASDfR_3/src/sequence_controller/src/sequence_controller.cpp:86:1:[m[K [01;31m[Kerror: [m[K‘[01m[K    [m[K’ was not declared in this scope
[15.230s]    86 | [01;31m[K    [m[K}
[15.233s]       | [01;31m[K^~~~[m[K
[28.196s] gmake[2]: *** [CMakeFiles/sequence_controller.dir/build.make:76: CMakeFiles/sequence_controller.dir/src/sequence_controller.cpp.o] Error 1
[28.203s] gmake[1]: *** [CMakeFiles/Makefile2:137: CMakeFiles/sequence_controller.dir/all] Error 2
[28.213s] gmake: *** [Makefile:146: all] Error 2
[28.218s] Invoked command in '/home/asdfr-30/ASDfR_3/build/sequence_controller' returned '2': CMAKE_PREFIX_PATH=/home/asdfr-30/ASDfR_3/install/xrf2_msgs:/home/asdfr-30/ASDfR_3/install/object_center:/home/asdfr-30/ASDfR_3/install/cam2image_vm2ros:/home/asdfr-30/ASDfR_3/install/brightness:/home/asdfr-30/ASDF/30-ASDfR/ASDfR_3/install/xrf2_msgs:/opt/ros/humble LD_LIBRARY_PATH=/home/asdfr-30/ASDfR_3/install/xrf2_msgs/lib:/home/asdfr-30/ASDfR_3/install/cam2image_vm2ros/lib:/home/asdfr-30/ASDF/30-ASDfR/ASDfR_3/install/xrf2_msgs/lib:/opt/ros/humble/opt/rviz_ogre_vendor/lib:/opt/ros/humble/lib/aarch64-linux-gnu:/opt/ros/humble/lib /usr/bin/cmake --build /home/asdfr-30/ASDfR_3/build/sequence_controller -- -j3 -l3
