[01m[K/home/asdfr-30/ASDfR_3/src/sequence_controller/src/sequence_controller.cpp:149:97:[m[K [01;31m[Kerror: [m[Kmacro "RCLCPP_INFO_THROTTLE" requires 4 arguments, but only 2 given
  149 |             RCLCPP_INFO_THROTTLE(this->get_logger(), "No valid/recent ball detection, stopping."[01;31m[K)[m[K;
      |                                                                                                 [01;31m[K^[m[K
In file included from [01m[K/opt/ros/humble/include/rclcpp/rclcpp/client.hpp:40[m[K,
                 from [01m[K/opt/ros/humble/include/rclcpp/rclcpp/callback_group.hpp:24[m[K,
                 from [01m[K/opt/ros/humble/include/rclcpp/rclcpp/any_executable.hpp:20[m[K,
                 from [01m[K/opt/ros/humble/include/rclcpp/rclcpp/memory_strategy.hpp:25[m[K,
                 from [01m[K/opt/ros/humble/include/rclcpp/rclcpp/memory_strategies.hpp:18[m[K,
                 from [01m[K/opt/ros/humble/include/rclcpp/rclcpp/executor_options.hpp:20[m[K,
                 from [01m[K/opt/ros/humble/include/rclcpp/rclcpp/executor.hpp:37[m[K,
                 from [01m[K/opt/ros/humble/include/rclcpp/rclcpp/executors/multi_threaded_executor.hpp:25[m[K,
                 from [01m[K/opt/ros/humble/include/rclcpp/rclcpp/executors.hpp:21[m[K,
                 from [01m[K/opt/ros/humble/include/rclcpp/rclcpp/rclcpp.hpp:155[m[K,
                 from [01m[K/home/asdfr-30/ASDfR_3/src/sequence_controller/src/sequence_controller.cpp:10[m[K:
[01m[K/opt/ros/humble/include/rclcpp/rclcpp/logging.hpp:649:[m[K [01;36m[Knote: [m[Kmacro "RCLCPP_INFO_THROTTLE" defined here
  649 | #define RCLCPP_INFO_THROTTLE(logger, clock, duration, ...) \
      | 
[01m[K/home/asdfr-30/ASDfR_3/src/sequence_controller/src/sequence_controller.cpp:[m[K In lambda function:
[01m[K/home/asdfr-30/ASDfR_3/src/sequence_controller/src/sequence_controller.cpp:137:13:[m[K [01;31m[Kerror: [m[Krequest for member ‘[01m[Know[m[K’ in ‘[01m[Kc[m[K’, which is of non-class type ‘[01m[Kconst char [76][m[K’
  137 |             [01;31m[KRCLCPP_INFO_THROTTLE[m[K(this->get_logger(),
      |             [01;31m[K^~~~~~~~~~~~~~~~~~~~[m[K
In file included from [01m[K/opt/ros/humble/include/rclcpp/rclcpp/logging.hpp:24[m[K,
                 from [01m[K/opt/ros/humble/include/rclcpp/rclcpp/client.hpp:40[m[K,
                 from [01m[K/opt/ros/humble/include/rclcpp/rclcpp/callback_group.hpp:24[m[K,
                 from [01m[K/opt/ros/humble/include/rclcpp/rclcpp/any_executable.hpp:20[m[K,
                 from [01m[K/opt/ros/humble/include/rclcpp/rclcpp/memory_strategy.hpp:25[m[K,
                 from [01m[K/opt/ros/humble/include/rclcpp/rclcpp/memory_strategies.hpp:18[m[K,
                 from [01m[K/opt/ros/humble/include/rclcpp/rclcpp/executor_options.hpp:20[m[K,
                 from [01m[K/opt/ros/humble/include/rclcpp/rclcpp/executor.hpp:37[m[K,
                 from [01m[K/opt/ros/humble/include/rclcpp/rclcpp/executors/multi_threaded_executor.hpp:25[m[K,
                 from [01m[K/opt/ros/humble/include/rclcpp/rclcpp/executors.hpp:21[m[K,
                 from [01m[K/opt/ros/humble/include/rclcpp/rclcpp/rclcpp.hpp:155[m[K,
                 from [01m[K/home/asdfr-30/ASDfR_3/src/sequence_controller/src/sequence_controller.cpp:10[m[K:
[01m[K/home/asdfr-30/ASDfR_3/src/sequence_controller/src/sequence_controller.cpp:[m[K In member function ‘[01m[Kvoid SequenceController::control_loop_callback()[m[K’:
[01m[K/home/asdfr-30/ASDfR_3/src/sequence_controller/src/sequence_controller.cpp:139:31:[m[K [01;31m[Kerror: [m[Kcannot convert ‘[01m[Kdouble[m[K’ to ‘[01m[Kconst char*[m[K’
  139 |                 light_pos_.x, [01;31m[Kerror_x[m[K, light_pos_.z, (target_size - light_pos_.z), turn_velocity_cmd, forward_velocity_cmd);
      |                               [01;31m[K^~~~~~~[m[K
      |                               [01;31m[K|[m[K
      |                               [01;31m[Kdouble[m[K
In file included from [01m[K/opt/ros/humble/include/rmw/rmw/types.h:28[m[K,
                 from [01m[K/opt/ros/humble/include/rcl/rcl/types.h:20[m[K,
                 from [01m[K/opt/ros/humble/include/rcl/rcl/log_level.h:22[m[K,
                 from [01m[K/opt/ros/humble/include/rcl/rcl/arguments.h:21[m[K,
                 from [01m[K/opt/ros/humble/include/rcl/rcl/context.h:28[m[K,
                 from [01m[K/opt/ros/humble/include/rcl/rcl/guard_condition.h:26[m[K,
                 from [01m[K/opt/ros/humble/include/rclcpp/rclcpp/executor.hpp:30[m[K,
                 from [01m[K/opt/ros/humble/include/rclcpp/rclcpp/executors/multi_threaded_executor.hpp:25[m[K,
                 from [01m[K/opt/ros/humble/include/rclcpp/rclcpp/executors.hpp:21[m[K,
                 from [01m[K/opt/ros/humble/include/rclcpp/rclcpp/rclcpp.hpp:155[m[K,
                 from [01m[K/home/asdfr-30/ASDfR_3/src/sequence_controller/src/sequence_controller.cpp:10[m[K:
[01m[K/opt/ros/humble/include/rcutils/rcutils/logging.h:479:16:[m[K [01;36m[Knote: [m[K  initializing argument 4 of ‘[01m[Kvoid rcutils_log(const rcutils_log_location_t*, int, const char*, const char*, ...)[m[K’
  479 |   [01;36m[Kconst char * format[m[K,
      |   [01;36m[K~~~~~~~~~~~~~^~~~~~[m[K
[01m[K/home/asdfr-30/ASDfR_3/src/sequence_controller/src/sequence_controller.cpp:149:13:[m[K [01;31m[Kerror: [m[K‘[01m[KRCLCPP_INFO_THROTTLE[m[K’ was not declared in this scope
  149 |             [01;31m[KRCLCPP_INFO_THROTTLE[m[K(this->get_logger(), "No valid/recent ball detection, stopping.");
      |             [01;31m[K^~~~~~~~~~~~~~~~~~~~[m[K
In file included from [01m[K/opt/ros/humble/include/rclcpp/rclcpp/client.hpp:40[m[K,
                 from [01m[K/opt/ros/humble/include/rclcpp/rclcpp/callback_group.hpp:24[m[K,
                 from [01m[K/opt/ros/humble/include/rclcpp/rclcpp/any_executable.hpp:20[m[K,
                 from [01m[K/opt/ros/humble/include/rclcpp/rclcpp/memory_strategy.hpp:25[m[K,
                 from [01m[K/opt/ros/humble/include/rclcpp/rclcpp/memory_strategies.hpp:18[m[K,
                 from [01m[K/opt/ros/humble/include/rclcpp/rclcpp/executor_options.hpp:20[m[K,
                 from [01m[K/opt/ros/humble/include/rclcpp/rclcpp/executor.hpp:37[m[K,
                 from [01m[K/opt/ros/humble/include/rclcpp/rclcpp/executors/multi_threaded_executor.hpp:25[m[K,
                 from [01m[K/opt/ros/humble/include/rclcpp/rclcpp/executors.hpp:21[m[K,
                 from [01m[K/opt/ros/humble/include/rclcpp/rclcpp/rclcpp.hpp:155[m[K,
                 from [01m[K/home/asdfr-30/ASDfR_3/src/sequence_controller/src/sequence_controller.cpp:10[m[K:
[01m[K/home/asdfr-30/ASDfR_3/src/sequence_controller/src/sequence_controller.cpp:[m[K In lambda function:
[01m[K/home/asdfr-30/ASDfR_3/src/sequence_controller/src/sequence_controller.cpp:156:9:[m[K [01;31m[Kerror: [m[Krequest for member ‘[01m[Know[m[K’ in ‘[01m[Kc[m[K’, which is of non-class type ‘[01m[Kconst char [41][m[K’
  156 |         [01;31m[KRCLCPP_INFO_THROTTLE[m[K(this->get_logger(), "Final Velocities - Left:%.2f, Right:%.2f", target_vel_left, target_vel_right);
      |         [01;31m[K^~~~~~~~~~~~~~~~~~~~[m[K
In file included from [01m[K/opt/ros/humble/include/rclcpp/rclcpp/logging.hpp:24[m[K,
                 from [01m[K/opt/ros/humble/include/rclcpp/rclcpp/client.hpp:40[m[K,
                 from [01m[K/opt/ros/humble/include/rclcpp/rclcpp/callback_group.hpp:24[m[K,
                 from [01m[K/opt/ros/humble/include/rclcpp/rclcpp/any_executable.hpp:20[m[K,
                 from [01m[K/opt/ros/humble/include/rclcpp/rclcpp/memory_strategy.hpp:25[m[K,
                 from [01m[K/opt/ros/humble/include/rclcpp/rclcpp/memory_strategies.hpp:18[m[K,
                 from [01m[K/opt/ros/humble/include/rclcpp/rclcpp/executor_options.hpp:20[m[K,
                 from [01m[K/opt/ros/humble/include/rclcpp/rclcpp/executor.hpp:37[m[K,
                 from [01m[K/opt/ros/humble/include/rclcpp/rclcpp/executors/multi_threaded_executor.hpp:25[m[K,
                 from [01m[K/opt/ros/humble/include/rclcpp/rclcpp/executors.hpp:21[m[K,
                 from [01m[K/opt/ros/humble/include/rclcpp/rclcpp/rclcpp.hpp:155[m[K,
                 from [01m[K/home/asdfr-30/ASDfR_3/src/sequence_controller/src/sequence_controller.cpp:10[m[K:
[01m[K/home/asdfr-30/ASDfR_3/src/sequence_controller/src/sequence_controller.cpp:[m[K In member function ‘[01m[Kvoid SequenceController::control_loop_callback()[m[K’:
[01m[K/home/asdfr-30/ASDfR_3/src/sequence_controller/src/sequence_controller.cpp:156:111:[m[K [01;31m[Kerror: [m[Kcannot convert ‘[01m[Kdouble[m[K’ to ‘[01m[Kconst char*[m[K’
  156 |         RCLCPP_INFO_THROTTLE(this->get_logger(), "Final Velocities - Left:%.2f, Right:%.2f", target_vel_left, [01;31m[Ktarget_vel_right[m[K);
      |                                                                                                               [01;31m[K^~~~~~~~~~~~~~~~[m[K
      |                                                                                                               [01;31m[K|[m[K
      |                                                                                                               [01;31m[Kdouble[m[K
In file included from [01m[K/opt/ros/humble/include/rmw/rmw/types.h:28[m[K,
                 from [01m[K/opt/ros/humble/include/rcl/rcl/types.h:20[m[K,
                 from [01m[K/opt/ros/humble/include/rcl/rcl/log_level.h:22[m[K,
                 from [01m[K/opt/ros/humble/include/rcl/rcl/arguments.h:21[m[K,
                 from [01m[K/opt/ros/humble/include/rcl/rcl/context.h:28[m[K,
                 from [01m[K/opt/ros/humble/include/rcl/rcl/guard_condition.h:26[m[K,
                 from [01m[K/opt/ros/humble/include/rclcpp/rclcpp/executor.hpp:30[m[K,
                 from [01m[K/opt/ros/humble/include/rclcpp/rclcpp/executors/multi_threaded_executor.hpp:25[m[K,
                 from [01m[K/opt/ros/humble/include/rclcpp/rclcpp/executors.hpp:21[m[K,
                 from [01m[K/opt/ros/humble/include/rclcpp/rclcpp/rclcpp.hpp:155[m[K,
                 from [01m[K/home/asdfr-30/ASDfR_3/src/sequence_controller/src/sequence_controller.cpp:10[m[K:
[01m[K/opt/ros/humble/include/rcutils/rcutils/logging.h:479:16:[m[K [01;36m[Knote: [m[K  initializing argument 4 of ‘[01m[Kvoid rcutils_log(const rcutils_log_location_t*, int, const char*, const char*, ...)[m[K’
  479 |   [01;36m[Kconst char * format[m[K,
      |   [01;36m[K~~~~~~~~~~~~~^~~~~~[m[K
gmake[2]: *** [CMakeFiles/sequence_controller.dir/build.make:76: CMakeFiles/sequence_controller.dir/src/sequence_controller.cpp.o] Error 1
gmake[1]: *** [CMakeFiles/Makefile2:137: CMakeFiles/sequence_controller.dir/all] Error 2
gmake: *** [Makefile:146: all] Error 2
