[0.031s] Invoking command in '/home/asdfr-30/ASDfR_3/build/sequence_controller': CMAKE_PREFIX_PATH=/home/asdfr-30/ASDfR_3/install/xrf2_msgs:/home/asdfr-30/ASDfR_3/install/sequence_controller:/home/asdfr-30/ASDfR_3/install/ros_xeno_bridge:/home/asdfr-30/ASDfR_3/install/relbot_simulator:/home/asdfr-30/ASDfR_3/install/object_center:/home/asdfr-30/ASDfR_3/install/cam2image_vm2ros:/home/asdfr-30/ASDfR_3/install/brightness:/opt/ros/humble /usr/bin/cmake --build /home/asdfr-30/ASDfR_3/build/sequence_controller -- -j3 -l3
[0.264s] [ 50%] [32mBuilding CXX object CMakeFiles/sequence_controller.dir/src/sequence_controller.cpp.o[0m
[1.013s] [01m[K/home/asdfr-30/ASDfR_3/src/sequence_controller/src/sequence_controller.cpp:149:97:[m[K [01;31m[Kerror: [m[Kmacro "RCLCPP_INFO_THROTTLE" requires 4 arguments, but only 2 given
[1.016s]   149 |             RCLCPP_INFO_THROTTLE(this->get_logger(), "No valid/recent ball detection, stopping."[01;31m[K)[m[K;
[1.019s]       |                                                                                                 [01;31m[K^[m[K
[1.022s] In file included from [01m[K/opt/ros/humble/include/rclcpp/rclcpp/client.hpp:40[m[K,
[1.025s]                  from [01m[K/opt/ros/humble/include/rclcpp/rclcpp/callback_group.hpp:24[m[K,
[1.028s]                  from [01m[K/opt/ros/humble/include/rclcpp/rclcpp/any_executable.hpp:20[m[K,
[1.032s]                  from [01m[K/opt/ros/humble/include/rclcpp/rclcpp/memory_strategy.hpp:25[m[K,
[1.035s]                  from [01m[K/opt/ros/humble/include/rclcpp/rclcpp/memory_strategies.hpp:18[m[K,
[1.038s]                  from [01m[K/opt/ros/humble/include/rclcpp/rclcpp/executor_options.hpp:20[m[K,
[1.041s]                  from [01m[K/opt/ros/humble/include/rclcpp/rclcpp/executor.hpp:37[m[K,
[1.044s]                  from [01m[K/opt/ros/humble/include/rclcpp/rclcpp/executors/multi_threaded_executor.hpp:25[m[K,
[1.047s]                  from [01m[K/opt/ros/humble/include/rclcpp/rclcpp/executors.hpp:21[m[K,
[1.051s]                  from [01m[K/opt/ros/humble/include/rclcpp/rclcpp/rclcpp.hpp:155[m[K,
[1.055s]                  from [01m[K/home/asdfr-30/ASDfR_3/src/sequence_controller/src/sequence_controller.cpp:10[m[K:
[1.059s] [01m[K/opt/ros/humble/include/rclcpp/rclcpp/logging.hpp:649:[m[K [01;36m[Knote: [m[Kmacro "RCLCPP_INFO_THROTTLE" defined here
[1.062s]   649 | #define RCLCPP_INFO_THROTTLE(logger, clock, duration, ...) \
[1.065s]       | 
[11.042s] [01m[K/home/asdfr-30/ASDfR_3/src/sequence_controller/src/sequence_controller.cpp:[m[K In lambda function:
[11.044s] [01m[K/home/asdfr-30/ASDfR_3/src/sequence_controller/src/sequence_controller.cpp:137:13:[m[K [01;31m[Kerror: [m[Krequest for member ‘[01m[Know[m[K’ in ‘[01m[Kc[m[K’, which is of non-class type ‘[01m[Kconst char [76][m[K’
[11.049s]   137 |             [01;31m[KRCLCPP_INFO_THROTTLE[m[K(this->get_logger(),
[11.056s]       |             [01;31m[K^~~~~~~~~~~~~~~~~~~~[m[K
[11.060s] In file included from [01m[K/opt/ros/humble/include/rclcpp/rclcpp/logging.hpp:24[m[K,
[11.063s]                  from [01m[K/opt/ros/humble/include/rclcpp/rclcpp/client.hpp:40[m[K,
[11.065s]                  from [01m[K/opt/ros/humble/include/rclcpp/rclcpp/callback_group.hpp:24[m[K,
[11.069s]                  from [01m[K/opt/ros/humble/include/rclcpp/rclcpp/any_executable.hpp:20[m[K,
[11.072s]                  from [01m[K/opt/ros/humble/include/rclcpp/rclcpp/memory_strategy.hpp:25[m[K,
[11.076s]                  from [01m[K/opt/ros/humble/include/rclcpp/rclcpp/memory_strategies.hpp:18[m[K,
[11.079s]                  from [01m[K/opt/ros/humble/include/rclcpp/rclcpp/executor_options.hpp:20[m[K,
[11.082s]                  from [01m[K/opt/ros/humble/include/rclcpp/rclcpp/executor.hpp:37[m[K,
[11.085s]                  from [01m[K/opt/ros/humble/include/rclcpp/rclcpp/executors/multi_threaded_executor.hpp:25[m[K,
[11.091s]                  from [01m[K/opt/ros/humble/include/rclcpp/rclcpp/executors.hpp:21[m[K,
[11.098s]                  from [01m[K/opt/ros/humble/include/rclcpp/rclcpp/rclcpp.hpp:155[m[K,
[11.101s]                  from [01m[K/home/asdfr-30/ASDfR_3/src/sequence_controller/src/sequence_controller.cpp:10[m[K:
[11.104s] [01m[K/home/asdfr-30/ASDfR_3/src/sequence_controller/src/sequence_controller.cpp:[m[K In member function ‘[01m[Kvoid SequenceController::control_loop_callback()[m[K’:
[11.107s] [01m[K/home/asdfr-30/ASDfR_3/src/sequence_controller/src/sequence_controller.cpp:139:31:[m[K [01;31m[Kerror: [m[Kcannot convert ‘[01m[Kdouble[m[K’ to ‘[01m[Kconst char*[m[K’
[11.111s]   139 |                 light_pos_.x, [01;31m[Kerror_x[m[K, light_pos_.z, (target_size - light_pos_.z), turn_velocity_cmd, forward_velocity_cmd);
[11.116s]       |                               [01;31m[K^~~~~~~[m[K
[11.119s]       |                               [01;31m[K|[m[K
[11.123s]       |                               [01;31m[Kdouble[m[K
[11.126s] In file included from [01m[K/opt/ros/humble/include/rmw/rmw/types.h:28[m[K,
[11.130s]                  from [01m[K/opt/ros/humble/include/rcl/rcl/types.h:20[m[K,
[11.133s]                  from [01m[K/opt/ros/humble/include/rcl/rcl/log_level.h:22[m[K,
[11.137s]                  from [01m[K/opt/ros/humble/include/rcl/rcl/arguments.h:21[m[K,
[11.140s]                  from [01m[K/opt/ros/humble/include/rcl/rcl/context.h:28[m[K,
[11.150s]                  from [01m[K/opt/ros/humble/include/rcl/rcl/guard_condition.h:26[m[K,
[11.153s]                  from [01m[K/opt/ros/humble/include/rclcpp/rclcpp/executor.hpp:30[m[K,
[11.157s]                  from [01m[K/opt/ros/humble/include/rclcpp/rclcpp/executors/multi_threaded_executor.hpp:25[m[K,
[11.160s]                  from [01m[K/opt/ros/humble/include/rclcpp/rclcpp/executors.hpp:21[m[K,
[11.163s]                  from [01m[K/opt/ros/humble/include/rclcpp/rclcpp/rclcpp.hpp:155[m[K,
[11.167s]                  from [01m[K/home/asdfr-30/ASDfR_3/src/sequence_controller/src/sequence_controller.cpp:10[m[K:
[11.170s] [01m[K/opt/ros/humble/include/rcutils/rcutils/logging.h:479:16:[m[K [01;36m[Knote: [m[K  initializing argument 4 of ‘[01m[Kvoid rcutils_log(const rcutils_log_location_t*, int, const char*, const char*, ...)[m[K’
[11.173s]   479 |   [01;36m[Kconst char * format[m[K,
[11.177s]       |   [01;36m[K~~~~~~~~~~~~~^~~~~~[m[K
[11.180s] [01m[K/home/asdfr-30/ASDfR_3/src/sequence_controller/src/sequence_controller.cpp:149:13:[m[K [01;31m[Kerror: [m[K‘[01m[KRCLCPP_INFO_THROTTLE[m[K’ was not declared in this scope
[11.183s]   149 |             [01;31m[KRCLCPP_INFO_THROTTLE[m[K(this->get_logger(), "No valid/recent ball detection, stopping.");
[11.187s]       |             [01;31m[K^~~~~~~~~~~~~~~~~~~~[m[K
[11.191s] In file included from [01m[K/opt/ros/humble/include/rclcpp/rclcpp/client.hpp:40[m[K,
[11.194s]                  from [01m[K/opt/ros/humble/include/rclcpp/rclcpp/callback_group.hpp:24[m[K,
[11.199s]                  from [01m[K/opt/ros/humble/include/rclcpp/rclcpp/any_executable.hpp:20[m[K,
[11.203s]                  from [01m[K/opt/ros/humble/include/rclcpp/rclcpp/memory_strategy.hpp:25[m[K,
[11.208s]                  from [01m[K/opt/ros/humble/include/rclcpp/rclcpp/memory_strategies.hpp:18[m[K,
[11.213s]                  from [01m[K/opt/ros/humble/include/rclcpp/rclcpp/executor_options.hpp:20[m[K,
[11.217s]                  from [01m[K/opt/ros/humble/include/rclcpp/rclcpp/executor.hpp:37[m[K,
[11.220s]                  from [01m[K/opt/ros/humble/include/rclcpp/rclcpp/executors/multi_threaded_executor.hpp:25[m[K,
[11.223s]                  from [01m[K/opt/ros/humble/include/rclcpp/rclcpp/executors.hpp:21[m[K,
[11.226s]                  from [01m[K/opt/ros/humble/include/rclcpp/rclcpp/rclcpp.hpp:155[m[K,
[11.230s]                  from [01m[K/home/asdfr-30/ASDfR_3/src/sequence_controller/src/sequence_controller.cpp:10[m[K:
[11.233s] [01m[K/home/asdfr-30/ASDfR_3/src/sequence_controller/src/sequence_controller.cpp:[m[K In lambda function:
[11.236s] [01m[K/home/asdfr-30/ASDfR_3/src/sequence_controller/src/sequence_controller.cpp:156:9:[m[K [01;31m[Kerror: [m[Krequest for member ‘[01m[Know[m[K’ in ‘[01m[Kc[m[K’, which is of non-class type ‘[01m[Kconst char [41][m[K’
[11.239s]   156 |         [01;31m[KRCLCPP_INFO_THROTTLE[m[K(this->get_logger(), "Final Velocities - Left:%.2f, Right:%.2f", target_vel_left, target_vel_right);
[11.242s]       |         [01;31m[K^~~~~~~~~~~~~~~~~~~~[m[K
[11.245s] In file included from [01m[K/opt/ros/humble/include/rclcpp/rclcpp/logging.hpp:24[m[K,
[11.248s]                  from [01m[K/opt/ros/humble/include/rclcpp/rclcpp/client.hpp:40[m[K,
[11.252s]                  from [01m[K/opt/ros/humble/include/rclcpp/rclcpp/callback_group.hpp:24[m[K,
[11.255s]                  from [01m[K/opt/ros/humble/include/rclcpp/rclcpp/any_executable.hpp:20[m[K,
[11.258s]                  from [01m[K/opt/ros/humble/include/rclcpp/rclcpp/memory_strategy.hpp:25[m[K,
[11.262s]                  from [01m[K/opt/ros/humble/include/rclcpp/rclcpp/memory_strategies.hpp:18[m[K,
[11.267s]                  from [01m[K/opt/ros/humble/include/rclcpp/rclcpp/executor_options.hpp:20[m[K,
[11.271s]                  from [01m[K/opt/ros/humble/include/rclcpp/rclcpp/executor.hpp:37[m[K,
[11.274s]                  from [01m[K/opt/ros/humble/include/rclcpp/rclcpp/executors/multi_threaded_executor.hpp:25[m[K,
[11.277s]                  from [01m[K/opt/ros/humble/include/rclcpp/rclcpp/executors.hpp:21[m[K,
[11.280s]                  from [01m[K/opt/ros/humble/include/rclcpp/rclcpp/rclcpp.hpp:155[m[K,
[11.284s]                  from [01m[K/home/asdfr-30/ASDfR_3/src/sequence_controller/src/sequence_controller.cpp:10[m[K:
[11.287s] [01m[K/home/asdfr-30/ASDfR_3/src/sequence_controller/src/sequence_controller.cpp:[m[K In member function ‘[01m[Kvoid SequenceController::control_loop_callback()[m[K’:
[11.293s] [01m[K/home/asdfr-30/ASDfR_3/src/sequence_controller/src/sequence_controller.cpp:156:111:[m[K [01;31m[Kerror: [m[Kcannot convert ‘[01m[Kdouble[m[K’ to ‘[01m[Kconst char*[m[K’
[11.296s]   156 |         RCLCPP_INFO_THROTTLE(this->get_logger(), "Final Velocities - Left:%.2f, Right:%.2f", target_vel_left, [01;31m[Ktarget_vel_right[m[K);
[11.300s]       |                                                                                                               [01;31m[K^~~~~~~~~~~~~~~~[m[K
[11.303s]       |                                                                                                               [01;31m[K|[m[K
[11.307s]       |                                                                                                               [01;31m[Kdouble[m[K
[11.310s] In file included from [01m[K/opt/ros/humble/include/rmw/rmw/types.h:28[m[K,
[11.316s]                  from [01m[K/opt/ros/humble/include/rcl/rcl/types.h:20[m[K,
[11.319s]                  from [01m[K/opt/ros/humble/include/rcl/rcl/log_level.h:22[m[K,
[11.322s]                  from [01m[K/opt/ros/humble/include/rcl/rcl/arguments.h:21[m[K,
[11.326s]                  from [01m[K/opt/ros/humble/include/rcl/rcl/context.h:28[m[K,
[11.329s]                  from [01m[K/opt/ros/humble/include/rcl/rcl/guard_condition.h:26[m[K,
[11.332s]                  from [01m[K/opt/ros/humble/include/rclcpp/rclcpp/executor.hpp:30[m[K,
[11.336s]                  from [01m[K/opt/ros/humble/include/rclcpp/rclcpp/executors/multi_threaded_executor.hpp:25[m[K,
[11.339s]                  from [01m[K/opt/ros/humble/include/rclcpp/rclcpp/executors.hpp:21[m[K,
[11.342s]                  from [01m[K/opt/ros/humble/include/rclcpp/rclcpp/rclcpp.hpp:155[m[K,
[11.345s]                  from [01m[K/home/asdfr-30/ASDfR_3/src/sequence_controller/src/sequence_controller.cpp:10[m[K:
[11.348s] [01m[K/opt/ros/humble/include/rcutils/rcutils/logging.h:479:16:[m[K [01;36m[Knote: [m[K  initializing argument 4 of ‘[01m[Kvoid rcutils_log(const rcutils_log_location_t*, int, const char*, const char*, ...)[m[K’
[11.352s]   479 |   [01;36m[Kconst char * format[m[K,
[11.355s]       |   [01;36m[K~~~~~~~~~~~~~^~~~~~[m[K
[25.265s] gmake[2]: *** [CMakeFiles/sequence_controller.dir/build.make:76: CMakeFiles/sequence_controller.dir/src/sequence_controller.cpp.o] Error 1
[25.266s] gmake[1]: *** [CMakeFiles/Makefile2:137: CMakeFiles/sequence_controller.dir/all] Error 2
[25.269s] gmake: *** [Makefile:146: all] Error 2
[25.274s] Invoked command in '/home/asdfr-30/ASDfR_3/build/sequence_controller' returned '2': CMAKE_PREFIX_PATH=/home/asdfr-30/ASDfR_3/install/xrf2_msgs:/home/asdfr-30/ASDfR_3/install/sequence_controller:/home/asdfr-30/ASDfR_3/install/ros_xeno_bridge:/home/asdfr-30/ASDfR_3/install/relbot_simulator:/home/asdfr-30/ASDfR_3/install/object_center:/home/asdfr-30/ASDfR_3/install/cam2image_vm2ros:/home/asdfr-30/ASDfR_3/install/brightness:/opt/ros/humble /usr/bin/cmake --build /home/asdfr-30/ASDfR_3/build/sequence_controller -- -j3 -l3
