[0.082s] Invoking command in '/home/asdfr-30/ASDfR_3/build/relbot_simulator': CMAKE_PREFIX_PATH=${CMAKE_PREFIX_PATH}:/opt/ros/humble /usr/bin/cmake --build /home/asdfr-30/ASDfR_3/build/relbot_simulator -- -j3 -l3
[0.335s] [35m[1mConsolidate compiler generated dependencies of target relbot_simulator[0m
[1.317s] [100%] Built target relbot_simulator
[1.380s] Invoked command in '/home/asdfr-30/ASDfR_3/build/relbot_simulator' returned '0': CMAKE_PREFIX_PATH=${CMAKE_PREFIX_PATH}:/opt/ros/humble /usr/bin/cmake --build /home/asdfr-30/ASDfR_3/build/relbot_simulator -- -j3 -l3
[1.390s] Invoking command in '/home/asdfr-30/ASDfR_3/build/relbot_simulator': CMAKE_PREFIX_PATH=${CMAKE_PREFIX_PATH}:/opt/ros/humble /usr/bin/cmake --install /home/asdfr-30/ASDfR_3/build/relbot_simulator
[1.426s] -- Install configuration: ""
[1.427s] -- Installing: /home/asdfr-30/ASDfR_3/install/relbot_simulator/lib/relbot_simulator/relbot_simulator
[1.797s] -- Set runtime path of "/home/asdfr-30/ASDfR_3/install/relbot_simulator/lib/relbot_simulator/relbot_simulator" to ""
[1.798s] -- Installing: /home/asdfr-30/ASDfR_3/install/relbot_simulator/include
[1.799s] -- Installing: /home/asdfr-30/ASDfR_3/install/relbot_simulator/include/xxmatrix.cpp
[1.801s] -- Installing: /home/asdfr-30/ASDfR_3/install/relbot_simulator/include/xxinteg.cpp
[1.806s] -- Installing: /home/asdfr-30/ASDfR_3/install/relbot_simulator/include/EulerAngles.cpp
[1.809s] -- Installing: /home/asdfr-30/ASDfR_3/install/relbot_simulator/include/EulerAngles.h
[1.811s] -- Installing: /home/asdfr-30/ASDfR_3/install/relbot_simulator/include/xxtypes.h
[1.818s] -- Installing: /home/asdfr-30/ASDfR_3/install/relbot_simulator/include/xxmodel.h
[1.823s] -- Installing: /home/asdfr-30/ASDfR_3/install/relbot_simulator/include/MotionProfiles.cpp
[1.830s] -- Installing: /home/asdfr-30/ASDfR_3/install/relbot_simulator/include/xxfuncs.h
[1.845s] -- Installing: /home/asdfr-30/ASDfR_3/install/relbot_simulator/include/xxfuncs.cpp
[1.855s] -- Installing: /home/asdfr-30/ASDfR_3/install/relbot_simulator/include/MotionProfiles.h
[1.856s] -- Installing: /home/asdfr-30/ASDfR_3/install/relbot_simulator/include/xxmatrix.h
[1.873s] -- Installing: /home/asdfr-30/ASDfR_3/install/relbot_simulator/include/xxinteg.h
[1.874s] -- Installing: /home/asdfr-30/ASDfR_3/install/relbot_simulator/include/xxinverse.cpp
[1.875s] -- Installing: /home/asdfr-30/ASDfR_3/install/relbot_simulator/include/xxinverse.h
[1.876s] -- Installing: /home/asdfr-30/ASDfR_3/install/relbot_simulator/share/ament_index/resource_index/package_run_dependencies/relbot_simulator
[1.885s] -- Installing: /home/asdfr-30/ASDfR_3/install/relbot_simulator/share/ament_index/resource_index/parent_prefix_path/relbot_simulator
[1.887s] -- Installing: /home/asdfr-30/ASDfR_3/install/relbot_simulator/share/relbot_simulator/environment/ament_prefix_path.sh
[1.888s] -- Installing: /home/asdfr-30/ASDfR_3/install/relbot_simulator/share/relbot_simulator/environment/ament_prefix_path.dsv
[1.889s] -- Installing: /home/asdfr-30/ASDfR_3/install/relbot_simulator/share/relbot_simulator/environment/path.sh
[1.890s] -- Installing: /home/asdfr-30/ASDfR_3/install/relbot_simulator/share/relbot_simulator/environment/path.dsv
[1.891s] -- Installing: /home/asdfr-30/ASDfR_3/install/relbot_simulator/share/relbot_simulator/local_setup.bash
[1.892s] -- Installing: /home/asdfr-30/ASDfR_3/install/relbot_simulator/share/relbot_simulator/local_setup.sh
[1.906s] -- Installing: /home/asdfr-30/ASDfR_3/install/relbot_simulator/share/relbot_simulator/local_setup.zsh
[1.907s] -- Installing: /home/asdfr-30/ASDfR_3/install/relbot_simulator/share/relbot_simulator/local_setup.dsv
[1.908s] -- Installing: /home/asdfr-30/ASDfR_3/install/relbot_simulator/share/relbot_simulator/package.dsv
[1.910s] -- Installing: /home/asdfr-30/ASDfR_3/install/relbot_simulator/share/ament_index/resource_index/packages/relbot_simulator
[1.911s] -- Installing: /home/asdfr-30/ASDfR_3/install/relbot_simulator/share/relbot_simulator/cmake/relbot_simulatorConfig.cmake
[1.912s] -- Installing: /home/asdfr-30/ASDfR_3/install/relbot_simulator/share/relbot_simulator/cmake/relbot_simulatorConfig-version.cmake
[1.914s] -- Installing: /home/asdfr-30/ASDfR_3/install/relbot_simulator/share/relbot_simulator/package.xml
[1.915s] -- Installing: /home/asdfr-30/ASDfR_3/install/relbot_simulator/share/relbot_simulator//launch
[1.916s] -- Installing: /home/asdfr-30/ASDfR_3/install/relbot_simulator/share/relbot_simulator//launch/relbot_simulator.launch.py
[1.934s] Invoked command in '/home/asdfr-30/ASDfR_3/build/relbot_simulator' returned '0': CMAKE_PREFIX_PATH=${CMAKE_PREFIX_PATH}:/opt/ros/humble /usr/bin/cmake --install /home/asdfr-30/ASDfR_3/build/relbot_simulator
