[0.115s] Invoking command in '/home/asdfr-30/ASDfR_3/build/relbot_simulator': CMAKE_PREFIX_PATH=${CMAKE_PREFIX_PATH}:/opt/ros/humble /usr/bin/cmake --build /home/asdfr-30/ASDfR_3/build/relbot_simulator -- -j3 -l3
[0.457s] [100%] Built target relbot_simulator
[0.587s] Invoked command in '/home/asdfr-30/ASDfR_3/build/relbot_simulator' returned '0': CMAKE_PREFIX_PATH=${CMAKE_PREFIX_PATH}:/opt/ros/humble /usr/bin/cmake --build /home/asdfr-30/ASDfR_3/build/relbot_simulator -- -j3 -l3
[0.599s] Invoking command in '/home/asdfr-30/ASDfR_3/build/relbot_simulator': CMAKE_PREFIX_PATH=${CMAKE_PREFIX_PATH}:/opt/ros/humble /usr/bin/cmake --install /home/asdfr-30/ASDfR_3/build/relbot_simulator
[0.639s] -- Install configuration: ""
[0.642s] -- Up-to-date: /home/asdfr-30/ASDfR_3/install/relbot_simulator/lib/relbot_simulator/relbot_simulator
[0.645s] -- Up-to-date: /home/asdfr-30/ASDfR_3/install/relbot_simulator/include
[0.648s] -- Up-to-date: /home/asdfr-30/ASDfR_3/install/relbot_simulator/include/xxmatrix.cpp
[0.666s] -- Up-to-date: /home/asdfr-30/ASDfR_3/install/relbot_simulator/include/xxinteg.cpp
[0.669s] -- Up-to-date: /home/asdfr-30/ASDfR_3/install/relbot_simulator/include/EulerAngles.cpp
[0.676s] -- Up-to-date: /home/asdfr-30/ASDfR_3/install/relbot_simulator/include/EulerAngles.h
[0.681s] -- Up-to-date: /home/asdfr-30/ASDfR_3/install/relbot_simulator/include/xxtypes.h
[0.694s] -- Up-to-date: /home/asdfr-30/ASDfR_3/install/relbot_simulator/include/xxmodel.h
[0.698s] -- Up-to-date: /home/asdfr-30/ASDfR_3/install/relbot_simulator/include/MotionProfiles.cpp
[0.703s] -- Up-to-date: /home/asdfr-30/ASDfR_3/install/relbot_simulator/include/xxfuncs.h
[0.710s] -- Up-to-date: /home/asdfr-30/ASDfR_3/install/relbot_simulator/include/xxfuncs.cpp
[0.716s] -- Up-to-date: /home/asdfr-30/ASDfR_3/install/relbot_simulator/include/MotionProfiles.h
[0.720s] -- Up-to-date: /home/asdfr-30/ASDfR_3/install/relbot_simulator/include/xxmatrix.h
[0.726s] -- Up-to-date: /home/asdfr-30/ASDfR_3/install/relbot_simulator/include/xxinteg.h
[0.732s] -- Up-to-date: /home/asdfr-30/ASDfR_3/install/relbot_simulator/include/xxinverse.cpp
[0.738s] -- Up-to-date: /home/asdfr-30/ASDfR_3/install/relbot_simulator/include/xxinverse.h
[0.742s] -- Up-to-date: /home/asdfr-30/ASDfR_3/install/relbot_simulator/share/ament_index/resource_index/package_run_dependencies/relbot_simulator
[0.746s] -- Up-to-date: /home/asdfr-30/ASDfR_3/install/relbot_simulator/share/ament_index/resource_index/parent_prefix_path/relbot_simulator
[0.751s] -- Up-to-date: /home/asdfr-30/ASDfR_3/install/relbot_simulator/share/relbot_simulator/environment/ament_prefix_path.sh
[0.755s] -- Up-to-date: /home/asdfr-30/ASDfR_3/install/relbot_simulator/share/relbot_simulator/environment/ament_prefix_path.dsv
[0.759s] -- Up-to-date: /home/asdfr-30/ASDfR_3/install/relbot_simulator/share/relbot_simulator/environment/path.sh
[0.763s] -- Up-to-date: /home/asdfr-30/ASDfR_3/install/relbot_simulator/share/relbot_simulator/environment/path.dsv
[0.766s] -- Up-to-date: /home/asdfr-30/ASDfR_3/install/relbot_simulator/share/relbot_simulator/local_setup.bash
[0.770s] -- Up-to-date: /home/asdfr-30/ASDfR_3/install/relbot_simulator/share/relbot_simulator/local_setup.sh
[0.773s] -- Up-to-date: /home/asdfr-30/ASDfR_3/install/relbot_simulator/share/relbot_simulator/local_setup.zsh
[0.777s] -- Up-to-date: /home/asdfr-30/ASDfR_3/install/relbot_simulator/share/relbot_simulator/local_setup.dsv
[0.782s] -- Installing: /home/asdfr-30/ASDfR_3/install/relbot_simulator/share/relbot_simulator/package.dsv
[0.786s] -- Up-to-date: /home/asdfr-30/ASDfR_3/install/relbot_simulator/share/ament_index/resource_index/packages/relbot_simulator
[0.791s] -- Up-to-date: /home/asdfr-30/ASDfR_3/install/relbot_simulator/share/relbot_simulator/cmake/relbot_simulatorConfig.cmake
[0.797s] -- Up-to-date: /home/asdfr-30/ASDfR_3/install/relbot_simulator/share/relbot_simulator/cmake/relbot_simulatorConfig-version.cmake
[0.802s] -- Up-to-date: /home/asdfr-30/ASDfR_3/install/relbot_simulator/share/relbot_simulator/package.xml
[0.806s] -- Up-to-date: /home/asdfr-30/ASDfR_3/install/relbot_simulator/share/relbot_simulator//launch
[0.812s] -- Up-to-date: /home/asdfr-30/ASDfR_3/install/relbot_simulator/share/relbot_simulator//launch/relbot_simulator.launch.py
[0.818s] Invoked command in '/home/asdfr-30/ASDfR_3/build/relbot_simulator' returned '0': CMAKE_PREFIX_PATH=${CMAKE_PREFIX_PATH}:/opt/ros/humble /usr/bin/cmake --install /home/asdfr-30/ASDfR_3/build/relbot_simulator
