[0.087s] Invoking command in '/home/asdfr-30/ASDfR_3/build/brightness': CMAKE_PREFIX_PATH=${CMAKE_PREFIX_PATH}:/opt/ros/humble /usr/bin/cmake --build /home/asdfr-30/ASDfR_3/build/brightness -- -j3 -l3
[0.386s] [100%] Built target brightness
[0.449s] Invoked command in '/home/asdfr-30/ASDfR_3/build/brightness' returned '0': CMAKE_PREFIX_PATH=${CMAKE_PREFIX_PATH}:/opt/ros/humble /usr/bin/cmake --build /home/asdfr-30/ASDfR_3/build/brightness -- -j3 -l3
[0.512s] Invoking command in '/home/asdfr-30/ASDfR_3/build/brightness': CMAKE_PREFIX_PATH=${CMAKE_PREFIX_PATH}:/opt/ros/humble /usr/bin/cmake --install /home/asdfr-30/ASDfR_3/build/brightness
[0.545s] -- Install configuration: ""
[0.547s] -- Up-to-date: /home/asdfr-30/ASDfR_3/install/brightness/lib/brightness/brightness
[0.549s] -- Up-to-date: /home/asdfr-30/ASDfR_3/install/brightness/share/ament_index/resource_index/package_run_dependencies/brightness
[0.550s] -- Up-to-date: /home/asdfr-30/ASDfR_3/install/brightness/share/ament_index/resource_index/parent_prefix_path/brightness
[0.552s] -- Up-to-date: /home/asdfr-30/ASDfR_3/install/brightness/share/brightness/environment/ament_prefix_path.sh
[0.554s] -- Up-to-date: /home/asdfr-30/ASDfR_3/install/brightness/share/brightness/environment/ament_prefix_path.dsv
[0.556s] -- Up-to-date: /home/asdfr-30/ASDfR_3/install/brightness/share/brightness/environment/path.sh
[0.559s] -- Up-to-date: /home/asdfr-30/ASDfR_3/install/brightness/share/brightness/environment/path.dsv
[0.568s] -- Up-to-date: /home/asdfr-30/ASDfR_3/install/brightness/share/brightness/local_setup.bash
[0.569s] -- Up-to-date: /home/asdfr-30/ASDfR_3/install/brightness/share/brightness/local_setup.sh
[0.571s] -- Up-to-date: /home/asdfr-30/ASDfR_3/install/brightness/share/brightness/local_setup.zsh
[0.600s] -- Up-to-date: /home/asdfr-30/ASDfR_3/install/brightness/share/brightness/local_setup.dsv
[0.601s] -- Installing: /home/asdfr-30/ASDfR_3/install/brightness/share/brightness/package.dsv
[0.602s] -- Up-to-date: /home/asdfr-30/ASDfR_3/install/brightness/share/ament_index/resource_index/packages/brightness
[0.604s] -- Up-to-date: /home/asdfr-30/ASDfR_3/install/brightness/share/brightness/cmake/brightnessConfig.cmake
[0.605s] -- Up-to-date: /home/asdfr-30/ASDfR_3/install/brightness/share/brightness/cmake/brightnessConfig-version.cmake
[0.612s] -- Up-to-date: /home/asdfr-30/ASDfR_3/install/brightness/share/brightness/package.xml
[0.614s] Invoked command in '/home/asdfr-30/ASDfR_3/build/brightness' returned '0': CMAKE_PREFIX_PATH=${CMAKE_PREFIX_PATH}:/opt/ros/humble /usr/bin/cmake --install /home/asdfr-30/ASDfR_3/build/brightness
