-- Found ament_cmake: 1.3.11 (/opt/ros/humble/share/ament_cmake/cmake)
-- Found rclcpp: 16.0.11 (/opt/ros/humble/share/rclcpp/cmake)
-- Found rosidl_generator_c: 3.1.6 (/opt/ros/humble/share/rosidl_generator_c/cmake)
-- Found rosidl_adapter: 3.1.6 (/opt/ros/humble/share/rosidl_adapter/cmake)
-- Found rosidl_generator_cpp: 3.1.6 (/opt/ros/humble/share/rosidl_generator_cpp/cmake)
-- Using all available rosidl_typesupport_c: rosidl_typesupport_fastrtps_c;rosidl_typesupport_introspection_c
-- Using all available rosidl_typesupport_cpp: rosidl_typesupport_fastrtps_cpp;rosidl_typesupport_introspection_cpp
-- Found rmw_implementation_cmake: 6.1.2 (/opt/ros/humble/share/rmw_implementation_cmake/cmake)
-- Found rmw_fastrtps_cpp: 6.2.7 (/opt/ros/humble/share/rmw_fastrtps_cpp/cmake)
-- Using RMW implementation 'rmw_fastrtps_cpp' as default
-- Found geometry_msgs: 4.2.4 (/opt/ros/humble/share/geometry_msgs/cmake)
-- Found xrf2_msgs: 0.0.0 (/home/asdfr-30/ASDfR_3/install/xrf2_msgs/share/xrf2_msgs/cmake)
-- Found ament_lint_auto: 0.12.11 (/opt/ros/humble/share/ament_lint_auto/cmake)
-- Added test 'cppcheck' to perform static code analysis on C / C++ code
-- Configured cppcheck include dirs: /home/asdfr-30/ASDfR_3/src/sequence_controller/include
-- Configured cppcheck exclude dirs and/or files: 
-- Added test 'flake8' to check Python code syntax and style conventions
-- Added test 'lint_cmake' to check CMake code style
-- Added test 'pep257' to check Python code against some of the docstring style conventions in PEP 257
-- Added test 'uncrustify' to check C / C++ code style
-- Configured uncrustify additional arguments: 
-- Added test 'xmllint' to check XML markup files
-- Configuring done
-- Generating done
-- Build files have been written to: /home/asdfr-30/ASDfR_3/build/sequence_controller
[ 50%] [32mBuilding CXX object CMakeFiles/sequence_controller.dir/src/sequence_controller.cpp.o[0m
[01m[K/home/asdfr-30/ASDfR_3/src/sequence_controller/src/sequence_controller.cpp:[m[K In member function ‘[01m[Kvoid SequenceController::control_loop_callback()[m[K’:
[01m[K/home/asdfr-30/ASDfR_3/src/sequence_controller/src/sequence_controller.cpp:90:33:[m[K [01;35m[Kwarning: [m[Kthis statement may fall through [[01;35m[K]8;;https://gcc.gnu.org/onlinedocs/gcc/Warning-Options.html#index-Wimplicit-fallthrough=-Wimplicit-fallthrough=]8;;[m[K]
   90 |             state_start_time_ = [01;35m[Know[m[K;
      |                                 [01;35m[K^~~[m[K
[01m[K/home/asdfr-30/ASDfR_3/src/sequence_controller/src/sequence_controller.cpp:92:9:[m[K [01;36m[Knote: [m[Khere
   92 |         [01;36m[Kcase[m[K RobotState::MOVING_FORWARD:
      |         [01;36m[K^~~~[m[K
[100%] [32m[1mLinking CXX executable sequence_controller[0m
/usr/bin/ld: CMakeFiles/sequence_controller.dir/src/sequence_controller.cpp.o: in function `SequenceController::SequenceController()':
sequence_controller.cpp:(.text+0x300): undefined reference to `SequenceController::xeno_feedback_callback(std::shared_ptr<xrf2_msgs::msg::Xeno2Ros_<std::allocator<void> > >)'
/usr/bin/ld: sequence_controller.cpp:(.text+0x304): undefined reference to `SequenceController::xeno_feedback_callback(std::shared_ptr<xrf2_msgs::msg::Xeno2Ros_<std::allocator<void> > >)'
collect2: error: ld returned 1 exit status
gmake[2]: *** [CMakeFiles/sequence_controller.dir/build.make:175: sequence_controller] Error 1
gmake[1]: *** [CMakeFiles/Makefile2:137: CMakeFiles/sequence_controller.dir/all] Error 2
gmake: *** [Makefile:146: all] Error 2
