[0.076s] Invoking command in '/home/asdfr-30/ASDfR_3/build/xrf2_msgs': CMAKE_PREFIX_PATH=${CMAKE_PREFIX_PATH}:/opt/ros/humble /usr/bin/cmake --build /home/asdfr-30/ASDfR_3/build/xrf2_msgs -- -j3 -l3
[0.294s] [ 10%] Built target xrf2_msgs__rosidl_generator_c
[0.418s] [ 10%] Built target ament_cmake_python_copy_xrf2_msgs
[0.436s] [ 12%] Built target xrf2_msgs__cpp
[0.551s] [ 23%] Built target xrf2_msgs__rosidl_typesupport_introspection_c
[0.563s] [ 33%] Built target xrf2_msgs__rosidl_typesupport_c
[0.587s] [ 43%] Built target xrf2_msgs__rosidl_typesupport_fastrtps_c
[0.731s] [ 53%] Built target xrf2_msgs__rosidl_typesupport_fastrtps_cpp
[0.749s] [ 64%] Built target xrf2_msgs__rosidl_typesupport_introspection_cpp
[0.843s] [ 74%] Built target xrf2_msgs__rosidl_typesupport_cpp
[0.904s] [ 74%] Built target xrf2_msgs
[0.968s] [ 76%] Built target xrf2_msgs__py
[1.039s] [ 84%] Built target xrf2_msgs__rosidl_generator_py
[1.170s] [ 89%] Built target xrf2_msgs__rosidl_typesupport_fastrtps_c__pyext
[1.209s] [ 94%] Built target xrf2_msgs__rosidl_typesupport_introspection_c__pyext
[1.417s] [100%] Built target xrf2_msgs__rosidl_typesupport_c__pyext
[2.409s] running egg_info
[2.415s] writing xrf2_msgs.egg-info/PKG-INFO
[2.419s] writing dependency_links to xrf2_msgs.egg-info/dependency_links.txt
[2.421s] writing top-level names to xrf2_msgs.egg-info/top_level.txt
[2.431s] reading manifest file 'xrf2_msgs.egg-info/SOURCES.txt'
[2.434s] writing manifest file 'xrf2_msgs.egg-info/SOURCES.txt'
[2.592s] [100%] Built target ament_cmake_python_build_xrf2_msgs_egg
[2.635s] Invoked command in '/home/asdfr-30/ASDfR_3/build/xrf2_msgs' returned '0': CMAKE_PREFIX_PATH=${CMAKE_PREFIX_PATH}:/opt/ros/humble /usr/bin/cmake --build /home/asdfr-30/ASDfR_3/build/xrf2_msgs -- -j3 -l3
[2.643s] Invoking command in '/home/asdfr-30/ASDfR_3/build/xrf2_msgs': CMAKE_PREFIX_PATH=${CMAKE_PREFIX_PATH}:/opt/ros/humble /usr/bin/cmake --install /home/asdfr-30/ASDfR_3/build/xrf2_msgs
[2.663s] -- Install configuration: ""
[2.666s] -- Up-to-date: /home/asdfr-30/ASDfR_3/install/xrf2_msgs/share/ament_index/resource_index/rosidl_interfaces/xrf2_msgs
[2.668s] -- Up-to-date: /home/asdfr-30/ASDfR_3/install/xrf2_msgs/include/xrf2_msgs/xrf2_msgs
[2.671s] -- Up-to-date: /home/asdfr-30/ASDfR_3/install/xrf2_msgs/include/xrf2_msgs/xrf2_msgs/msg
[2.674s] -- Up-to-date: /home/asdfr-30/ASDfR_3/install/xrf2_msgs/include/xrf2_msgs/xrf2_msgs/msg/rosidl_generator_c__visibility_control.h
[2.679s] -- Up-to-date: /home/asdfr-30/ASDfR_3/install/xrf2_msgs/include/xrf2_msgs/xrf2_msgs/msg/detail
[2.686s] -- Up-to-date: /home/asdfr-30/ASDfR_3/install/xrf2_msgs/include/xrf2_msgs/xrf2_msgs/msg/detail/xeno2_ros__type_support.h
[2.689s] -- Up-to-date: /home/asdfr-30/ASDfR_3/install/xrf2_msgs/include/xrf2_msgs/xrf2_msgs/msg/detail/xeno2_ros__functions.c
[2.691s] -- Up-to-date: /home/asdfr-30/ASDfR_3/install/xrf2_msgs/include/xrf2_msgs/xrf2_msgs/msg/detail/ros2_xeno__functions.c
[2.694s] -- Up-to-date: /home/asdfr-30/ASDfR_3/install/xrf2_msgs/include/xrf2_msgs/xrf2_msgs/msg/detail/ros2_xeno__type_support.h
[2.697s] -- Up-to-date: /home/asdfr-30/ASDfR_3/install/xrf2_msgs/include/xrf2_msgs/xrf2_msgs/msg/detail/xeno2_ros__struct.h
[2.700s] -- Up-to-date: /home/asdfr-30/ASDfR_3/install/xrf2_msgs/include/xrf2_msgs/xrf2_msgs/msg/detail/ros2_xeno__functions.h
[2.704s] -- Up-to-date: /home/asdfr-30/ASDfR_3/install/xrf2_msgs/include/xrf2_msgs/xrf2_msgs/msg/detail/xeno2_ros__functions.h
[2.707s] -- Up-to-date: /home/asdfr-30/ASDfR_3/install/xrf2_msgs/include/xrf2_msgs/xrf2_msgs/msg/detail/ros2_xeno__struct.h
[2.710s] -- Up-to-date: /home/asdfr-30/ASDfR_3/install/xrf2_msgs/include/xrf2_msgs/xrf2_msgs/msg/xeno2_ros.h
[2.715s] -- Up-to-date: /home/asdfr-30/ASDfR_3/install/xrf2_msgs/include/xrf2_msgs/xrf2_msgs/msg/ros2_xeno.h
[2.729s] -- Up-to-date: /home/asdfr-30/ASDfR_3/install/xrf2_msgs/share/xrf2_msgs/environment/library_path.sh
[2.733s] -- Up-to-date: /home/asdfr-30/ASDfR_3/install/xrf2_msgs/share/xrf2_msgs/environment/library_path.dsv
[2.736s] -- Up-to-date: /home/asdfr-30/ASDfR_3/install/xrf2_msgs/lib/libxrf2_msgs__rosidl_generator_c.so
[2.740s] -- Up-to-date: /home/asdfr-30/ASDfR_3/install/xrf2_msgs/include/xrf2_msgs/xrf2_msgs
[2.744s] -- Up-to-date: /home/asdfr-30/ASDfR_3/install/xrf2_msgs/include/xrf2_msgs/xrf2_msgs/msg
[2.748s] -- Up-to-date: /home/asdfr-30/ASDfR_3/install/xrf2_msgs/include/xrf2_msgs/xrf2_msgs/msg/rosidl_typesupport_fastrtps_c__visibility_control.h
[2.751s] -- Up-to-date: /home/asdfr-30/ASDfR_3/install/xrf2_msgs/include/xrf2_msgs/xrf2_msgs/msg/detail
[2.754s] -- Up-to-date: /home/asdfr-30/ASDfR_3/install/xrf2_msgs/include/xrf2_msgs/xrf2_msgs/msg/detail/ros2_xeno__rosidl_typesupport_fastrtps_c.h
[2.758s] -- Up-to-date: /home/asdfr-30/ASDfR_3/install/xrf2_msgs/include/xrf2_msgs/xrf2_msgs/msg/detail/xeno2_ros__rosidl_typesupport_fastrtps_c.h
[2.761s] -- Up-to-date: /home/asdfr-30/ASDfR_3/install/xrf2_msgs/lib/libxrf2_msgs__rosidl_typesupport_fastrtps_c.so
[2.764s] -- Up-to-date: /home/asdfr-30/ASDfR_3/install/xrf2_msgs/include/xrf2_msgs/xrf2_msgs
[2.767s] -- Up-to-date: /home/asdfr-30/ASDfR_3/install/xrf2_msgs/include/xrf2_msgs/xrf2_msgs/msg
[2.770s] -- Up-to-date: /home/asdfr-30/ASDfR_3/install/xrf2_msgs/include/xrf2_msgs/xrf2_msgs/msg/rosidl_typesupport_introspection_c__visibility_control.h
[2.774s] -- Up-to-date: /home/asdfr-30/ASDfR_3/install/xrf2_msgs/include/xrf2_msgs/xrf2_msgs/msg/detail
[2.777s] -- Up-to-date: /home/asdfr-30/ASDfR_3/install/xrf2_msgs/include/xrf2_msgs/xrf2_msgs/msg/detail/xeno2_ros__type_support.c
[2.780s] -- Up-to-date: /home/asdfr-30/ASDfR_3/install/xrf2_msgs/include/xrf2_msgs/xrf2_msgs/msg/detail/ros2_xeno__type_support.c
[2.783s] -- Up-to-date: /home/asdfr-30/ASDfR_3/install/xrf2_msgs/include/xrf2_msgs/xrf2_msgs/msg/detail/ros2_xeno__rosidl_typesupport_introspection_c.h
[2.786s] -- Up-to-date: /home/asdfr-30/ASDfR_3/install/xrf2_msgs/include/xrf2_msgs/xrf2_msgs/msg/detail/xeno2_ros__rosidl_typesupport_introspection_c.h
[2.802s] -- Up-to-date: /home/asdfr-30/ASDfR_3/install/xrf2_msgs/lib/libxrf2_msgs__rosidl_typesupport_introspection_c.so
[2.805s] -- Up-to-date: /home/asdfr-30/ASDfR_3/install/xrf2_msgs/lib/libxrf2_msgs__rosidl_typesupport_c.so
[2.809s] -- Up-to-date: /home/asdfr-30/ASDfR_3/install/xrf2_msgs/include/xrf2_msgs/xrf2_msgs
[2.813s] -- Up-to-date: /home/asdfr-30/ASDfR_3/install/xrf2_msgs/include/xrf2_msgs/xrf2_msgs/msg
[2.817s] -- Up-to-date: /home/asdfr-30/ASDfR_3/install/xrf2_msgs/include/xrf2_msgs/xrf2_msgs/msg/xeno2_ros.hpp
[2.820s] -- Up-to-date: /home/asdfr-30/ASDfR_3/install/xrf2_msgs/include/xrf2_msgs/xrf2_msgs/msg/detail
[2.824s] -- Up-to-date: /home/asdfr-30/ASDfR_3/install/xrf2_msgs/include/xrf2_msgs/xrf2_msgs/msg/detail/xeno2_ros__type_support.hpp
[2.827s] -- Up-to-date: /home/asdfr-30/ASDfR_3/install/xrf2_msgs/include/xrf2_msgs/xrf2_msgs/msg/detail/ros2_xeno__struct.hpp
[2.831s] -- Up-to-date: /home/asdfr-30/ASDfR_3/install/xrf2_msgs/include/xrf2_msgs/xrf2_msgs/msg/detail/ros2_xeno__builder.hpp
[2.835s] -- Up-to-date: /home/asdfr-30/ASDfR_3/install/xrf2_msgs/include/xrf2_msgs/xrf2_msgs/msg/detail/ros2_xeno__type_support.hpp
[2.838s] -- Up-to-date: /home/asdfr-30/ASDfR_3/install/xrf2_msgs/include/xrf2_msgs/xrf2_msgs/msg/detail/xeno2_ros__builder.hpp
[2.842s] -- Up-to-date: /home/asdfr-30/ASDfR_3/install/xrf2_msgs/include/xrf2_msgs/xrf2_msgs/msg/detail/xeno2_ros__traits.hpp
[2.853s] -- Up-to-date: /home/asdfr-30/ASDfR_3/install/xrf2_msgs/include/xrf2_msgs/xrf2_msgs/msg/detail/xeno2_ros__struct.hpp
[2.856s] -- Up-to-date: /home/asdfr-30/ASDfR_3/install/xrf2_msgs/include/xrf2_msgs/xrf2_msgs/msg/detail/ros2_xeno__traits.hpp
[2.861s] -- Up-to-date: /home/asdfr-30/ASDfR_3/install/xrf2_msgs/include/xrf2_msgs/xrf2_msgs/msg/ros2_xeno.hpp
[2.864s] -- Up-to-date: /home/asdfr-30/ASDfR_3/install/xrf2_msgs/include/xrf2_msgs/xrf2_msgs/msg/rosidl_generator_cpp__visibility_control.hpp
[2.867s] -- Up-to-date: /home/asdfr-30/ASDfR_3/install/xrf2_msgs/include/xrf2_msgs/xrf2_msgs
[2.870s] -- Up-to-date: /home/asdfr-30/ASDfR_3/install/xrf2_msgs/include/xrf2_msgs/xrf2_msgs/msg
[2.873s] -- Up-to-date: /home/asdfr-30/ASDfR_3/install/xrf2_msgs/include/xrf2_msgs/xrf2_msgs/msg/rosidl_typesupport_fastrtps_cpp__visibility_control.h
[2.877s] -- Up-to-date: /home/asdfr-30/ASDfR_3/install/xrf2_msgs/include/xrf2_msgs/xrf2_msgs/msg/detail
[2.880s] -- Up-to-date: /home/asdfr-30/ASDfR_3/install/xrf2_msgs/include/xrf2_msgs/xrf2_msgs/msg/detail/dds_fastrtps
[2.883s] -- Up-to-date: /home/asdfr-30/ASDfR_3/install/xrf2_msgs/include/xrf2_msgs/xrf2_msgs/msg/detail/xeno2_ros__rosidl_typesupport_fastrtps_cpp.hpp
[2.886s] -- Up-to-date: /home/asdfr-30/ASDfR_3/install/xrf2_msgs/include/xrf2_msgs/xrf2_msgs/msg/detail/ros2_xeno__rosidl_typesupport_fastrtps_cpp.hpp
[2.890s] -- Up-to-date: /home/asdfr-30/ASDfR_3/install/xrf2_msgs/lib/libxrf2_msgs__rosidl_typesupport_fastrtps_cpp.so
[2.897s] -- Up-to-date: /home/asdfr-30/ASDfR_3/install/xrf2_msgs/include/xrf2_msgs/xrf2_msgs
[2.904s] -- Up-to-date: /home/asdfr-30/ASDfR_3/install/xrf2_msgs/include/xrf2_msgs/xrf2_msgs/msg
[2.910s] -- Up-to-date: /home/asdfr-30/ASDfR_3/install/xrf2_msgs/include/xrf2_msgs/xrf2_msgs/msg/detail
[2.915s] -- Up-to-date: /home/asdfr-30/ASDfR_3/install/xrf2_msgs/include/xrf2_msgs/xrf2_msgs/msg/detail/xeno2_ros__type_support.cpp
[2.918s] -- Up-to-date: /home/asdfr-30/ASDfR_3/install/xrf2_msgs/include/xrf2_msgs/xrf2_msgs/msg/detail/xeno2_ros__rosidl_typesupport_introspection_cpp.hpp
[2.922s] -- Up-to-date: /home/asdfr-30/ASDfR_3/install/xrf2_msgs/include/xrf2_msgs/xrf2_msgs/msg/detail/ros2_xeno__rosidl_typesupport_introspection_cpp.hpp
[2.925s] -- Up-to-date: /home/asdfr-30/ASDfR_3/install/xrf2_msgs/include/xrf2_msgs/xrf2_msgs/msg/detail/ros2_xeno__type_support.cpp
[2.960s] -- Up-to-date: /home/asdfr-30/ASDfR_3/install/xrf2_msgs/lib/libxrf2_msgs__rosidl_typesupport_introspection_cpp.so
[2.964s] -- Up-to-date: /home/asdfr-30/ASDfR_3/install/xrf2_msgs/lib/libxrf2_msgs__rosidl_typesupport_cpp.so
[2.967s] -- Up-to-date: /home/asdfr-30/ASDfR_3/install/xrf2_msgs/share/xrf2_msgs/environment/pythonpath.sh
[2.980s] -- Up-to-date: /home/asdfr-30/ASDfR_3/install/xrf2_msgs/share/xrf2_msgs/environment/pythonpath.dsv
[2.992s] -- Up-to-date: /home/asdfr-30/ASDfR_3/install/xrf2_msgs/local/lib/python3.10/dist-packages/xrf2_msgs-0.0.0-py3.10.egg-info
[3.012s] -- Installing: /home/asdfr-30/ASDfR_3/install/xrf2_msgs/local/lib/python3.10/dist-packages/xrf2_msgs-0.0.0-py3.10.egg-info/top_level.txt
[3.014s] -- Installing: /home/asdfr-30/ASDfR_3/install/xrf2_msgs/local/lib/python3.10/dist-packages/xrf2_msgs-0.0.0-py3.10.egg-info/SOURCES.txt
[3.022s] -- Installing: /home/asdfr-30/ASDfR_3/install/xrf2_msgs/local/lib/python3.10/dist-packages/xrf2_msgs-0.0.0-py3.10.egg-info/PKG-INFO
[3.023s] -- Installing: /home/asdfr-30/ASDfR_3/install/xrf2_msgs/local/lib/python3.10/dist-packages/xrf2_msgs-0.0.0-py3.10.egg-info/dependency_links.txt
[3.025s] -- Up-to-date: /home/asdfr-30/ASDfR_3/install/xrf2_msgs/local/lib/python3.10/dist-packages/xrf2_msgs
[3.043s] -- Up-to-date: /home/asdfr-30/ASDfR_3/install/xrf2_msgs/local/lib/python3.10/dist-packages/xrf2_msgs/xrf2_msgs_s__rosidl_typesupport_introspection_c.cpython-310-aarch64-linux-gnu.so
[3.053s] -- Up-to-date: /home/asdfr-30/ASDfR_3/install/xrf2_msgs/local/lib/python3.10/dist-packages/xrf2_msgs/_xrf2_msgs_s.ep.rosidl_typesupport_c.c
[3.057s] -- Up-to-date: /home/asdfr-30/ASDfR_3/install/xrf2_msgs/local/lib/python3.10/dist-packages/xrf2_msgs/_xrf2_msgs_s.ep.rosidl_typesupport_introspection_c.c
[3.060s] -- Up-to-date: /home/asdfr-30/ASDfR_3/install/xrf2_msgs/local/lib/python3.10/dist-packages/xrf2_msgs/_xrf2_msgs_s.ep.rosidl_typesupport_fastrtps_c.c
[3.062s] -- Up-to-date: /home/asdfr-30/ASDfR_3/install/xrf2_msgs/local/lib/python3.10/dist-packages/xrf2_msgs/xrf2_msgs_s__rosidl_typesupport_fastrtps_c.cpython-310-aarch64-linux-gnu.so
[3.066s] -- Up-to-date: /home/asdfr-30/ASDfR_3/install/xrf2_msgs/local/lib/python3.10/dist-packages/xrf2_msgs/msg
[3.068s] -- Up-to-date: /home/asdfr-30/ASDfR_3/install/xrf2_msgs/local/lib/python3.10/dist-packages/xrf2_msgs/msg/_xeno2_ros_s.c
[3.073s] -- Up-to-date: /home/asdfr-30/ASDfR_3/install/xrf2_msgs/local/lib/python3.10/dist-packages/xrf2_msgs/msg/_ros2_xeno.py
[3.075s] -- Up-to-date: /home/asdfr-30/ASDfR_3/install/xrf2_msgs/local/lib/python3.10/dist-packages/xrf2_msgs/msg/__init__.py
[3.077s] -- Up-to-date: /home/asdfr-30/ASDfR_3/install/xrf2_msgs/local/lib/python3.10/dist-packages/xrf2_msgs/msg/_ros2_xeno_s.c
[3.081s] -- Up-to-date: /home/asdfr-30/ASDfR_3/install/xrf2_msgs/local/lib/python3.10/dist-packages/xrf2_msgs/msg/_xeno2_ros.py
[3.085s] -- Up-to-date: /home/asdfr-30/ASDfR_3/install/xrf2_msgs/local/lib/python3.10/dist-packages/xrf2_msgs/libxrf2_msgs__rosidl_generator_py.so
[3.088s] -- Up-to-date: /home/asdfr-30/ASDfR_3/install/xrf2_msgs/local/lib/python3.10/dist-packages/xrf2_msgs/xrf2_msgs_s__rosidl_typesupport_c.cpython-310-aarch64-linux-gnu.so
[3.089s] -- Up-to-date: /home/asdfr-30/ASDfR_3/install/xrf2_msgs/local/lib/python3.10/dist-packages/xrf2_msgs/__init__.py
[3.102s] Listing '/home/asdfr-30/ASDfR_3/install/xrf2_msgs/local/lib/python3.10/dist-packages/xrf2_msgs'...
[3.105s] Listing '/home/asdfr-30/ASDfR_3/install/xrf2_msgs/local/lib/python3.10/dist-packages/xrf2_msgs/msg'...
[3.110s] -- Up-to-date: /home/asdfr-30/ASDfR_3/install/xrf2_msgs/local/lib/python3.10/dist-packages/xrf2_msgs/xrf2_msgs_s__rosidl_typesupport_fastrtps_c.cpython-310-aarch64-linux-gnu.so
[3.113s] -- Up-to-date: /home/asdfr-30/ASDfR_3/install/xrf2_msgs/local/lib/python3.10/dist-packages/xrf2_msgs/xrf2_msgs_s__rosidl_typesupport_introspection_c.cpython-310-aarch64-linux-gnu.so
[3.116s] -- Up-to-date: /home/asdfr-30/ASDfR_3/install/xrf2_msgs/local/lib/python3.10/dist-packages/xrf2_msgs/xrf2_msgs_s__rosidl_typesupport_c.cpython-310-aarch64-linux-gnu.so
[3.119s] -- Up-to-date: /home/asdfr-30/ASDfR_3/install/xrf2_msgs/lib/libxrf2_msgs__rosidl_generator_py.so
[3.122s] -- Up-to-date: /home/asdfr-30/ASDfR_3/install/xrf2_msgs/share/xrf2_msgs/msg/Ros2Xeno.idl
[3.124s] -- Up-to-date: /home/asdfr-30/ASDfR_3/install/xrf2_msgs/share/xrf2_msgs/msg/Xeno2Ros.idl
[3.127s] -- Up-to-date: /home/asdfr-30/ASDfR_3/install/xrf2_msgs/share/xrf2_msgs/msg/Ros2Xeno.msg
[3.128s] -- Up-to-date: /home/asdfr-30/ASDfR_3/install/xrf2_msgs/share/xrf2_msgs/msg/Xeno2Ros.msg
[3.132s] -- Up-to-date: /home/asdfr-30/ASDfR_3/install/xrf2_msgs/share/ament_index/resource_index/package_run_dependencies/xrf2_msgs
[3.144s] -- Up-to-date: /home/asdfr-30/ASDfR_3/install/xrf2_msgs/share/ament_index/resource_index/parent_prefix_path/xrf2_msgs
[3.146s] -- Up-to-date: /home/asdfr-30/ASDfR_3/install/xrf2_msgs/share/xrf2_msgs/environment/ament_prefix_path.sh
[3.147s] -- Up-to-date: /home/asdfr-30/ASDfR_3/install/xrf2_msgs/share/xrf2_msgs/environment/ament_prefix_path.dsv
[3.150s] -- Up-to-date: /home/asdfr-30/ASDfR_3/install/xrf2_msgs/share/xrf2_msgs/environment/path.sh
[3.151s] -- Up-to-date: /home/asdfr-30/ASDfR_3/install/xrf2_msgs/share/xrf2_msgs/environment/path.dsv
[3.155s] -- Up-to-date: /home/asdfr-30/ASDfR_3/install/xrf2_msgs/share/xrf2_msgs/local_setup.bash
[3.156s] -- Up-to-date: /home/asdfr-30/ASDfR_3/install/xrf2_msgs/share/xrf2_msgs/local_setup.sh
[3.157s] -- Up-to-date: /home/asdfr-30/ASDfR_3/install/xrf2_msgs/share/xrf2_msgs/local_setup.zsh
[3.159s] -- Up-to-date: /home/asdfr-30/ASDfR_3/install/xrf2_msgs/share/xrf2_msgs/local_setup.dsv
[3.199s] -- Installing: /home/asdfr-30/ASDfR_3/install/xrf2_msgs/share/xrf2_msgs/package.dsv
[3.203s] -- Up-to-date: /home/asdfr-30/ASDfR_3/install/xrf2_msgs/share/ament_index/resource_index/packages/xrf2_msgs
[3.206s] -- Up-to-date: /home/asdfr-30/ASDfR_3/install/xrf2_msgs/share/xrf2_msgs/cmake/export_xrf2_msgs__rosidl_generator_cExport.cmake
[3.210s] -- Up-to-date: /home/asdfr-30/ASDfR_3/install/xrf2_msgs/share/xrf2_msgs/cmake/export_xrf2_msgs__rosidl_generator_cExport-noconfig.cmake
[3.211s] -- Up-to-date: /home/asdfr-30/ASDfR_3/install/xrf2_msgs/share/xrf2_msgs/cmake/export_xrf2_msgs__rosidl_typesupport_fastrtps_cExport.cmake
[3.226s] -- Up-to-date: /home/asdfr-30/ASDfR_3/install/xrf2_msgs/share/xrf2_msgs/cmake/export_xrf2_msgs__rosidl_typesupport_fastrtps_cExport-noconfig.cmake
[3.227s] -- Up-to-date: /home/asdfr-30/ASDfR_3/install/xrf2_msgs/share/xrf2_msgs/cmake/xrf2_msgs__rosidl_typesupport_introspection_cExport.cmake
[3.233s] -- Up-to-date: /home/asdfr-30/ASDfR_3/install/xrf2_msgs/share/xrf2_msgs/cmake/xrf2_msgs__rosidl_typesupport_introspection_cExport-noconfig.cmake
[3.235s] -- Up-to-date: /home/asdfr-30/ASDfR_3/install/xrf2_msgs/share/xrf2_msgs/cmake/xrf2_msgs__rosidl_typesupport_cExport.cmake
[3.245s] -- Up-to-date: /home/asdfr-30/ASDfR_3/install/xrf2_msgs/share/xrf2_msgs/cmake/xrf2_msgs__rosidl_typesupport_cExport-noconfig.cmake
[3.247s] -- Up-to-date: /home/asdfr-30/ASDfR_3/install/xrf2_msgs/share/xrf2_msgs/cmake/export_xrf2_msgs__rosidl_generator_cppExport.cmake
[3.251s] -- Up-to-date: /home/asdfr-30/ASDfR_3/install/xrf2_msgs/share/xrf2_msgs/cmake/export_xrf2_msgs__rosidl_typesupport_fastrtps_cppExport.cmake
[3.253s] -- Up-to-date: /home/asdfr-30/ASDfR_3/install/xrf2_msgs/share/xrf2_msgs/cmake/export_xrf2_msgs__rosidl_typesupport_fastrtps_cppExport-noconfig.cmake
[3.254s] -- Up-to-date: /home/asdfr-30/ASDfR_3/install/xrf2_msgs/share/xrf2_msgs/cmake/xrf2_msgs__rosidl_typesupport_introspection_cppExport.cmake
[3.258s] -- Up-to-date: /home/asdfr-30/ASDfR_3/install/xrf2_msgs/share/xrf2_msgs/cmake/xrf2_msgs__rosidl_typesupport_introspection_cppExport-noconfig.cmake
[3.260s] -- Up-to-date: /home/asdfr-30/ASDfR_3/install/xrf2_msgs/share/xrf2_msgs/cmake/xrf2_msgs__rosidl_typesupport_cppExport.cmake
[3.276s] -- Up-to-date: /home/asdfr-30/ASDfR_3/install/xrf2_msgs/share/xrf2_msgs/cmake/xrf2_msgs__rosidl_typesupport_cppExport-noconfig.cmake
[3.279s] -- Up-to-date: /home/asdfr-30/ASDfR_3/install/xrf2_msgs/share/xrf2_msgs/cmake/export_xrf2_msgs__rosidl_generator_pyExport.cmake
[3.281s] -- Up-to-date: /home/asdfr-30/ASDfR_3/install/xrf2_msgs/share/xrf2_msgs/cmake/export_xrf2_msgs__rosidl_generator_pyExport-noconfig.cmake
[3.289s] -- Up-to-date: /home/asdfr-30/ASDfR_3/install/xrf2_msgs/share/xrf2_msgs/cmake/rosidl_cmake-extras.cmake
[3.291s] -- Up-to-date: /home/asdfr-30/ASDfR_3/install/xrf2_msgs/share/xrf2_msgs/cmake/ament_cmake_export_include_directories-extras.cmake
[3.294s] -- Up-to-date: /home/asdfr-30/ASDfR_3/install/xrf2_msgs/share/xrf2_msgs/cmake/ament_cmake_export_libraries-extras.cmake
[3.296s] -- Up-to-date: /home/asdfr-30/ASDfR_3/install/xrf2_msgs/share/xrf2_msgs/cmake/ament_cmake_export_targets-extras.cmake
[3.298s] -- Up-to-date: /home/asdfr-30/ASDfR_3/install/xrf2_msgs/share/xrf2_msgs/cmake/rosidl_cmake_export_typesupport_targets-extras.cmake
[3.300s] -- Up-to-date: /home/asdfr-30/ASDfR_3/install/xrf2_msgs/share/xrf2_msgs/cmake/ament_cmake_export_dependencies-extras.cmake
[3.305s] -- Up-to-date: /home/asdfr-30/ASDfR_3/install/xrf2_msgs/share/xrf2_msgs/cmake/rosidl_cmake_export_typesupport_libraries-extras.cmake
[3.308s] -- Up-to-date: /home/asdfr-30/ASDfR_3/install/xrf2_msgs/share/xrf2_msgs/cmake/xrf2_msgsConfig.cmake
[3.314s] -- Up-to-date: /home/asdfr-30/ASDfR_3/install/xrf2_msgs/share/xrf2_msgs/cmake/xrf2_msgsConfig-version.cmake
[3.317s] -- Up-to-date: /home/asdfr-30/ASDfR_3/install/xrf2_msgs/share/xrf2_msgs/package.xml
[3.319s] Invoked command in '/home/asdfr-30/ASDfR_3/build/xrf2_msgs' returned '0': CMAKE_PREFIX_PATH=${CMAKE_PREFIX_PATH}:/opt/ros/humble /usr/bin/cmake --install /home/asdfr-30/ASDfR_3/build/xrf2_msgs
