[0.088s] Invoking command in '/home/asdfr-30/ASDfR_3/build/sequence_controller': CMAKE_PREFIX_PATH=/home/asdfr-30/ASDfR_3/install/xrf2_msgs:/home/asdfr-30/ASDfR_3/install/object_center:/home/asdfr-30/ASDfR_3/install/cam2image_vm2ros:/home/asdfr-30/ASDfR_3/install/brightness:/home/asdfr-30/ASDF/30-ASDfR/ASDfR_3/install/xrf2_msgs:/opt/ros/humble LD_LIBRARY_PATH=/home/asdfr-30/ASDfR_3/install/xrf2_msgs/lib:/home/asdfr-30/ASDfR_3/install/cam2image_vm2ros/lib:/home/asdfr-30/ASDF/30-ASDfR/ASDfR_3/install/xrf2_msgs/lib:/opt/ros/humble/opt/rviz_ogre_vendor/lib:/opt/ros/humble/lib/aarch64-linux-gnu:/opt/ros/humble/lib /usr/bin/cmake --build /home/asdfr-30/ASDfR_3/build/sequence_controller -- -j3 -l3
[0.264s] [35m[1mConsolidate compiler generated dependencies of target sequence_controller[0m
[0.695s] [ 50%] [32mBuilding CXX object CMakeFiles/sequence_controller.dir/src/sequence_controller.cpp.o[0m
[10.546s] [01m[K/home/asdfr-30/ASDfR_3/src/sequence_controller/src/sequence_controller.cpp:[m[K In constructor ‘[01m[KSequenceController::SequenceController()[m[K’:
[10.548s] [01m[K/home/asdfr-30/ASDfR_3/src/sequence_controller/src/sequence_controller.cpp:33:9:[m[K [01;31m[Kerror: [m[K‘[01m[Kpublisher_xenotest_[m[K’ was not declared in this scope; did you mean ‘[01m[Kpublisher_left_[m[K’?
[10.549s]    33 |         [01;31m[Kpublisher_xenotest_[m[K = this->create_publisher<xrf2_msgs::msg::Ros2Xeno>(
[10.551s]       |         [01;31m[K^~~~~~~~~~~~~~~~~~~[m[K
[10.552s]       |         [32m[Kpublisher_left_[m[K
[10.554s] [01m[K/home/asdfr-30/ASDfR_3/src/sequence_controller/src/sequence_controller.cpp:33:70:[m[K [01;31m[Kerror: [m[K‘[01m[KRos2Xeno[m[K’ is not a member of ‘[01m[Kxrf2_msgs::msg[m[K’
[10.555s]    33 |         publisher_xenotest_ = this->create_publisher<xrf2_msgs::msg::[01;31m[KRos2Xeno[m[K>(
[10.556s]       |                                                                      [01;31m[K^~~~~~~~[m[K
[10.557s] [01m[K/home/asdfr-30/ASDfR_3/src/sequence_controller/src/sequence_controller.cpp:33:79:[m[K [01;31m[Kerror: [m[Kno matching function for call to ‘[01m[KSequenceController::create_publisher<<expression error> >(const char [9], int)[m[K’
[10.559s]    33 |         publisher_xenotest_ = [01;31m[Kthis->create_publisher<xrf2_msgs::msg::Ros2Xeno>([m[K
[10.560s]       |                               [01;31m[K~~~~~~~~~~~~~~~~~~~~~~~~~~~~~~~~~~~~~~~~~~~~~~~~^[m[K
[10.561s]    34 | [01;31m[K            "xenotest", 10)[m[K;
[10.563s]       |             [01;31m[K~~~~~~~~~~~~~~~[m[K                                                    
[10.564s] In file included from [01m[K/opt/ros/humble/include/rclcpp/rclcpp/executors/single_threaded_executor.hpp:28[m[K,
[10.566s]                  from [01m[K/opt/ros/humble/include/rclcpp/rclcpp/executors.hpp:22[m[K,
[10.569s]                  from [01m[K/opt/ros/humble/include/rclcpp/rclcpp/rclcpp.hpp:155[m[K,
[10.571s]                  from [01m[K/home/asdfr-30/ASDfR_3/src/sequence_controller/src/sequence_controller.cpp:7[m[K:
[10.573s] [01m[K/opt/ros/humble/include/rclcpp/rclcpp/node.hpp:195:3:[m[K [01;36m[Knote: [m[Kcandidate: ‘[01m[Ktemplate<class MessageT, class AllocatorT, class PublisherT> std::shared_ptr<PublisherT> rclcpp::Node::create_publisher(const string&, const rclcpp::QoS&, const rclcpp::PublisherOptionsWithAllocator<AllocatorT>&)[m[K’
[10.574s]   195 |   [01;36m[Kcreate_publisher[m[K(
[10.575s]       |   [01;36m[K^~~~~~~~~~~~~~~~[m[K
[10.577s] [01m[K/opt/ros/humble/include/rclcpp/rclcpp/node.hpp:195:3:[m[K [01;36m[Knote: [m[K  template argument deduction/substitution failed:
[10.578s] [01m[K/home/asdfr-30/ASDfR_3/src/sequence_controller/src/sequence_controller.cpp:33:79:[m[K [01;31m[Kerror: [m[Ktemplate argument 1 is invalid
[10.579s]    33 |         publisher_xenotest_ = [01;31m[Kthis->create_publisher<xrf2_msgs::msg::Ros2Xeno>([m[K
[10.580s]       |                               [01;31m[K~~~~~~~~~~~~~~~~~~~~~~~~~~~~~~~~~~~~~~~~~~~~~~~~^[m[K
[10.582s]    34 | [01;31m[K            "xenotest", 10)[m[K;
[10.583s]       |             [01;31m[K~~~~~~~~~~~~~~~[m[K                                                    
[10.588s] [01m[K/home/asdfr-30/ASDfR_3/src/sequence_controller/src/sequence_controller.cpp:[m[K In member function ‘[01m[Kvoid SequenceController::sequence_controller()[m[K’:
[10.589s] [01m[K/home/asdfr-30/ASDfR_3/src/sequence_controller/src/sequence_controller.cpp:71:37:[m[K [01;31m[Kerror: [m[K‘[01m[KRos2Xeno[m[K’ is not a member of ‘[01m[Kxrf2_msgs::msg[m[K’
[10.592s]    71 |         auto test = xrf2_msgs::msg::[01;31m[KRos2Xeno[m[K();
[10.593s]       |                                     [01;31m[K^~~~~~~~[m[K
[10.624s] [01m[K/home/asdfr-30/ASDfR_3/src/sequence_controller/src/sequence_controller.cpp:77:9:[m[K [01;31m[Kerror: [m[K‘[01m[Kpublisher_xenotest_[m[K’ was not declared in this scope; did you mean ‘[01m[Kpublisher_left_[m[K’?
[10.625s]    77 |         [01;31m[Kpublisher_xenotest_[m[K->publish(test);
[10.627s]       |         [01;31m[K^~~~~~~~~~~~~~~~~~~[m[K
[10.629s]       |         [32m[Kpublisher_left_[m[K
[22.362s] gmake[2]: *** [CMakeFiles/sequence_controller.dir/build.make:76: CMakeFiles/sequence_controller.dir/src/sequence_controller.cpp.o] Error 1
[22.364s] gmake[1]: *** [CMakeFiles/Makefile2:137: CMakeFiles/sequence_controller.dir/all] Error 2
[22.365s] gmake: *** [Makefile:146: all] Error 2
[22.370s] Invoked command in '/home/asdfr-30/ASDfR_3/build/sequence_controller' returned '2': CMAKE_PREFIX_PATH=/home/asdfr-30/ASDfR_3/install/xrf2_msgs:/home/asdfr-30/ASDfR_3/install/object_center:/home/asdfr-30/ASDfR_3/install/cam2image_vm2ros:/home/asdfr-30/ASDfR_3/install/brightness:/home/asdfr-30/ASDF/30-ASDfR/ASDfR_3/install/xrf2_msgs:/opt/ros/humble LD_LIBRARY_PATH=/home/asdfr-30/ASDfR_3/install/xrf2_msgs/lib:/home/asdfr-30/ASDfR_3/install/cam2image_vm2ros/lib:/home/asdfr-30/ASDF/30-ASDfR/ASDfR_3/install/xrf2_msgs/lib:/opt/ros/humble/opt/rviz_ogre_vendor/lib:/opt/ros/humble/lib/aarch64-linux-gnu:/opt/ros/humble/lib /usr/bin/cmake --build /home/asdfr-30/ASDfR_3/build/sequence_controller -- -j3 -l3
