[0.083s] Invoking command in '/home/asdfr-30/ASDfR_3/build/xeno_loop': CMAKE_PREFIX_PATH=/home/asdfr-30/ASDfR_3/install/xrf2_msgs:/home/asdfr-30/ASDfR_3/install/sequence_controller:/home/asdfr-30/ASDfR_3/install/ros_xeno_bridge:/home/asdfr-30/ASDfR_3/install/relbot_simulator:/home/asdfr-30/ASDfR_3/install/cam2image_vm2ros:/home/asdfr-30/ASDfR_3/install/ball_tracker /usr/bin/cmake --build /home/asdfr-30/ASDfR_3/build/xeno_loop -- -j3 -l3
[0.256s] [35m[1mConsolidate compiler generated dependencies of target xeno_loop[0m
[1.337s] [  4%] [32mBuilding CXX object CMakeFiles/xeno_loop.dir/src/XenoLoopRunner.cpp.o[0m
[3.800s] [01m[K/home/asdfr-30/ASDfR_3/src/xeno_loop/src/XenoLoopRunner.cpp:[m[K In constructor ‘[01m[KXenoLoopRunner::XenoLoopRunner(uint, uint)[m[K’:
[3.801s] [01m[K/home/asdfr-30/ASDfR_3/src/xeno_loop/src/XenoLoopRunner.cpp:6:76:[m[K [01;31m[Kerror: [m[Kno matching function for call to ‘[01m[KXenoFrt20Sim::XenoFrt20Sim()[m[K’
[3.802s]     6 | XenoLoopRunner::XenoLoopRunner(uint write_decimator_freq, uint monitor_freq[01;31m[K)[m[K
[3.804s]       |                                                                            [01;31m[K^[m[K
[3.805s] In file included from [01m[K/home/asdfr-30/ASDfR_3/src/xeno_loop/include/XenoLoopRunner.hpp:5[m[K,
[3.806s]                  from [01m[K/home/asdfr-30/ASDfR_3/src/xeno_loop/src/XenoLoopRunner.cpp:2[m[K:
[3.808s] [01m[K/home/asdfr-30/ASDfR_3/src/xeno_loop/../XRF2/XenoRosFramework/Xenomai/include/XenoFrt20Sim.hpp:19:5:[m[K [01;36m[Knote: [m[Kcandidate: ‘[01m[KXenoFrt20Sim::XenoFrt20Sim(uint, uint, XenoFileHandler&, void*)[m[K’
[3.809s]    19 |     [01;36m[KXenoFrt20Sim[m[K(uint write_decimator_freq, uint monitor_freq, XenoFileHandler& _log_file_handler, void *data_to_be_logged_pntr);
[3.811s]       |     [01;36m[K^~~~~~~~~~~~[m[K
[3.812s] [01m[K/home/asdfr-30/ASDfR_3/src/xeno_loop/../XRF2/XenoRosFramework/Xenomai/include/XenoFrt20Sim.hpp:19:5:[m[K [01;36m[Knote: [m[K  candidate expects 4 arguments, 0 provided
[3.813s] [01m[K/home/asdfr-30/ASDfR_3/src/xeno_loop/../XRF2/XenoRosFramework/Xenomai/include/XenoFrt20Sim.hpp:16:7:[m[K [01;36m[Knote: [m[Kcandidate: ‘[01m[KXenoFrt20Sim::XenoFrt20Sim(const XenoFrt20Sim&)[m[K’
[3.815s]    16 | class [01;36m[KXenoFrt20Sim[m[K : public XenoFrtRosIco
[3.817s]       |       [01;36m[K^~~~~~~~~~~~[m[K
[3.819s] [01m[K/home/asdfr-30/ASDfR_3/src/xeno_loop/../XRF2/XenoRosFramework/Xenomai/include/XenoFrt20Sim.hpp:16:7:[m[K [01;36m[Knote: [m[K  candidate expects 1 argument, 0 provided
[4.152s] gmake[2]: *** [CMakeFiles/xeno_loop.dir/build.make:258: CMakeFiles/xeno_loop.dir/src/XenoLoopRunner.cpp.o] Error 1
[4.156s] gmake[1]: *** [CMakeFiles/Makefile2:137: CMakeFiles/xeno_loop.dir/all] Error 2
[4.160s] gmake: *** [Makefile:101: all] Error 2
[4.162s] Invoked command in '/home/asdfr-30/ASDfR_3/build/xeno_loop' returned '2': CMAKE_PREFIX_PATH=/home/asdfr-30/ASDfR_3/install/xrf2_msgs:/home/asdfr-30/ASDfR_3/install/sequence_controller:/home/asdfr-30/ASDfR_3/install/ros_xeno_bridge:/home/asdfr-30/ASDfR_3/install/relbot_simulator:/home/asdfr-30/ASDfR_3/install/cam2image_vm2ros:/home/asdfr-30/ASDfR_3/install/ball_tracker /usr/bin/cmake --build /home/asdfr-30/ASDfR_3/build/xeno_loop -- -j3 -l3
