[0.182s] Invoking command in '/home/asdfr-30/ASDfR_3/build/relbot_simulator': CMAKE_PREFIX_PATH=/opt/ros/humble /usr/bin/cmake --build /home/asdfr-30/ASDfR_3/build/relbot_simulator -- -j3 -l3
[0.387s] [100%] Built target relbot_simulator
[0.417s] Invoked command in '/home/asdfr-30/ASDfR_3/build/relbot_simulator' returned '0': CMAKE_PREFIX_PATH=/opt/ros/humble /usr/bin/cmake --build /home/asdfr-30/ASDfR_3/build/relbot_simulator -- -j3 -l3
[0.422s] Invoking command in '/home/asdfr-30/ASDfR_3/build/relbot_simulator': CMAKE_PREFIX_PATH=/opt/ros/humble /usr/bin/cmake --install /home/asdfr-30/ASDfR_3/build/relbot_simulator
[0.442s] -- Install configuration: ""
[0.443s] -- Up-to-date: /home/asdfr-30/ASDfR_3/install/relbot_simulator/lib/relbot_simulator/relbot_simulator
[0.444s] -- Up-to-date: /home/asdfr-30/ASDfR_3/install/relbot_simulator/include
[0.446s] -- Up-to-date: /home/asdfr-30/ASDfR_3/install/relbot_simulator/include/xxmatrix.cpp
[0.447s] -- Up-to-date: /home/asdfr-30/ASDfR_3/install/relbot_simulator/include/xxinteg.cpp
[0.448s] -- Up-to-date: /home/asdfr-30/ASDfR_3/install/relbot_simulator/include/EulerAngles.cpp
[0.450s] -- Up-to-date: /home/asdfr-30/ASDfR_3/install/relbot_simulator/include/EulerAngles.h
[0.452s] -- Up-to-date: /home/asdfr-30/ASDfR_3/install/relbot_simulator/include/xxtypes.h
[0.456s] -- Up-to-date: /home/asdfr-30/ASDfR_3/install/relbot_simulator/include/xxmodel.h
[0.457s] -- Up-to-date: /home/asdfr-30/ASDfR_3/install/relbot_simulator/include/MotionProfiles.cpp
[0.459s] -- Up-to-date: /home/asdfr-30/ASDfR_3/install/relbot_simulator/include/xxfuncs.h
[0.460s] -- Up-to-date: /home/asdfr-30/ASDfR_3/install/relbot_simulator/include/xxfuncs.cpp
[0.463s] -- Up-to-date: /home/asdfr-30/ASDfR_3/install/relbot_simulator/include/MotionProfiles.h
[0.466s] -- Up-to-date: /home/asdfr-30/ASDfR_3/install/relbot_simulator/include/xxmatrix.h
[0.468s] -- Up-to-date: /home/asdfr-30/ASDfR_3/install/relbot_simulator/include/xxinteg.h
[0.470s] -- Up-to-date: /home/asdfr-30/ASDfR_3/install/relbot_simulator/include/xxinverse.cpp
[0.472s] -- Up-to-date: /home/asdfr-30/ASDfR_3/install/relbot_simulator/include/xxinverse.h
[0.473s] -- Up-to-date: /home/asdfr-30/ASDfR_3/install/relbot_simulator/share/ament_index/resource_index/package_run_dependencies/relbot_simulator
[0.478s] -- Up-to-date: /home/asdfr-30/ASDfR_3/install/relbot_simulator/share/ament_index/resource_index/parent_prefix_path/relbot_simulator
[0.480s] -- Up-to-date: /home/asdfr-30/ASDfR_3/install/relbot_simulator/share/relbot_simulator/environment/ament_prefix_path.sh
[0.482s] -- Up-to-date: /home/asdfr-30/ASDfR_3/install/relbot_simulator/share/relbot_simulator/environment/ament_prefix_path.dsv
[0.484s] -- Up-to-date: /home/asdfr-30/ASDfR_3/install/relbot_simulator/share/relbot_simulator/environment/path.sh
[0.486s] -- Up-to-date: /home/asdfr-30/ASDfR_3/install/relbot_simulator/share/relbot_simulator/environment/path.dsv
[0.488s] -- Up-to-date: /home/asdfr-30/ASDfR_3/install/relbot_simulator/share/relbot_simulator/local_setup.bash
[0.490s] -- Up-to-date: /home/asdfr-30/ASDfR_3/install/relbot_simulator/share/relbot_simulator/local_setup.sh
[0.491s] -- Up-to-date: /home/asdfr-30/ASDfR_3/install/relbot_simulator/share/relbot_simulator/local_setup.zsh
[0.493s] -- Up-to-date: /home/asdfr-30/ASDfR_3/install/relbot_simulator/share/relbot_simulator/local_setup.dsv
[0.494s] -- Installing: /home/asdfr-30/ASDfR_3/install/relbot_simulator/share/relbot_simulator/package.dsv
[0.497s] -- Up-to-date: /home/asdfr-30/ASDfR_3/install/relbot_simulator/share/ament_index/resource_index/packages/relbot_simulator
[0.499s] -- Up-to-date: /home/asdfr-30/ASDfR_3/install/relbot_simulator/share/relbot_simulator/cmake/relbot_simulatorConfig.cmake
[0.500s] -- Up-to-date: /home/asdfr-30/ASDfR_3/install/relbot_simulator/share/relbot_simulator/cmake/relbot_simulatorConfig-version.cmake
[0.501s] -- Up-to-date: /home/asdfr-30/ASDfR_3/install/relbot_simulator/share/relbot_simulator/package.xml
[0.503s] -- Up-to-date: /home/asdfr-30/ASDfR_3/install/relbot_simulator/share/relbot_simulator//launch
[0.505s] -- Up-to-date: /home/asdfr-30/ASDfR_3/install/relbot_simulator/share/relbot_simulator//launch/relbot_simulator.launch.py
[0.508s] Invoked command in '/home/asdfr-30/ASDfR_3/build/relbot_simulator' returned '0': CMAKE_PREFIX_PATH=/opt/ros/humble /usr/bin/cmake --install /home/asdfr-30/ASDfR_3/build/relbot_simulator
