[0.071s] Invoking command in '/home/asdfr-30/ASDfR_3/build/xeno_loop': CMAKE_PREFIX_PATH=/home/asdfr-30/ASDfR_3/install/xrf2_msgs:/home/asdfr-30/ASDfR_3/install/sequence_controller:/home/asdfr-30/ASDfR_3/install/ros_xeno_bridge:/home/asdfr-30/ASDfR_3/install/relbot_simulator:/home/asdfr-30/ASDfR_3/install/cam2image_vm2ros:/home/asdfr-30/ASDfR_3/install/ball_tracker /usr/bin/cmake --build /home/asdfr-30/ASDfR_3/build/xeno_loop -- -j3 -l3
[0.232s] [35m[1mConsolidate compiler generated dependencies of target xeno_loop[0m
[1.277s] [  4%] [32mBuilding CXX object CMakeFiles/xeno_loop.dir/src/XenoLoopRunner.cpp.o[0m
[3.749s] [01m[K/home/asdfr-30/ASDfR_3/src/xeno_loop/src/XenoLoopRunner.cpp:[m[K In constructor ‘[01m[KXenoLoopRunner::XenoLoopRunner(uint, uint)[m[K’:
[3.750s] [01m[K/home/asdfr-30/ASDfR_3/src/xeno_loop/src/XenoLoopRunner.cpp:5:52:[m[K [01;31m[Kerror: [m[Kno matching function for call to ‘[01m[KXenoFrt20Sim::XenoFrt20Sim(uint&, uint&)[m[K’
[3.753s]     5 |     XenoFrt20Sim(write_decimator_freq, monitor_freq[01;31m[K)[m[K
[3.755s]       |                                                    [01;31m[K^[m[K
[3.757s] In file included from [01m[K/home/asdfr-30/ASDfR_3/src/xeno_loop/include/XenoLoopRunner.hpp:4[m[K,
[3.759s]                  from [01m[K/home/asdfr-30/ASDfR_3/src/xeno_loop/src/XenoLoopRunner.cpp:1[m[K:
[3.761s] [01m[K/home/asdfr-30/ASDfR_3/src/xeno_loop/../XRF2/XenoRosFramework/Xenomai/include/XenoFrt20Sim.hpp:19:5:[m[K [01;36m[Knote: [m[Kcandidate: ‘[01m[KXenoFrt20Sim::XenoFrt20Sim(uint, uint, XenoFileHandler&, void*)[m[K’
[3.762s]    19 |     [01;36m[KXenoFrt20Sim[m[K(uint write_decimator_freq, uint monitor_freq, XenoFileHandler& _log_file_handler, void *data_to_be_logged_pntr);
[3.763s]       |     [01;36m[K^~~~~~~~~~~~[m[K
[3.765s] [01m[K/home/asdfr-30/ASDfR_3/src/xeno_loop/../XRF2/XenoRosFramework/Xenomai/include/XenoFrt20Sim.hpp:19:5:[m[K [01;36m[Knote: [m[K  candidate expects 4 arguments, 2 provided
[3.766s] [01m[K/home/asdfr-30/ASDfR_3/src/xeno_loop/../XRF2/XenoRosFramework/Xenomai/include/XenoFrt20Sim.hpp:16:7:[m[K [01;36m[Knote: [m[Kcandidate: ‘[01m[KXenoFrt20Sim::XenoFrt20Sim(const XenoFrt20Sim&)[m[K’
[3.767s]    16 | class [01;36m[KXenoFrt20Sim[m[K : public XenoFrtRosIco
[3.770s]       |       [01;36m[K^~~~~~~~~~~~[m[K
[3.772s] [01m[K/home/asdfr-30/ASDfR_3/src/xeno_loop/../XRF2/XenoRosFramework/Xenomai/include/XenoFrt20Sim.hpp:16:7:[m[K [01;36m[Knote: [m[K  candidate expects 1 argument, 2 provided
[3.774s] [01m[K/home/asdfr-30/ASDfR_3/src/xeno_loop/src/XenoLoopRunner.cpp:[m[K In member function ‘[01m[Kvirtual int XenoLoopRunner::initialised()[m[K’:
[3.775s] [01m[K/home/asdfr-30/ASDfR_3/src/xeno_loop/src/XenoLoopRunner.cpp:58:21:[m[K [01;31m[Kerror: [m[Kexpected primary-expression before ‘[01m[K=[m[K’ token
[3.777s]    58 |          return -1; [01;31m[K=[m[K
[3.780s]       |                     [01;31m[K^[m[K
[3.783s] [01m[K/home/asdfr-30/ASDfR_3/src/xeno_loop/src/XenoLoopRunner.cpp:59:5:[m[K [01;31m[Kerror: [m[Kexpected primary-expression before ‘[01m[K}[m[K’ token
[3.785s]    59 |     [01;31m[K}[m[K
[3.787s]       |     [01;31m[K^[m[K
[4.109s] gmake[2]: *** [CMakeFiles/xeno_loop.dir/build.make:258: CMakeFiles/xeno_loop.dir/src/XenoLoopRunner.cpp.o] Error 1
[4.113s] gmake[1]: *** [CMakeFiles/Makefile2:137: CMakeFiles/xeno_loop.dir/all] Error 2
[4.120s] gmake: *** [Makefile:101: all] Error 2
[4.122s] Invoked command in '/home/asdfr-30/ASDfR_3/build/xeno_loop' returned '2': CMAKE_PREFIX_PATH=/home/asdfr-30/ASDfR_3/install/xrf2_msgs:/home/asdfr-30/ASDfR_3/install/sequence_controller:/home/asdfr-30/ASDfR_3/install/ros_xeno_bridge:/home/asdfr-30/ASDfR_3/install/relbot_simulator:/home/asdfr-30/ASDfR_3/install/cam2image_vm2ros:/home/asdfr-30/ASDfR_3/install/ball_tracker /usr/bin/cmake --build /home/asdfr-30/ASDfR_3/build/xeno_loop -- -j3 -l3
