[0.082s] Invoking command in '/home/asdfr-30/ASDfR_3/build/cam2image_vm2ros': CMAKE_PREFIX_PATH=${CMAKE_PREFIX_PATH}:/opt/ros/humble /usr/bin/cmake --build /home/asdfr-30/ASDfR_3/build/cam2image_vm2ros -- -j3 -l3
[0.459s] [ 40%] Built target cam2image
[0.472s] [100%] Built target cam2image_vm2ros
[0.797s] Invoked command in '/home/asdfr-30/ASDfR_3/build/cam2image_vm2ros' returned '0': CMAKE_PREFIX_PATH=${CMAKE_PREFIX_PATH}:/opt/ros/humble /usr/bin/cmake --build /home/asdfr-30/ASDfR_3/build/cam2image_vm2ros -- -j3 -l3
[0.805s] Invoking command in '/home/asdfr-30/ASDfR_3/build/cam2image_vm2ros': CMAKE_PREFIX_PATH=${CMAKE_PREFIX_PATH}:/opt/ros/humble /usr/bin/cmake --install /home/asdfr-30/ASDfR_3/build/cam2image_vm2ros
[0.856s] -- Install configuration: ""
[0.860s] -- Up-to-date: /home/asdfr-30/ASDfR_3/install/cam2image_vm2ros/lib/cam2image_vm2ros/cam2image
[0.863s] -- Up-to-date: /home/asdfr-30/ASDfR_3/install/cam2image_vm2ros/lib/libcam2image_vm2ros.so
[0.866s] -- Up-to-date: /home/asdfr-30/ASDfR_3/install/cam2image_vm2ros/include/cam2image_vm2ros
[0.874s] -- Up-to-date: /home/asdfr-30/ASDfR_3/install/cam2image_vm2ros/include/cam2image_vm2ros/remote_capture.hpp
[0.877s] -- Up-to-date: /home/asdfr-30/ASDfR_3/install/cam2image_vm2ros/include/cam2image_vm2ros/cam2image.hpp
[0.881s] -- Up-to-date: /home/asdfr-30/ASDfR_3/install/cam2image_vm2ros/include/cam2image_vm2ros/visibility_control.h
[0.889s] -- Up-to-date: /home/asdfr-30/ASDfR_3/install/cam2image_vm2ros/include/cam2image_vm2ros/base64.hpp
[0.892s] -- Up-to-date: /home/asdfr-30/ASDfR_3/install/cam2image_vm2ros/share/cam2image_vm2ros/config
[0.911s] -- Up-to-date: /home/asdfr-30/ASDfR_3/install/cam2image_vm2ros/share/cam2image_vm2ros/config/cam2image.yaml
[0.916s] -- Up-to-date: /home/asdfr-30/ASDfR_3/install/cam2image_vm2ros/share/cam2image_vm2ros/config/cam2image_relbot.yaml
[0.927s] -- Up-to-date: /home/asdfr-30/ASDfR_3/install/cam2image_vm2ros/share/cam2image_vm2ros/environment/library_path.sh
[0.932s] -- Up-to-date: /home/asdfr-30/ASDfR_3/install/cam2image_vm2ros/share/cam2image_vm2ros/environment/library_path.dsv
[0.944s] -- Up-to-date: /home/asdfr-30/ASDfR_3/install/cam2image_vm2ros/share/ament_index/resource_index/package_run_dependencies/cam2image_vm2ros
[0.954s] -- Up-to-date: /home/asdfr-30/ASDfR_3/install/cam2image_vm2ros/share/ament_index/resource_index/parent_prefix_path/cam2image_vm2ros
[0.964s] -- Up-to-date: /home/asdfr-30/ASDfR_3/install/cam2image_vm2ros/share/cam2image_vm2ros/environment/ament_prefix_path.sh
[0.971s] -- Up-to-date: /home/asdfr-30/ASDfR_3/install/cam2image_vm2ros/share/cam2image_vm2ros/environment/ament_prefix_path.dsv
[0.987s] -- Up-to-date: /home/asdfr-30/ASDfR_3/install/cam2image_vm2ros/share/cam2image_vm2ros/environment/path.sh
[0.990s] -- Up-to-date: /home/asdfr-30/ASDfR_3/install/cam2image_vm2ros/share/cam2image_vm2ros/environment/path.dsv
[0.998s] -- Up-to-date: /home/asdfr-30/ASDfR_3/install/cam2image_vm2ros/share/cam2image_vm2ros/local_setup.bash
[1.003s] -- Up-to-date: /home/asdfr-30/ASDfR_3/install/cam2image_vm2ros/share/cam2image_vm2ros/local_setup.sh
[1.009s] -- Up-to-date: /home/asdfr-30/ASDfR_3/install/cam2image_vm2ros/share/cam2image_vm2ros/local_setup.zsh
[1.014s] -- Up-to-date: /home/asdfr-30/ASDfR_3/install/cam2image_vm2ros/share/cam2image_vm2ros/local_setup.dsv
[1.020s] -- Installing: /home/asdfr-30/ASDfR_3/install/cam2image_vm2ros/share/cam2image_vm2ros/package.dsv
[1.025s] -- Up-to-date: /home/asdfr-30/ASDfR_3/install/cam2image_vm2ros/share/ament_index/resource_index/packages/cam2image_vm2ros
[1.031s] -- Up-to-date: /home/asdfr-30/ASDfR_3/install/cam2image_vm2ros/share/ament_index/resource_index/rclcpp_components/cam2image_vm2ros
[1.038s] -- Up-to-date: /home/asdfr-30/ASDfR_3/install/cam2image_vm2ros/share/cam2image_vm2ros/cmake/cam2image_vm2rosExport.cmake
[1.042s] -- Up-to-date: /home/asdfr-30/ASDfR_3/install/cam2image_vm2ros/share/cam2image_vm2ros/cmake/cam2image_vm2rosExport-noconfig.cmake
[1.047s] -- Up-to-date: /home/asdfr-30/ASDfR_3/install/cam2image_vm2ros/share/cam2image_vm2ros/cmake/ament_cmake_export_libraries-extras.cmake
[1.055s] -- Up-to-date: /home/asdfr-30/ASDfR_3/install/cam2image_vm2ros/share/cam2image_vm2ros/cmake/ament_cmake_export_targets-extras.cmake
[1.058s] -- Up-to-date: /home/asdfr-30/ASDfR_3/install/cam2image_vm2ros/share/cam2image_vm2ros/cmake/ament_cmake_export_dependencies-extras.cmake
[1.066s] -- Up-to-date: /home/asdfr-30/ASDfR_3/install/cam2image_vm2ros/share/cam2image_vm2ros/cmake/cam2image_vm2rosConfig.cmake
[1.070s] -- Up-to-date: /home/asdfr-30/ASDfR_3/install/cam2image_vm2ros/share/cam2image_vm2ros/cmake/cam2image_vm2rosConfig-version.cmake
[1.077s] -- Up-to-date: /home/asdfr-30/ASDfR_3/install/cam2image_vm2ros/share/cam2image_vm2ros/package.xml
[1.107s] Invoked command in '/home/asdfr-30/ASDfR_3/build/cam2image_vm2ros' returned '0': CMAKE_PREFIX_PATH=${CMAKE_PREFIX_PATH}:/opt/ros/humble /usr/bin/cmake --install /home/asdfr-30/ASDfR_3/build/cam2image_vm2ros
