[0.079s] Invoking command in '/home/asdfr-30/ASDfR_3/build/sequence_controller': CMAKE_PREFIX_PATH=/home/asdfr-30/ASDfR_3/install/xrf2_msgs:/home/asdfr-30/ASDfR_3/install/sequence_controller:/home/asdfr-30/ASDfR_3/install/ros_xeno_bridge:/home/asdfr-30/ASDfR_3/install/relbot_simulator:/home/asdfr-30/ASDF/30-ASDfR/ASDfR_3/install/object_center:/home/asdfr-30/ASDF/30-ASDfR/ASDfR_3/install/cam2image_vm2ros:/home/asdfr-30/ASDF/30-ASDfR/ASDfR_3/install/brightness:/home/asdfr-30/ASDfR_3/install/object_center:/home/asdfr-30/ASDfR_3/install/cam2image_vm2ros:/home/asdfr-30/ASDfR_3/install/brightness:/home/asdfr-30/ASDF/30-ASDfR/ASDfR_3/install/xrf2_msgs:/opt/ros/humble LD_LIBRARY_PATH=/home/asdfr-30/ASDfR_3/install/xrf2_msgs/lib:/home/asdfr-30/ASDF/30-ASDfR/ASDfR_3/install/cam2image_vm2ros/lib:/home/asdfr-30/ASDfR_3/install/cam2image_vm2ros/lib:/home/asdfr-30/ASDF/30-ASDfR/ASDfR_3/install/xrf2_msgs/lib:/opt/ros/humble/opt/rviz_ogre_vendor/lib:/opt/ros/humble/lib/aarch64-linux-gnu:/opt/ros/humble/lib /usr/bin/cmake --build /home/asdfr-30/ASDfR_3/build/sequence_controller -- -j3 -l3
[0.279s] [35m[1mConsolidate compiler generated dependencies of target sequence_controller[0m
[0.934s] [100%] Built target sequence_controller
[0.991s] Invoked command in '/home/asdfr-30/ASDfR_3/build/sequence_controller' returned '0': CMAKE_PREFIX_PATH=/home/asdfr-30/ASDfR_3/install/xrf2_msgs:/home/asdfr-30/ASDfR_3/install/sequence_controller:/home/asdfr-30/ASDfR_3/install/ros_xeno_bridge:/home/asdfr-30/ASDfR_3/install/relbot_simulator:/home/asdfr-30/ASDF/30-ASDfR/ASDfR_3/install/object_center:/home/asdfr-30/ASDF/30-ASDfR/ASDfR_3/install/cam2image_vm2ros:/home/asdfr-30/ASDF/30-ASDfR/ASDfR_3/install/brightness:/home/asdfr-30/ASDfR_3/install/object_center:/home/asdfr-30/ASDfR_3/install/cam2image_vm2ros:/home/asdfr-30/ASDfR_3/install/brightness:/home/asdfr-30/ASDF/30-ASDfR/ASDfR_3/install/xrf2_msgs:/opt/ros/humble LD_LIBRARY_PATH=/home/asdfr-30/ASDfR_3/install/xrf2_msgs/lib:/home/asdfr-30/ASDF/30-ASDfR/ASDfR_3/install/cam2image_vm2ros/lib:/home/asdfr-30/ASDfR_3/install/cam2image_vm2ros/lib:/home/asdfr-30/ASDF/30-ASDfR/ASDfR_3/install/xrf2_msgs/lib:/opt/ros/humble/opt/rviz_ogre_vendor/lib:/opt/ros/humble/lib/aarch64-linux-gnu:/opt/ros/humble/lib /usr/bin/cmake --build /home/asdfr-30/ASDfR_3/build/sequence_controller -- -j3 -l3
[1.000s] Invoking command in '/home/asdfr-30/ASDfR_3/build/sequence_controller': CMAKE_PREFIX_PATH=/home/asdfr-30/ASDfR_3/install/xrf2_msgs:/home/asdfr-30/ASDfR_3/install/sequence_controller:/home/asdfr-30/ASDfR_3/install/ros_xeno_bridge:/home/asdfr-30/ASDfR_3/install/relbot_simulator:/home/asdfr-30/ASDF/30-ASDfR/ASDfR_3/install/object_center:/home/asdfr-30/ASDF/30-ASDfR/ASDfR_3/install/cam2image_vm2ros:/home/asdfr-30/ASDF/30-ASDfR/ASDfR_3/install/brightness:/home/asdfr-30/ASDfR_3/install/object_center:/home/asdfr-30/ASDfR_3/install/cam2image_vm2ros:/home/asdfr-30/ASDfR_3/install/brightness:/home/asdfr-30/ASDF/30-ASDfR/ASDfR_3/install/xrf2_msgs:/opt/ros/humble LD_LIBRARY_PATH=/home/asdfr-30/ASDfR_3/install/xrf2_msgs/lib:/home/asdfr-30/ASDF/30-ASDfR/ASDfR_3/install/cam2image_vm2ros/lib:/home/asdfr-30/ASDfR_3/install/cam2image_vm2ros/lib:/home/asdfr-30/ASDF/30-ASDfR/ASDfR_3/install/xrf2_msgs/lib:/opt/ros/humble/opt/rviz_ogre_vendor/lib:/opt/ros/humble/lib/aarch64-linux-gnu:/opt/ros/humble/lib /usr/bin/cmake --install /home/asdfr-30/ASDfR_3/build/sequence_controller
[1.021s] -- Install configuration: ""
[1.023s] -- Up-to-date: /home/asdfr-30/ASDfR_3/install/sequence_controller/lib/sequence_controller/sequence_controller
[1.025s] -- Up-to-date: /home/asdfr-30/ASDfR_3/install/sequence_controller/share/ament_index/resource_index/package_run_dependencies/sequence_controller
[1.027s] -- Up-to-date: /home/asdfr-30/ASDfR_3/install/sequence_controller/share/ament_index/resource_index/parent_prefix_path/sequence_controller
[1.028s] -- Up-to-date: /home/asdfr-30/ASDfR_3/install/sequence_controller/share/sequence_controller/environment/ament_prefix_path.sh
[1.047s] -- Up-to-date: /home/asdfr-30/ASDfR_3/install/sequence_controller/share/sequence_controller/environment/ament_prefix_path.dsv
[1.049s] -- Up-to-date: /home/asdfr-30/ASDfR_3/install/sequence_controller/share/sequence_controller/environment/path.sh
[1.050s] -- Up-to-date: /home/asdfr-30/ASDfR_3/install/sequence_controller/share/sequence_controller/environment/path.dsv
[1.052s] -- Up-to-date: /home/asdfr-30/ASDfR_3/install/sequence_controller/share/sequence_controller/local_setup.bash
[1.066s] -- Up-to-date: /home/asdfr-30/ASDfR_3/install/sequence_controller/share/sequence_controller/local_setup.sh
[1.067s] -- Up-to-date: /home/asdfr-30/ASDfR_3/install/sequence_controller/share/sequence_controller/local_setup.zsh
[1.070s] -- Up-to-date: /home/asdfr-30/ASDfR_3/install/sequence_controller/share/sequence_controller/local_setup.dsv
[1.072s] -- Installing: /home/asdfr-30/ASDfR_3/install/sequence_controller/share/sequence_controller/package.dsv
[1.082s] -- Up-to-date: /home/asdfr-30/ASDfR_3/install/sequence_controller/share/ament_index/resource_index/packages/sequence_controller
[1.084s] -- Up-to-date: /home/asdfr-30/ASDfR_3/install/sequence_controller/share/sequence_controller/cmake/sequence_controllerConfig.cmake
[1.087s] -- Up-to-date: /home/asdfr-30/ASDfR_3/install/sequence_controller/share/sequence_controller/cmake/sequence_controllerConfig-version.cmake
[1.088s] -- Up-to-date: /home/asdfr-30/ASDfR_3/install/sequence_controller/share/sequence_controller/package.xml
[1.092s] -- Up-to-date: /home/asdfr-30/ASDfR_3/install/sequence_controller/share/sequence_controller//launch
[1.093s] -- Up-to-date: /home/asdfr-30/ASDfR_3/install/sequence_controller/share/sequence_controller//launch/sequence_controller.launch.py
[1.095s] Invoked command in '/home/asdfr-30/ASDfR_3/build/sequence_controller' returned '0': CMAKE_PREFIX_PATH=/home/asdfr-30/ASDfR_3/install/xrf2_msgs:/home/asdfr-30/ASDfR_3/install/sequence_controller:/home/asdfr-30/ASDfR_3/install/ros_xeno_bridge:/home/asdfr-30/ASDfR_3/install/relbot_simulator:/home/asdfr-30/ASDF/30-ASDfR/ASDfR_3/install/object_center:/home/asdfr-30/ASDF/30-ASDfR/ASDfR_3/install/cam2image_vm2ros:/home/asdfr-30/ASDF/30-ASDfR/ASDfR_3/install/brightness:/home/asdfr-30/ASDfR_3/install/object_center:/home/asdfr-30/ASDfR_3/install/cam2image_vm2ros:/home/asdfr-30/ASDfR_3/install/brightness:/home/asdfr-30/ASDF/30-ASDfR/ASDfR_3/install/xrf2_msgs:/opt/ros/humble LD_LIBRARY_PATH=/home/asdfr-30/ASDfR_3/install/xrf2_msgs/lib:/home/asdfr-30/ASDF/30-ASDfR/ASDfR_3/install/cam2image_vm2ros/lib:/home/asdfr-30/ASDfR_3/install/cam2image_vm2ros/lib:/home/asdfr-30/ASDF/30-ASDfR/ASDfR_3/install/xrf2_msgs/lib:/opt/ros/humble/opt/rviz_ogre_vendor/lib:/opt/ros/humble/lib/aarch64-linux-gnu:/opt/ros/humble/lib /usr/bin/cmake --install /home/asdfr-30/ASDfR_3/build/sequence_controller
