[0.119s] Invoking command in '/home/asdfr-30/ASDfR_3/build/ros_xeno_bridge': AMENT_PREFIX_PATH=/home/asdfr-30/ASDfR_3/install/xrf2_msgs:${AMENT_PREFIX_PATH} CMAKE_PREFIX_PATH=/home/asdfr-30/ASDfR_3/install/xrf2_msgs:/opt/ros/humble LD_LIBRARY_PATH=/home/asdfr-30/ASDfR_3/install/xrf2_msgs/lib:${LD_LIBRARY_PATH} PYTHONPATH=/home/asdfr-30/ASDfR_3/install/xrf2_msgs/local/lib/python3.10/dist-packages:${PYTHONPATH} /usr/bin/cmake --build /home/asdfr-30/ASDfR_3/build/ros_xeno_bridge -- -j3 -l3
[0.307s] [100%] Built target RosXenoBridge
[0.367s] Invoked command in '/home/asdfr-30/ASDfR_3/build/ros_xeno_bridge' returned '0': AMENT_PREFIX_PATH=/home/asdfr-30/ASDfR_3/install/xrf2_msgs:${AMENT_PREFIX_PATH} CMAKE_PREFIX_PATH=/home/asdfr-30/ASDfR_3/install/xrf2_msgs:/opt/ros/humble LD_LIBRARY_PATH=/home/asdfr-30/ASDfR_3/install/xrf2_msgs/lib:${LD_LIBRARY_PATH} PYTHONPATH=/home/asdfr-30/ASDfR_3/install/xrf2_msgs/local/lib/python3.10/dist-packages:${PYTHONPATH} /usr/bin/cmake --build /home/asdfr-30/ASDfR_3/build/ros_xeno_bridge -- -j3 -l3
[0.380s] Invoking command in '/home/asdfr-30/ASDfR_3/build/ros_xeno_bridge': AMENT_PREFIX_PATH=/home/asdfr-30/ASDfR_3/install/xrf2_msgs:${AMENT_PREFIX_PATH} CMAKE_PREFIX_PATH=/home/asdfr-30/ASDfR_3/install/xrf2_msgs:/opt/ros/humble LD_LIBRARY_PATH=/home/asdfr-30/ASDfR_3/install/xrf2_msgs/lib:${LD_LIBRARY_PATH} PYTHONPATH=/home/asdfr-30/ASDfR_3/install/xrf2_msgs/local/lib/python3.10/dist-packages:${PYTHONPATH} /usr/bin/cmake --install /home/asdfr-30/ASDfR_3/build/ros_xeno_bridge
[0.460s] -- Install configuration: ""
[0.468s] -- Up-to-date: /home/asdfr-30/ASDfR_3/install/ros_xeno_bridge/lib/ros_xeno_bridge/RosXenoBridge
[0.474s] -- Up-to-date: /home/asdfr-30/ASDfR_3/install/ros_xeno_bridge/share/ament_index/resource_index/package_run_dependencies/ros_xeno_bridge
[0.490s] -- Up-to-date: /home/asdfr-30/ASDfR_3/install/ros_xeno_bridge/share/ament_index/resource_index/parent_prefix_path/ros_xeno_bridge
[0.497s] -- Up-to-date: /home/asdfr-30/ASDfR_3/install/ros_xeno_bridge/share/ros_xeno_bridge/environment/ament_prefix_path.sh
[0.504s] -- Up-to-date: /home/asdfr-30/ASDfR_3/install/ros_xeno_bridge/share/ros_xeno_bridge/environment/ament_prefix_path.dsv
[0.510s] -- Up-to-date: /home/asdfr-30/ASDfR_3/install/ros_xeno_bridge/share/ros_xeno_bridge/environment/path.sh
[0.514s] -- Up-to-date: /home/asdfr-30/ASDfR_3/install/ros_xeno_bridge/share/ros_xeno_bridge/environment/path.dsv
[0.517s] -- Up-to-date: /home/asdfr-30/ASDfR_3/install/ros_xeno_bridge/share/ros_xeno_bridge/local_setup.bash
[0.528s] -- Up-to-date: /home/asdfr-30/ASDfR_3/install/ros_xeno_bridge/share/ros_xeno_bridge/local_setup.sh
[0.533s] -- Up-to-date: /home/asdfr-30/ASDfR_3/install/ros_xeno_bridge/share/ros_xeno_bridge/local_setup.zsh
[0.542s] -- Up-to-date: /home/asdfr-30/ASDfR_3/install/ros_xeno_bridge/share/ros_xeno_bridge/local_setup.dsv
[0.551s] -- Installing: /home/asdfr-30/ASDfR_3/install/ros_xeno_bridge/share/ros_xeno_bridge/package.dsv
[0.557s] -- Up-to-date: /home/asdfr-30/ASDfR_3/install/ros_xeno_bridge/share/ament_index/resource_index/packages/ros_xeno_bridge
[0.564s] -- Up-to-date: /home/asdfr-30/ASDfR_3/install/ros_xeno_bridge/share/ros_xeno_bridge/cmake/ros_xeno_bridgeConfig.cmake
[0.572s] -- Up-to-date: /home/asdfr-30/ASDfR_3/install/ros_xeno_bridge/share/ros_xeno_bridge/cmake/ros_xeno_bridgeConfig-version.cmake
[0.577s] -- Up-to-date: /home/asdfr-30/ASDfR_3/install/ros_xeno_bridge/share/ros_xeno_bridge/package.xml
[0.586s] Invoked command in '/home/asdfr-30/ASDfR_3/build/ros_xeno_bridge' returned '0': AMENT_PREFIX_PATH=/home/asdfr-30/ASDfR_3/install/xrf2_msgs:${AMENT_PREFIX_PATH} CMAKE_PREFIX_PATH=/home/asdfr-30/ASDfR_3/install/xrf2_msgs:/opt/ros/humble LD_LIBRARY_PATH=/home/asdfr-30/ASDfR_3/install/xrf2_msgs/lib:${LD_LIBRARY_PATH} PYTHONPATH=/home/asdfr-30/ASDfR_3/install/xrf2_msgs/local/lib/python3.10/dist-packages:${PYTHONPATH} /usr/bin/cmake --install /home/asdfr-30/ASDfR_3/build/ros_xeno_bridge
