[0.081s] Invoking command in '/home/asdfr-30/ASDfR_3/build/ros_xeno_bridge': AMENT_PREFIX_PATH=/home/asdfr-30/ASDfR_3/install/xrf2_msgs:${AMENT_PREFIX_PATH} CMAKE_PREFIX_PATH=/home/asdfr-30/ASDfR_3/install/xrf2_msgs:/opt/ros/humble LD_LIBRARY_PATH=/home/asdfr-30/ASDfR_3/install/xrf2_msgs/lib:${LD_LIBRARY_PATH} PYTHONPATH=/home/asdfr-30/ASDfR_3/install/xrf2_msgs/local/lib/python3.10/dist-packages:${PYTHONPATH} /usr/bin/cmake --build /home/asdfr-30/ASDfR_3/build/ros_xeno_bridge -- -j3 -l3
[0.505s] [35m[1mConsolidate compiler generated dependencies of target RosXenoBridge[0m
[1.346s] [100%] Built target RosXenoBridge
[1.395s] Invoked command in '/home/asdfr-30/ASDfR_3/build/ros_xeno_bridge' returned '0': AMENT_PREFIX_PATH=/home/asdfr-30/ASDfR_3/install/xrf2_msgs:${AMENT_PREFIX_PATH} CMAKE_PREFIX_PATH=/home/asdfr-30/ASDfR_3/install/xrf2_msgs:/opt/ros/humble LD_LIBRARY_PATH=/home/asdfr-30/ASDfR_3/install/xrf2_msgs/lib:${LD_LIBRARY_PATH} PYTHONPATH=/home/asdfr-30/ASDfR_3/install/xrf2_msgs/local/lib/python3.10/dist-packages:${PYTHONPATH} /usr/bin/cmake --build /home/asdfr-30/ASDfR_3/build/ros_xeno_bridge -- -j3 -l3
[1.400s] Invoking command in '/home/asdfr-30/ASDfR_3/build/ros_xeno_bridge': AMENT_PREFIX_PATH=/home/asdfr-30/ASDfR_3/install/xrf2_msgs:${AMENT_PREFIX_PATH} CMAKE_PREFIX_PATH=/home/asdfr-30/ASDfR_3/install/xrf2_msgs:/opt/ros/humble LD_LIBRARY_PATH=/home/asdfr-30/ASDfR_3/install/xrf2_msgs/lib:${LD_LIBRARY_PATH} PYTHONPATH=/home/asdfr-30/ASDfR_3/install/xrf2_msgs/local/lib/python3.10/dist-packages:${PYTHONPATH} /usr/bin/cmake --install /home/asdfr-30/ASDfR_3/build/ros_xeno_bridge
[1.437s] -- Install configuration: ""
[1.440s] -- Up-to-date: /home/asdfr-30/ASDfR_3/install/ros_xeno_bridge/lib/ros_xeno_bridge/RosXenoBridge
[1.442s] -- Up-to-date: /home/asdfr-30/ASDfR_3/install/ros_xeno_bridge/share/ament_index/resource_index/package_run_dependencies/ros_xeno_bridge
[1.445s] -- Up-to-date: /home/asdfr-30/ASDfR_3/install/ros_xeno_bridge/share/ament_index/resource_index/parent_prefix_path/ros_xeno_bridge
[1.447s] -- Up-to-date: /home/asdfr-30/ASDfR_3/install/ros_xeno_bridge/share/ros_xeno_bridge/environment/ament_prefix_path.sh
[1.449s] -- Up-to-date: /home/asdfr-30/ASDfR_3/install/ros_xeno_bridge/share/ros_xeno_bridge/environment/ament_prefix_path.dsv
[1.451s] -- Up-to-date: /home/asdfr-30/ASDfR_3/install/ros_xeno_bridge/share/ros_xeno_bridge/environment/path.sh
[1.454s] -- Up-to-date: /home/asdfr-30/ASDfR_3/install/ros_xeno_bridge/share/ros_xeno_bridge/environment/path.dsv
[1.455s] -- Up-to-date: /home/asdfr-30/ASDfR_3/install/ros_xeno_bridge/share/ros_xeno_bridge/local_setup.bash
[1.457s] -- Up-to-date: /home/asdfr-30/ASDfR_3/install/ros_xeno_bridge/share/ros_xeno_bridge/local_setup.sh
[1.459s] -- Up-to-date: /home/asdfr-30/ASDfR_3/install/ros_xeno_bridge/share/ros_xeno_bridge/local_setup.zsh
[1.461s] -- Up-to-date: /home/asdfr-30/ASDfR_3/install/ros_xeno_bridge/share/ros_xeno_bridge/local_setup.dsv
[1.470s] -- Installing: /home/asdfr-30/ASDfR_3/install/ros_xeno_bridge/share/ros_xeno_bridge/package.dsv
[1.472s] -- Up-to-date: /home/asdfr-30/ASDfR_3/install/ros_xeno_bridge/share/ament_index/resource_index/packages/ros_xeno_bridge
[1.473s] -- Up-to-date: /home/asdfr-30/ASDfR_3/install/ros_xeno_bridge/share/ros_xeno_bridge/cmake/ros_xeno_bridgeConfig.cmake
[1.474s] -- Up-to-date: /home/asdfr-30/ASDfR_3/install/ros_xeno_bridge/share/ros_xeno_bridge/cmake/ros_xeno_bridgeConfig-version.cmake
[1.475s] -- Up-to-date: /home/asdfr-30/ASDfR_3/install/ros_xeno_bridge/share/ros_xeno_bridge/package.xml
[1.506s] Invoked command in '/home/asdfr-30/ASDfR_3/build/ros_xeno_bridge' returned '0': AMENT_PREFIX_PATH=/home/asdfr-30/ASDfR_3/install/xrf2_msgs:${AMENT_PREFIX_PATH} CMAKE_PREFIX_PATH=/home/asdfr-30/ASDfR_3/install/xrf2_msgs:/opt/ros/humble LD_LIBRARY_PATH=/home/asdfr-30/ASDfR_3/install/xrf2_msgs/lib:${LD_LIBRARY_PATH} PYTHONPATH=/home/asdfr-30/ASDfR_3/install/xrf2_msgs/local/lib/python3.10/dist-packages:${PYTHONPATH} /usr/bin/cmake --install /home/asdfr-30/ASDfR_3/build/ros_xeno_bridge
