[0.073s] Invoking command in '/home/asdfr-30/ASDfR_3/build/xeno_loop': CMAKE_PREFIX_PATH=/home/asdfr-30/ASDfR_3/install/xrf2_msgs:/home/asdfr-30/ASDfR_3/install/sequence_controller:/home/asdfr-30/ASDfR_3/install/ros_xeno_bridge:/home/asdfr-30/ASDfR_3/install/relbot_simulator:/home/asdfr-30/ASDfR_3/install/cam2image_vm2ros:/home/asdfr-30/ASDfR_3/install/ball_tracker /usr/bin/cmake --build /home/asdfr-30/ASDfR_3/build/xeno_loop -- -j3 -l3
[0.245s] [35m[1mConsolidate compiler generated dependencies of target xeno_loop[0m
[1.184s] [  4%] [32mBuilding CXX object CMakeFiles/xeno_loop.dir/src/XenoLoopRunner.cpp.o[0m
[3.672s] [01m[K/home/asdfr-30/ASDfR_3/src/xeno_loop/src/XenoLoopRunner.cpp:[m[K In constructor ‘[01m[KXenoLoopRunner::XenoLoopRunner(uint, uint)[m[K’:
[3.673s] [01m[K/home/asdfr-30/ASDfR_3/src/xeno_loop/src/XenoLoopRunner.cpp:5:52:[m[K [01;31m[Kerror: [m[Kno matching function for call to ‘[01m[KXenoFrt20Sim::XenoFrt20Sim(uint&, uint&)[m[K’
[3.674s]     5 |     XenoFrt20Sim(write_decimator_freq, monitor_freq[01;31m[K)[m[K
[3.676s]       |                                                    [01;31m[K^[m[K
[3.677s] In file included from [01m[K/home/asdfr-30/ASDfR_3/src/xeno_loop/include/XenoLoopRunner.hpp:4[m[K,
[3.679s]                  from [01m[K/home/asdfr-30/ASDfR_3/src/xeno_loop/src/XenoLoopRunner.cpp:1[m[K:
[3.679s] [01m[K/home/asdfr-30/ASDfR_3/src/xeno_loop/../XRF2/XenoRosFramework/Xenomai/include/XenoFrt20Sim.hpp:19:5:[m[K [01;36m[Knote: [m[Kcandidate: ‘[01m[KXenoFrt20Sim::XenoFrt20Sim(uint, uint, XenoFileHandler&, void*)[m[K’
[3.680s]    19 |     [01;36m[KXenoFrt20Sim[m[K(uint write_decimator_freq, uint monitor_freq, XenoFileHandler& _log_file_handler, void *data_to_be_logged_pntr);
[3.682s]       |     [01;36m[K^~~~~~~~~~~~[m[K
[3.683s] [01m[K/home/asdfr-30/ASDfR_3/src/xeno_loop/../XRF2/XenoRosFramework/Xenomai/include/XenoFrt20Sim.hpp:19:5:[m[K [01;36m[Knote: [m[K  candidate expects 4 arguments, 2 provided
[3.684s] [01m[K/home/asdfr-30/ASDfR_3/src/xeno_loop/../XRF2/XenoRosFramework/Xenomai/include/XenoFrt20Sim.hpp:16:7:[m[K [01;36m[Knote: [m[Kcandidate: ‘[01m[KXenoFrt20Sim::XenoFrt20Sim(const XenoFrt20Sim&)[m[K’
[3.686s]    16 | class [01;36m[KXenoFrt20Sim[m[K : public XenoFrtRosIco
[3.687s]       |       [01;36m[K^~~~~~~~~~~~[m[K
[3.689s] [01m[K/home/asdfr-30/ASDfR_3/src/xeno_loop/../XRF2/XenoRosFramework/Xenomai/include/XenoFrt20Sim.hpp:16:7:[m[K [01;36m[Knote: [m[K  candidate expects 1 argument, 2 provided
[3.691s] [01m[K/home/asdfr-30/ASDfR_3/src/xeno_loop/src/XenoLoopRunner.cpp:5:52:[m[K [01;31m[Kerror: [m[Kno matching function for call to ‘[01m[KXenoFileHandler::XenoFileHandler()[m[K’
[3.692s]     5 |     XenoFrt20Sim(write_decimator_freq, monitor_freq[01;31m[K)[m[K
[3.694s]       |                                                    [01;31m[K^[m[K
[3.695s] In file included from [01m[K/home/asdfr-30/ASDfR_3/src/xeno_loop/../XRF2/XenoRosFramework/Xenomai/include/XenoFrtRosIco.hpp:13[m[K,
[3.697s]                  from [01m[K/home/asdfr-30/ASDfR_3/src/xeno_loop/../XRF2/XenoRosFramework/Xenomai/include/XenoFrt20Sim.hpp:4[m[K,
[3.698s]                  from [01m[K/home/asdfr-30/ASDfR_3/src/xeno_loop/include/XenoLoopRunner.hpp:4[m[K,
[3.700s]                  from [01m[K/home/asdfr-30/ASDfR_3/src/xeno_loop/src/XenoLoopRunner.cpp:1[m[K:
[3.701s] [01m[K/home/asdfr-30/ASDfR_3/src/xeno_loop/../XRF2/XenoRosFramework/Xenomai/include/XenoFileHandler.hpp:32:5:[m[K [01;36m[Knote: [m[Kcandidate: ‘[01m[KXenoFileHandler::XenoFileHandler(bool, const char*, const char*, mode_t)[m[K’
[3.703s]    32 |     [01;36m[KXenoFileHandler[m[K(bool add_timestamp, const char *name, const char *_file_type, mode_t mode = 0666);
[3.704s]       |     [01;36m[K^~~~~~~~~~~~~~~[m[K
[3.706s] [01m[K/home/asdfr-30/ASDfR_3/src/xeno_loop/../XRF2/XenoRosFramework/Xenomai/include/XenoFileHandler.hpp:32:5:[m[K [01;36m[Knote: [m[K  candidate expects 4 arguments, 0 provided
[3.708s] [01m[K/home/asdfr-30/ASDfR_3/src/xeno_loop/../XRF2/XenoRosFramework/Xenomai/include/XenoFileHandler.hpp:29:7:[m[K [01;36m[Knote: [m[Kcandidate: ‘[01m[Kconstexpr XenoFileHandler::XenoFileHandler(const XenoFileHandler&)[m[K’
[3.709s]    29 | class [01;36m[KXenoFileHandler[m[K : public ICommunication
[3.711s]       |       [01;36m[K^~~~~~~~~~~~~~~[m[K
[3.712s] [01m[K/home/asdfr-30/ASDfR_3/src/xeno_loop/../XRF2/XenoRosFramework/Xenomai/include/XenoFileHandler.hpp:29:7:[m[K [01;36m[Knote: [m[K  candidate expects 1 argument, 0 provided
[3.714s] [01m[K/home/asdfr-30/ASDfR_3/src/xeno_loop/src/XenoLoopRunner.cpp:8:6:[m[K [01;31m[Kerror: [m[K‘[01m[Kinitialized[m[K’ was not declared in this scope; did you mean ‘[01m[Kinitialised[m[K’?
[3.716s]     8 |      [01;31m[Kinitialized[m[K = false;
[3.717s]       |      [01;31m[K^~~~~~~~~~~[m[K
[3.719s]       |      [32m[Kinitialised[m[K
[3.723s] [01m[K/home/asdfr-30/ASDfR_3/src/xeno_loop/src/XenoLoopRunner.cpp:[m[K In member function ‘[01m[Kvirtual int XenoLoopRunner::initialising()[m[K’:
[3.725s] [01m[K/home/asdfr-30/ASDfR_3/src/xeno_loop/src/XenoLoopRunner.cpp:23:5:[m[K [01;31m[Kerror: [m[K‘[01m[Kinitialized[m[K’ was not declared in this scope; did you mean ‘[01m[Kinitialised[m[K’?
[3.726s]    23 |     [01;31m[Kinitialized[m[K = false;
[3.728s]       |     [01;31m[K^~~~~~~~~~~[m[K
[3.729s]       |     [32m[Kinitialised[m[K
[3.731s] [01m[K/home/asdfr-30/ASDfR_3/src/xeno_loop/src/XenoLoopRunner.cpp:[m[K In member function ‘[01m[Kvirtual int XenoLoopRunner::initialised()[m[K’:
[3.733s] [01m[K/home/asdfr-30/ASDfR_3/src/xeno_loop/src/XenoLoopRunner.cpp:58:21:[m[K [01;31m[Kerror: [m[Kexpected primary-expression before ‘[01m[K=[m[K’ token
[3.735s]    58 |          return -1; [01;31m[K=[m[K
[3.736s]       |                     [01;31m[K^[m[K
[3.738s] [01m[K/home/asdfr-30/ASDfR_3/src/xeno_loop/src/XenoLoopRunner.cpp:59:5:[m[K [01;31m[Kerror: [m[Kexpected primary-expression before ‘[01m[K}[m[K’ token
[3.740s]    59 |     [01;31m[K}[m[K
[3.742s]       |     [01;31m[K^[m[K
[3.743s] [01m[K/home/asdfr-30/ASDfR_3/src/xeno_loop/src/XenoLoopRunner.cpp:[m[K At global scope:
[3.745s] [01m[K/home/asdfr-30/ASDfR_3/src/xeno_loop/src/XenoLoopRunner.cpp:66:5:[m[K [01;31m[Kerror: [m[Kexpected initializer before ‘[01m[Ktest_pwm_left[m[K’
[3.747s]    66 |     [01;31m[Ktest_pwm_left[m[K = 150;  // PWM for left wheel
[3.749s]       |     [01;31m[K^~~~~~~~~~~~~[m[K
[3.750s] [01m[K/home/asdfr-30/ASDfR_3/src/xeno_loop/src/XenoLoopRunner.cpp:67:5:[m[K [01;31m[Kerror: [m[K‘[01m[Ktest_pwm_right[m[K’ does not name a type
[3.751s]    67 |     [01;31m[Ktest_pwm_right[m[K = 150; // PWM for right wheel
[3.753s]       |     [01;31m[K^~~~~~~~~~~~~~[m[K
[3.754s] [01m[K/home/asdfr-30/ASDfR_3/src/xeno_loop/src/XenoLoopRunner.cpp:69:5:[m[K [01;31m[Kerror: [m[K‘[01m[Kactuate_data[m[K’ does not name a type
[3.755s]    69 |     [01;31m[Kactuate_data[m[K.pwm1 = test_pwm_right;
[3.757s]       |     [01;31m[K^~~~~~~~~~~~[m[K
[3.758s] [01m[K/home/asdfr-30/ASDfR_3/src/xeno_loop/src/XenoLoopRunner.cpp:70:5:[m[K [01;31m[Kerror: [m[K‘[01m[Kactuate_data[m[K’ does not name a type
[3.760s]    70 |     [01;31m[Kactuate_data[m[K.pwm2 = test_pwm_left;
[3.762s]       |     [01;31m[K^~~~~~~~~~~~[m[K
[3.763s] [01m[K/home/asdfr-30/ASDfR_3/src/xeno_loop/src/XenoLoopRunner.cpp:73:5:[m[K [01;31m[Kerror: [m[Kexpected unqualified-id before ‘[01m[Kif[m[K’
[3.765s]    73 |     [01;31m[Kif[m[K (ico_io.update_io(actuate_data, &sample_data) != 0) {
[3.766s]       |     [01;31m[K^~[m[K
[3.768s] [01m[K/home/asdfr-30/ASDfR_3/src/xeno_loop/src/XenoLoopRunner.cpp:79:42:[m[K [01;31m[Kerror: [m[K‘[01m[Ksample_data[m[K’ was not declared in this scope
[3.769s]    79 |     uint16_t current_encoder_right_raw = [01;31m[Ksample_data[m[K.channel1;
[3.771s]       |                                          [01;31m[K^~~~~~~~~~~[m[K
[3.773s] [01m[K/home/asdfr-30/ASDfR_3/src/xeno_loop/src/XenoLoopRunner.cpp:80:41:[m[K [01;31m[Kerror: [m[K‘[01m[Ksample_data[m[K’ was not declared in this scope
[3.775s]    80 |     uint16_t current_encoder_left_raw = [01;31m[Ksample_data[m[K.channel2;
[3.776s]       |                                         [01;31m[K^~~~~~~~~~~[m[K
[3.788s] [01m[K/home/asdfr-30/ASDfR_3/src/xeno_loop/src/XenoLoopRunner.cpp:82:98:[m[K [01;31m[Kerror: [m[K‘[01m[Kprev_encoder_right_raw[m[K’ was not declared in this scope; did you mean ‘[01m[Kcurrent_encoder_right_raw[m[K’?
[3.790s]    82 |     int32_t delta_right = static_cast<int32_t>(current_encoder_right_raw) - static_cast<int32_t>([01;31m[Kprev_encoder_right_raw[m[K);
[3.791s]       |                                                                                                  [01;31m[K^~~~~~~~~~~~~~~~~~~~~~[m[K
[3.793s]       |                                                                                                  [32m[Kcurrent_encoder_right_raw[m[K
[3.804s] [01m[K/home/asdfr-30/ASDfR_3/src/xeno_loop/src/XenoLoopRunner.cpp:83:96:[m[K [01;31m[Kerror: [m[K‘[01m[Kprev_encoder_left_raw[m[K’ was not declared in this scope; did you mean ‘[01m[Kcurrent_encoder_left_raw[m[K’?
[3.806s]    83 |     int32_t delta_left = static_cast<int32_t>(current_encoder_left_raw) - static_cast<int32_t>([01;31m[Kprev_encoder_left_raw[m[K);
[3.807s]       |                                                                                                [01;31m[K^~~~~~~~~~~~~~~~~~~~~[m[K
[3.808s]       |                                                                                                [32m[Kcurrent_encoder_left_raw[m[K
[3.809s] [01m[K/home/asdfr-30/ASDfR_3/src/xeno_loop/src/XenoLoopRunner.cpp:86:15:[m[K [01;31m[Kerror: [m[Kexpected constructor, destructor, or type conversion before ‘[01m[K([m[K’ token
[3.811s]    86 |     evl_printf[01;31m[K([m[K"Run - PWM L:%d R:%d | RawEnc L:%u R:%u | Delta L:%d R:%d\n",
[3.812s]       |               [01;31m[K^[m[K
[3.813s] [01m[K/home/asdfr-30/ASDfR_3/src/xeno_loop/src/XenoLoopRunner.cpp:92:5:[m[K [01;31m[Kerror: [m[K‘[01m[Kprev_encoder_left_raw[m[K’ does not name a type
[3.814s]    92 |     [01;31m[Kprev_encoder_left_raw[m[K = current_encoder_left_raw;
[3.816s]       |     [01;31m[K^~~~~~~~~~~~~~~~~~~~~[m[K
[3.818s] [01m[K/home/asdfr-30/ASDfR_3/src/xeno_loop/src/XenoLoopRunner.cpp:93:5:[m[K [01;31m[Kerror: [m[K‘[01m[Kprev_encoder_right_raw[m[K’ does not name a type
[3.820s]    93 |     [01;31m[Kprev_encoder_right_raw[m[K = current_encoder_right_raw;
[3.821s]       |     [01;31m[K^~~~~~~~~~~~~~~~~~~~~~[m[K
[3.823s] [01m[K/home/asdfr-30/ASDfR_3/src/xeno_loop/src/XenoLoopRunner.cpp:94:5:[m[K [01;31m[Kerror: [m[Kexpected unqualified-id before ‘[01m[Kreturn[m[K’
[3.825s]    94 |     [01;31m[Kreturn[m[K 0;
[3.826s]       |     [01;31m[K^~~~~~[m[K
[3.827s] [01m[K/home/asdfr-30/ASDfR_3/src/xeno_loop/src/XenoLoopRunner.cpp:95:1:[m[K [01;31m[Kerror: [m[Kexpected declaration before ‘[01m[K}[m[K’ token
[3.829s]    95 | [01;31m[K}[m[K
[3.830s]       | [01;31m[K^[m[K
[4.168s] gmake[2]: *** [CMakeFiles/xeno_loop.dir/build.make:258: CMakeFiles/xeno_loop.dir/src/XenoLoopRunner.cpp.o] Error 1
[4.172s] gmake[1]: *** [CMakeFiles/Makefile2:137: CMakeFiles/xeno_loop.dir/all] Error 2
[4.175s] gmake: *** [Makefile:101: all] Error 2
