[0.084s] Invoking command in '/home/asdfr-30/ASDfR_3/build/cam2image_vm2ros': CMAKE_PREFIX_PATH=${CMAKE_PREFIX_PATH}:/opt/ros/humble /usr/bin/cmake --build /home/asdfr-30/ASDfR_3/build/cam2image_vm2ros -- -j3 -l3
[0.461s] [ 40%] Built target cam2image
[0.576s] [100%] Built target cam2image_vm2ros
[0.630s] Invoked command in '/home/asdfr-30/ASDfR_3/build/cam2image_vm2ros' returned '0': CMAKE_PREFIX_PATH=${CMAKE_PREFIX_PATH}:/opt/ros/humble /usr/bin/cmake --build /home/asdfr-30/ASDfR_3/build/cam2image_vm2ros -- -j3 -l3
[0.636s] Invoking command in '/home/asdfr-30/ASDfR_3/build/cam2image_vm2ros': CMAKE_PREFIX_PATH=${CMAKE_PREFIX_PATH}:/opt/ros/humble /usr/bin/cmake --install /home/asdfr-30/ASDfR_3/build/cam2image_vm2ros
[0.802s] -- Install configuration: ""
[0.811s] -- Up-to-date: /home/asdfr-30/ASDfR_3/install/cam2image_vm2ros/lib/cam2image_vm2ros/cam2image
[0.819s] -- Up-to-date: /home/asdfr-30/ASDfR_3/install/cam2image_vm2ros/lib/libcam2image_vm2ros.so
[0.827s] -- Up-to-date: /home/asdfr-30/ASDfR_3/install/cam2image_vm2ros/include/cam2image_vm2ros
[0.840s] -- Up-to-date: /home/asdfr-30/ASDfR_3/install/cam2image_vm2ros/include/cam2image_vm2ros/remote_capture.hpp
[0.843s] -- Up-to-date: /home/asdfr-30/ASDfR_3/install/cam2image_vm2ros/include/cam2image_vm2ros/cam2image.hpp
[0.847s] -- Up-to-date: /home/asdfr-30/ASDfR_3/install/cam2image_vm2ros/include/cam2image_vm2ros/visibility_control.h
[0.851s] -- Up-to-date: /home/asdfr-30/ASDfR_3/install/cam2image_vm2ros/include/cam2image_vm2ros/base64.hpp
[0.855s] -- Up-to-date: /home/asdfr-30/ASDfR_3/install/cam2image_vm2ros/share/cam2image_vm2ros/environment/library_path.sh
[0.858s] -- Up-to-date: /home/asdfr-30/ASDfR_3/install/cam2image_vm2ros/share/cam2image_vm2ros/environment/library_path.dsv
[0.863s] -- Up-to-date: /home/asdfr-30/ASDfR_3/install/cam2image_vm2ros/share/ament_index/resource_index/package_run_dependencies/cam2image_vm2ros
[0.864s] -- Up-to-date: /home/asdfr-30/ASDfR_3/install/cam2image_vm2ros/share/ament_index/resource_index/parent_prefix_path/cam2image_vm2ros
[0.870s] -- Up-to-date: /home/asdfr-30/ASDfR_3/install/cam2image_vm2ros/share/cam2image_vm2ros/environment/ament_prefix_path.sh
[0.874s] -- Up-to-date: /home/asdfr-30/ASDfR_3/install/cam2image_vm2ros/share/cam2image_vm2ros/environment/ament_prefix_path.dsv
[0.879s] -- Up-to-date: /home/asdfr-30/ASDfR_3/install/cam2image_vm2ros/share/cam2image_vm2ros/environment/path.sh
[0.882s] -- Up-to-date: /home/asdfr-30/ASDfR_3/install/cam2image_vm2ros/share/cam2image_vm2ros/environment/path.dsv
[0.886s] -- Up-to-date: /home/asdfr-30/ASDfR_3/install/cam2image_vm2ros/share/cam2image_vm2ros/local_setup.bash
[0.889s] -- Up-to-date: /home/asdfr-30/ASDfR_3/install/cam2image_vm2ros/share/cam2image_vm2ros/local_setup.sh
[0.894s] -- Up-to-date: /home/asdfr-30/ASDfR_3/install/cam2image_vm2ros/share/cam2image_vm2ros/local_setup.zsh
[0.897s] -- Up-to-date: /home/asdfr-30/ASDfR_3/install/cam2image_vm2ros/share/cam2image_vm2ros/local_setup.dsv
[0.903s] -- Installing: /home/asdfr-30/ASDfR_3/install/cam2image_vm2ros/share/cam2image_vm2ros/package.dsv
[0.911s] -- Up-to-date: /home/asdfr-30/ASDfR_3/install/cam2image_vm2ros/share/ament_index/resource_index/packages/cam2image_vm2ros
[0.918s] -- Up-to-date: /home/asdfr-30/ASDfR_3/install/cam2image_vm2ros/share/ament_index/resource_index/rclcpp_components/cam2image_vm2ros
[0.928s] -- Up-to-date: /home/asdfr-30/ASDfR_3/install/cam2image_vm2ros/share/cam2image_vm2ros/cmake/cam2image_vm2rosExport.cmake
[0.932s] -- Up-to-date: /home/asdfr-30/ASDfR_3/install/cam2image_vm2ros/share/cam2image_vm2ros/cmake/cam2image_vm2rosExport-noconfig.cmake
[0.938s] -- Up-to-date: /home/asdfr-30/ASDfR_3/install/cam2image_vm2ros/share/cam2image_vm2ros/cmake/ament_cmake_export_libraries-extras.cmake
[0.942s] -- Up-to-date: /home/asdfr-30/ASDfR_3/install/cam2image_vm2ros/share/cam2image_vm2ros/cmake/ament_cmake_export_targets-extras.cmake
[0.949s] -- Up-to-date: /home/asdfr-30/ASDfR_3/install/cam2image_vm2ros/share/cam2image_vm2ros/cmake/ament_cmake_export_dependencies-extras.cmake
[0.956s] -- Up-to-date: /home/asdfr-30/ASDfR_3/install/cam2image_vm2ros/share/cam2image_vm2ros/cmake/cam2image_vm2rosConfig.cmake
[0.961s] -- Up-to-date: /home/asdfr-30/ASDfR_3/install/cam2image_vm2ros/share/cam2image_vm2ros/cmake/cam2image_vm2rosConfig-version.cmake
[0.963s] -- Up-to-date: /home/asdfr-30/ASDfR_3/install/cam2image_vm2ros/share/cam2image_vm2ros/package.xml
[1.023s] Invoked command in '/home/asdfr-30/ASDfR_3/build/cam2image_vm2ros' returned '0': CMAKE_PREFIX_PATH=${CMAKE_PREFIX_PATH}:/opt/ros/humble /usr/bin/cmake --install /home/asdfr-30/ASDfR_3/build/cam2image_vm2ros
