[0.097s] Invoking command in '/home/asdfr-30/ASDfR_3/build/brightness': CMAKE_PREFIX_PATH=${CMAKE_PREFIX_PATH}:/opt/ros/humble /usr/bin/cmake --build /home/asdfr-30/ASDfR_3/build/brightness -- -j3 -l3
[0.573s] [100%] Built target brightness
[0.664s] Invoked command in '/home/asdfr-30/ASDfR_3/build/brightness' returned '0': CMAKE_PREFIX_PATH=${CMAKE_PREFIX_PATH}:/opt/ros/humble /usr/bin/cmake --build /home/asdfr-30/ASDfR_3/build/brightness -- -j3 -l3
[0.705s] Invoking command in '/home/asdfr-30/ASDfR_3/build/brightness': CMAKE_PREFIX_PATH=${CMAKE_PREFIX_PATH}:/opt/ros/humble /usr/bin/cmake --install /home/asdfr-30/ASDfR_3/build/brightness
[0.756s] -- Install configuration: ""
[0.766s] -- Up-to-date: /home/asdfr-30/ASDfR_3/install/brightness/lib/brightness/brightness
[0.770s] -- Up-to-date: /home/asdfr-30/ASDfR_3/install/brightness/share/ament_index/resource_index/package_run_dependencies/brightness
[0.776s] -- Up-to-date: /home/asdfr-30/ASDfR_3/install/brightness/share/ament_index/resource_index/parent_prefix_path/brightness
[0.789s] -- Up-to-date: /home/asdfr-30/ASDfR_3/install/brightness/share/brightness/environment/ament_prefix_path.sh
[0.792s] -- Up-to-date: /home/asdfr-30/ASDfR_3/install/brightness/share/brightness/environment/ament_prefix_path.dsv
[0.799s] -- Up-to-date: /home/asdfr-30/ASDfR_3/install/brightness/share/brightness/environment/path.sh
[0.802s] -- Up-to-date: /home/asdfr-30/ASDfR_3/install/brightness/share/brightness/environment/path.dsv
[0.809s] -- Up-to-date: /home/asdfr-30/ASDfR_3/install/brightness/share/brightness/local_setup.bash
[0.816s] -- Up-to-date: /home/asdfr-30/ASDfR_3/install/brightness/share/brightness/local_setup.sh
[0.818s] -- Up-to-date: /home/asdfr-30/ASDfR_3/install/brightness/share/brightness/local_setup.zsh
[0.820s] -- Up-to-date: /home/asdfr-30/ASDfR_3/install/brightness/share/brightness/local_setup.dsv
[0.823s] -- Installing: /home/asdfr-30/ASDfR_3/install/brightness/share/brightness/package.dsv
[0.825s] -- Up-to-date: /home/asdfr-30/ASDfR_3/install/brightness/share/ament_index/resource_index/packages/brightness
[0.827s] -- Up-to-date: /home/asdfr-30/ASDfR_3/install/brightness/share/brightness/cmake/brightnessConfig.cmake
[0.829s] -- Up-to-date: /home/asdfr-30/ASDfR_3/install/brightness/share/brightness/cmake/brightnessConfig-version.cmake
[0.833s] -- Up-to-date: /home/asdfr-30/ASDfR_3/install/brightness/share/brightness/package.xml
[0.835s] Invoked command in '/home/asdfr-30/ASDfR_3/build/brightness' returned '0': CMAKE_PREFIX_PATH=${CMAKE_PREFIX_PATH}:/opt/ros/humble /usr/bin/cmake --install /home/asdfr-30/ASDfR_3/build/brightness
