[0.066s] Invoking command in '/home/asdfr-30/ASDfR_3/build/xrf2_msgs': CMAKE_PREFIX_PATH=/opt/ros/humble /usr/bin/cmake --build /home/asdfr-30/ASDfR_3/build/xrf2_msgs -- -j3 -l3
[0.151s] -- Found ament_cmake: 1.3.11 (/opt/ros/humble/share/ament_cmake/cmake)
[0.835s] -- Found rosidl_default_generators: 1.2.0 (/opt/ros/humble/share/rosidl_default_generators/cmake)
[0.842s] -- Using all available rosidl_typesupport_c: rosidl_typesupport_fastrtps_c;rosidl_typesupport_introspection_c
[0.855s] -- Found rosidl_adapter: 3.1.6 (/opt/ros/humble/share/rosidl_adapter/cmake)
[0.965s] -- Using all available rosidl_typesupport_cpp: rosidl_typesupport_fastrtps_cpp;rosidl_typesupport_introspection_cpp
[2.260s] -- Found ament_cmake_ros: 0.10.0 (/opt/ros/humble/share/ament_cmake_ros/cmake)
[3.076s] -- Using all available rosidl_typesupport_c: rosidl_typesupport_fastrtps_c;rosidl_typesupport_introspection_c
[4.171s] -- Using all available rosidl_typesupport_cpp: rosidl_typesupport_fastrtps_cpp;rosidl_typesupport_introspection_cpp
[4.258s] -- Found python_cmake_module: 0.10.0 (/opt/ros/humble/share/python_cmake_module/cmake)
[4.348s] -- Using PYTHON_EXECUTABLE: /usr/bin/python3
[4.349s] -- Using PYTHON_INCLUDE_DIRS: /usr/include/python3.10
[4.351s] -- Using PYTHON_LIBRARIES: /usr/lib/aarch64-linux-gnu/libpython3.10.so
[4.413s] -- Found ament_lint_auto: 0.12.11 (/opt/ros/humble/share/ament_lint_auto/cmake)
[4.461s] -- Added test 'lint_cmake' to check CMake code style
[4.466s] -- Added test 'xmllint' to check XML markup files
[4.478s] -- Configuring done
[4.765s] -- Generating done
[4.854s] -- Build files have been written to: /home/asdfr-30/ASDfR_3/build/xrf2_msgs
[4.938s] [  2%] [34m[1mGenerating C code for ROS interfaces[0m
[5.030s] [  5%] [34m[1mGenerating C++ code for ROS interfaces[0m
[5.045s] [  5%] Built target ament_cmake_python_copy_xrf2_msgs
[7.045s] [  5%] Built target xrf2_msgs__cpp
[7.129s] [  7%] [34m[1mGenerating C++ type support for eProsima Fast-RTPS[0m
[7.385s] running egg_info
[7.389s] writing xrf2_msgs.egg-info/PKG-INFO
[7.391s] writing dependency_links to xrf2_msgs.egg-info/dependency_links.txt
[7.392s] writing top-level names to xrf2_msgs.egg-info/top_level.txt
[7.406s] reading manifest file 'xrf2_msgs.egg-info/SOURCES.txt'
[7.408s] writing manifest file 'xrf2_msgs.egg-info/SOURCES.txt'
[7.567s] [  7%] Built target ament_cmake_python_build_xrf2_msgs_egg
[7.599s] [35m[1mConsolidate compiler generated dependencies of target xrf2_msgs__rosidl_generator_c[0m
[7.665s] [ 10%] [34m[1mGenerating C++ introspection for ROS interfaces[0m
[7.740s] [ 12%] [32mBuilding C object CMakeFiles/xrf2_msgs__rosidl_generator_c.dir/rosidl_generator_c/xrf2_msgs/msg/detail/ros2_xeno__functions.c.o[0m
[8.033s] [ 15%] [32mBuilding C object CMakeFiles/xrf2_msgs__rosidl_generator_c.dir/rosidl_generator_c/xrf2_msgs/msg/detail/xeno2_ros__functions.c.o[0m
[8.265s] [ 17%] [32m[1mLinking C shared library libxrf2_msgs__rosidl_generator_c.so[0m
[8.431s] [ 17%] Built target xrf2_msgs__rosidl_generator_c
[8.529s] [ 20%] [34m[1mGenerating C++ type support dispatch for ROS interfaces[0m
[9.431s] [35m[1mConsolidate compiler generated dependencies of target xrf2_msgs__rosidl_typesupport_introspection_cpp[0m
[9.432s] [35m[1mConsolidate compiler generated dependencies of target xrf2_msgs__rosidl_typesupport_fastrtps_cpp[0m
[9.696s] [ 23%] [32mBuilding CXX object CMakeFiles/xrf2_msgs__rosidl_typesupport_fastrtps_cpp.dir/rosidl_typesupport_fastrtps_cpp/xrf2_msgs/msg/detail/dds_fastrtps/ros2_xeno__type_support.cpp.o[0m
[9.962s] [ 25%] [32mBuilding CXX object CMakeFiles/xrf2_msgs__rosidl_typesupport_introspection_cpp.dir/rosidl_typesupport_introspection_cpp/xrf2_msgs/msg/detail/ros2_xeno__type_support.cpp.o[0m
[10.232s] [35m[1mConsolidate compiler generated dependencies of target xrf2_msgs__rosidl_typesupport_cpp[0m
[10.445s] [ 28%] [32mBuilding CXX object CMakeFiles/xrf2_msgs__rosidl_typesupport_cpp.dir/rosidl_typesupport_cpp/xrf2_msgs/msg/ros2_xeno__type_support.cpp.o[0m
[11.857s] [ 30%] [32mBuilding CXX object CMakeFiles/xrf2_msgs__rosidl_typesupport_fastrtps_cpp.dir/rosidl_typesupport_fastrtps_cpp/xrf2_msgs/msg/detail/dds_fastrtps/xeno2_ros__type_support.cpp.o[0m
[12.199s] [ 33%] [32mBuilding CXX object CMakeFiles/xrf2_msgs__rosidl_typesupport_cpp.dir/rosidl_typesupport_cpp/xrf2_msgs/msg/xeno2_ros__type_support.cpp.o[0m
[12.890s] [ 35%] [32mBuilding CXX object CMakeFiles/xrf2_msgs__rosidl_typesupport_introspection_cpp.dir/rosidl_typesupport_introspection_cpp/xrf2_msgs/msg/detail/xeno2_ros__type_support.cpp.o[0m
[14.555s] [ 38%] [32m[1mLinking CXX shared library libxrf2_msgs__rosidl_typesupport_cpp.so[0m
[14.641s] [ 41%] [32m[1mLinking CXX shared library libxrf2_msgs__rosidl_typesupport_fastrtps_cpp.so[0m
[14.862s] [ 41%] Built target xrf2_msgs__rosidl_typesupport_cpp
[14.902s] [ 43%] [34m[1mGenerating C type support for eProsima Fast-RTPS[0m
[14.969s] [ 46%] [32m[1mLinking CXX shared library libxrf2_msgs__rosidl_typesupport_introspection_cpp.so[0m
[15.143s] [ 46%] Built target xrf2_msgs__rosidl_typesupport_introspection_cpp
[15.184s] [ 48%] [34m[1mGenerating C introspection for ROS interfaces[0m
[15.338s] [ 48%] Built target xrf2_msgs__rosidl_typesupport_fastrtps_cpp
[15.439s] [ 51%] [34m[1mGenerating C type support dispatch for ROS interfaces[0m
[16.335s] [35m[1mConsolidate compiler generated dependencies of target xrf2_msgs__rosidl_typesupport_fastrtps_c[0m
[16.852s] [ 53%] [32mBuilding CXX object CMakeFiles/xrf2_msgs__rosidl_typesupport_fastrtps_c.dir/rosidl_typesupport_fastrtps_c/xrf2_msgs/msg/detail/ros2_xeno__type_support_c.cpp.o[0m
[17.028s] [35m[1mConsolidate compiler generated dependencies of target xrf2_msgs__rosidl_typesupport_introspection_c[0m
[17.247s] [ 56%] [32mBuilding C object CMakeFiles/xrf2_msgs__rosidl_typesupport_introspection_c.dir/rosidl_typesupport_introspection_c/xrf2_msgs/msg/detail/ros2_xeno__type_support.c.o[0m
[17.365s] [ 58%] [32mBuilding C object CMakeFiles/xrf2_msgs__rosidl_typesupport_introspection_c.dir/rosidl_typesupport_introspection_c/xrf2_msgs/msg/detail/xeno2_ros__type_support.c.o[0m
[17.496s] [ 61%] [32m[1mLinking C shared library libxrf2_msgs__rosidl_typesupport_introspection_c.so[0m
[17.635s] [ 61%] Built target xrf2_msgs__rosidl_typesupport_introspection_c
[17.673s] [ 64%] [32mBuilding CXX object CMakeFiles/xrf2_msgs__rosidl_typesupport_fastrtps_c.dir/rosidl_typesupport_fastrtps_c/xrf2_msgs/msg/detail/xeno2_ros__type_support_c.cpp.o[0m
[17.915s] [35m[1mConsolidate compiler generated dependencies of target xrf2_msgs__rosidl_typesupport_c[0m
[18.049s] [ 66%] [32mBuilding CXX object CMakeFiles/xrf2_msgs__rosidl_typesupport_c.dir/rosidl_typesupport_c/xrf2_msgs/msg/ros2_xeno__type_support.cpp.o[0m
[18.343s] [ 69%] [32mBuilding CXX object CMakeFiles/xrf2_msgs__rosidl_typesupport_c.dir/rosidl_typesupport_c/xrf2_msgs/msg/xeno2_ros__type_support.cpp.o[0m
[18.625s] [ 71%] [32m[1mLinking CXX shared library libxrf2_msgs__rosidl_typesupport_c.so[0m
[18.785s] [ 71%] Built target xrf2_msgs__rosidl_typesupport_c
[19.463s] [ 74%] [32m[1mLinking CXX shared library libxrf2_msgs__rosidl_typesupport_fastrtps_c.so[0m
[19.783s] [ 74%] Built target xrf2_msgs__rosidl_typesupport_fastrtps_c
[19.841s] [ 74%] Built target xrf2_msgs
[19.898s] [ 76%] [34m[1mGenerating Python code for ROS interfaces[0m
[21.666s] [ 76%] Built target xrf2_msgs__py
[21.693s] [35m[1mConsolidate compiler generated dependencies of target xrf2_msgs__rosidl_generator_py[0m
[21.942s] [ 82%] [32mBuilding C object CMakeFiles/xrf2_msgs__rosidl_generator_py.dir/rosidl_generator_py/xrf2_msgs/msg/_xeno2_ros_s.c.o[0m
[21.945s] [ 82%] [32mBuilding C object CMakeFiles/xrf2_msgs__rosidl_generator_py.dir/rosidl_generator_py/xrf2_msgs/msg/_ros2_xeno_s.c.o[0m
[22.376s] [ 84%] [32m[1mLinking C shared library rosidl_generator_py/xrf2_msgs/libxrf2_msgs__rosidl_generator_py.so[0m
[22.541s] [ 84%] Built target xrf2_msgs__rosidl_generator_py
[22.587s] [35m[1mConsolidate compiler generated dependencies of target xrf2_msgs__rosidl_typesupport_introspection_c__pyext[0m
[22.590s] [35m[1mConsolidate compiler generated dependencies of target xrf2_msgs__rosidl_typesupport_c__pyext[0m
[22.607s] [35m[1mConsolidate compiler generated dependencies of target xrf2_msgs__rosidl_typesupport_fastrtps_c__pyext[0m
[22.831s] [ 87%] [32mBuilding C object CMakeFiles/xrf2_msgs__rosidl_typesupport_c__pyext.dir/rosidl_generator_py/xrf2_msgs/_xrf2_msgs_s.ep.rosidl_typesupport_c.c.o[0m
[22.882s] [ 89%] [32mBuilding C object CMakeFiles/xrf2_msgs__rosidl_typesupport_fastrtps_c__pyext.dir/rosidl_generator_py/xrf2_msgs/_xrf2_msgs_s.ep.rosidl_typesupport_fastrtps_c.c.o[0m
[22.939s] [ 92%] [32mBuilding C object CMakeFiles/xrf2_msgs__rosidl_typesupport_introspection_c__pyext.dir/rosidl_generator_py/xrf2_msgs/_xrf2_msgs_s.ep.rosidl_typesupport_introspection_c.c.o[0m
[23.440s] [ 94%] [32m[1mLinking C shared library rosidl_generator_py/xrf2_msgs/xrf2_msgs_s__rosidl_typesupport_introspection_c.cpython-310-aarch64-linux-gnu.so[0m
[23.450s] [ 97%] [32m[1mLinking C shared library rosidl_generator_py/xrf2_msgs/xrf2_msgs_s__rosidl_typesupport_fastrtps_c.cpython-310-aarch64-linux-gnu.so[0m
[23.568s] [100%] [32m[1mLinking C shared library rosidl_generator_py/xrf2_msgs/xrf2_msgs_s__rosidl_typesupport_c.cpython-310-aarch64-linux-gnu.so[0m
[23.648s] [100%] Built target xrf2_msgs__rosidl_typesupport_introspection_c__pyext
[23.658s] [100%] Built target xrf2_msgs__rosidl_typesupport_fastrtps_c__pyext
[23.748s] [100%] Built target xrf2_msgs__rosidl_typesupport_c__pyext
[23.787s] Invoked command in '/home/asdfr-30/ASDfR_3/build/xrf2_msgs' returned '0': CMAKE_PREFIX_PATH=/opt/ros/humble /usr/bin/cmake --build /home/asdfr-30/ASDfR_3/build/xrf2_msgs -- -j3 -l3
[23.796s] Invoking command in '/home/asdfr-30/ASDfR_3/build/xrf2_msgs': CMAKE_PREFIX_PATH=/opt/ros/humble /usr/bin/cmake --install /home/asdfr-30/ASDfR_3/build/xrf2_msgs
[23.810s] -- Install configuration: ""
[23.813s] -- Up-to-date: /home/asdfr-30/ASDfR_3/install/xrf2_msgs/share/ament_index/resource_index/rosidl_interfaces/xrf2_msgs
[23.815s] -- Up-to-date: /home/asdfr-30/ASDfR_3/install/xrf2_msgs/include/xrf2_msgs/xrf2_msgs
[23.818s] -- Up-to-date: /home/asdfr-30/ASDfR_3/install/xrf2_msgs/include/xrf2_msgs/xrf2_msgs/msg
[23.821s] -- Up-to-date: /home/asdfr-30/ASDfR_3/install/xrf2_msgs/include/xrf2_msgs/xrf2_msgs/msg/rosidl_generator_c__visibility_control.h
[23.824s] -- Up-to-date: /home/asdfr-30/ASDfR_3/install/xrf2_msgs/include/xrf2_msgs/xrf2_msgs/msg/detail
[23.826s] -- Installing: /home/asdfr-30/ASDfR_3/install/xrf2_msgs/include/xrf2_msgs/xrf2_msgs/msg/detail/xeno2_ros__type_support.h
[23.829s] -- Installing: /home/asdfr-30/ASDfR_3/install/xrf2_msgs/include/xrf2_msgs/xrf2_msgs/msg/detail/xeno2_ros__functions.c
[23.831s] -- Installing: /home/asdfr-30/ASDfR_3/install/xrf2_msgs/include/xrf2_msgs/xrf2_msgs/msg/detail/ros2_xeno__functions.c
[23.837s] -- Installing: /home/asdfr-30/ASDfR_3/install/xrf2_msgs/include/xrf2_msgs/xrf2_msgs/msg/detail/ros2_xeno__type_support.h
[23.843s] -- Installing: /home/asdfr-30/ASDfR_3/install/xrf2_msgs/include/xrf2_msgs/xrf2_msgs/msg/detail/xeno2_ros__struct.h
[23.849s] -- Installing: /home/asdfr-30/ASDfR_3/install/xrf2_msgs/include/xrf2_msgs/xrf2_msgs/msg/detail/ros2_xeno__functions.h
[23.850s] -- Installing: /home/asdfr-30/ASDfR_3/install/xrf2_msgs/include/xrf2_msgs/xrf2_msgs/msg/detail/xeno2_ros__functions.h
[23.852s] -- Installing: /home/asdfr-30/ASDfR_3/install/xrf2_msgs/include/xrf2_msgs/xrf2_msgs/msg/detail/ros2_xeno__struct.h
[23.856s] -- Installing: /home/asdfr-30/ASDfR_3/install/xrf2_msgs/include/xrf2_msgs/xrf2_msgs/msg/xeno2_ros.h
[23.859s] -- Installing: /home/asdfr-30/ASDfR_3/install/xrf2_msgs/include/xrf2_msgs/xrf2_msgs/msg/ros2_xeno.h
[23.865s] -- Up-to-date: /home/asdfr-30/ASDfR_3/install/xrf2_msgs/share/xrf2_msgs/environment/library_path.sh
[23.874s] -- Installing: /home/asdfr-30/ASDfR_3/install/xrf2_msgs/share/xrf2_msgs/environment/library_path.dsv
[23.878s] -- Installing: /home/asdfr-30/ASDfR_3/install/xrf2_msgs/lib/libxrf2_msgs__rosidl_generator_c.so
[23.881s] -- Set runtime path of "/home/asdfr-30/ASDfR_3/install/xrf2_msgs/lib/libxrf2_msgs__rosidl_generator_c.so" to ""
[23.885s] -- Up-to-date: /home/asdfr-30/ASDfR_3/install/xrf2_msgs/include/xrf2_msgs/xrf2_msgs
[23.888s] -- Up-to-date: /home/asdfr-30/ASDfR_3/install/xrf2_msgs/include/xrf2_msgs/xrf2_msgs/msg
[23.897s] -- Up-to-date: /home/asdfr-30/ASDfR_3/install/xrf2_msgs/include/xrf2_msgs/xrf2_msgs/msg/rosidl_typesupport_fastrtps_c__visibility_control.h
[23.900s] -- Up-to-date: /home/asdfr-30/ASDfR_3/install/xrf2_msgs/include/xrf2_msgs/xrf2_msgs/msg/detail
[23.908s] -- Installing: /home/asdfr-30/ASDfR_3/install/xrf2_msgs/include/xrf2_msgs/xrf2_msgs/msg/detail/ros2_xeno__rosidl_typesupport_fastrtps_c.h
[23.912s] -- Installing: /home/asdfr-30/ASDfR_3/install/xrf2_msgs/include/xrf2_msgs/xrf2_msgs/msg/detail/xeno2_ros__rosidl_typesupport_fastrtps_c.h
[23.915s] -- Installing: /home/asdfr-30/ASDfR_3/install/xrf2_msgs/lib/libxrf2_msgs__rosidl_typesupport_fastrtps_c.so
[23.918s] -- Set runtime path of "/home/asdfr-30/ASDfR_3/install/xrf2_msgs/lib/libxrf2_msgs__rosidl_typesupport_fastrtps_c.so" to ""
[23.921s] -- Up-to-date: /home/asdfr-30/ASDfR_3/install/xrf2_msgs/include/xrf2_msgs/xrf2_msgs
[23.924s] -- Up-to-date: /home/asdfr-30/ASDfR_3/install/xrf2_msgs/include/xrf2_msgs/xrf2_msgs/msg
[23.927s] -- Up-to-date: /home/asdfr-30/ASDfR_3/install/xrf2_msgs/include/xrf2_msgs/xrf2_msgs/msg/rosidl_typesupport_introspection_c__visibility_control.h
[23.930s] -- Up-to-date: /home/asdfr-30/ASDfR_3/install/xrf2_msgs/include/xrf2_msgs/xrf2_msgs/msg/detail
[23.933s] -- Installing: /home/asdfr-30/ASDfR_3/install/xrf2_msgs/include/xrf2_msgs/xrf2_msgs/msg/detail/xeno2_ros__type_support.c
[23.937s] -- Installing: /home/asdfr-30/ASDfR_3/install/xrf2_msgs/include/xrf2_msgs/xrf2_msgs/msg/detail/ros2_xeno__type_support.c
[23.940s] -- Installing: /home/asdfr-30/ASDfR_3/install/xrf2_msgs/include/xrf2_msgs/xrf2_msgs/msg/detail/ros2_xeno__rosidl_typesupport_introspection_c.h
[23.943s] -- Installing: /home/asdfr-30/ASDfR_3/install/xrf2_msgs/include/xrf2_msgs/xrf2_msgs/msg/detail/xeno2_ros__rosidl_typesupport_introspection_c.h
[23.948s] -- Installing: /home/asdfr-30/ASDfR_3/install/xrf2_msgs/lib/libxrf2_msgs__rosidl_typesupport_introspection_c.so
[23.952s] -- Set runtime path of "/home/asdfr-30/ASDfR_3/install/xrf2_msgs/lib/libxrf2_msgs__rosidl_typesupport_introspection_c.so" to ""
[23.955s] -- Installing: /home/asdfr-30/ASDfR_3/install/xrf2_msgs/lib/libxrf2_msgs__rosidl_typesupport_c.so
[23.958s] -- Set runtime path of "/home/asdfr-30/ASDfR_3/install/xrf2_msgs/lib/libxrf2_msgs__rosidl_typesupport_c.so" to ""
[23.961s] -- Up-to-date: /home/asdfr-30/ASDfR_3/install/xrf2_msgs/include/xrf2_msgs/xrf2_msgs
[23.964s] -- Up-to-date: /home/asdfr-30/ASDfR_3/install/xrf2_msgs/include/xrf2_msgs/xrf2_msgs/msg
[23.967s] -- Installing: /home/asdfr-30/ASDfR_3/install/xrf2_msgs/include/xrf2_msgs/xrf2_msgs/msg/xeno2_ros.hpp
[23.972s] -- Up-to-date: /home/asdfr-30/ASDfR_3/install/xrf2_msgs/include/xrf2_msgs/xrf2_msgs/msg/detail
[23.976s] -- Installing: /home/asdfr-30/ASDfR_3/install/xrf2_msgs/include/xrf2_msgs/xrf2_msgs/msg/detail/xeno2_ros__type_support.hpp
[23.980s] -- Installing: /home/asdfr-30/ASDfR_3/install/xrf2_msgs/include/xrf2_msgs/xrf2_msgs/msg/detail/ros2_xeno__struct.hpp
[23.983s] -- Installing: /home/asdfr-30/ASDfR_3/install/xrf2_msgs/include/xrf2_msgs/xrf2_msgs/msg/detail/ros2_xeno__builder.hpp
[23.986s] -- Installing: /home/asdfr-30/ASDfR_3/install/xrf2_msgs/include/xrf2_msgs/xrf2_msgs/msg/detail/ros2_xeno__type_support.hpp
[23.989s] -- Installing: /home/asdfr-30/ASDfR_3/install/xrf2_msgs/include/xrf2_msgs/xrf2_msgs/msg/detail/xeno2_ros__builder.hpp
[24.005s] -- Installing: /home/asdfr-30/ASDfR_3/install/xrf2_msgs/include/xrf2_msgs/xrf2_msgs/msg/detail/xeno2_ros__traits.hpp
[24.007s] -- Installing: /home/asdfr-30/ASDfR_3/install/xrf2_msgs/include/xrf2_msgs/xrf2_msgs/msg/detail/xeno2_ros__struct.hpp
[24.008s] -- Installing: /home/asdfr-30/ASDfR_3/install/xrf2_msgs/include/xrf2_msgs/xrf2_msgs/msg/detail/ros2_xeno__traits.hpp
[24.014s] -- Installing: /home/asdfr-30/ASDfR_3/install/xrf2_msgs/include/xrf2_msgs/xrf2_msgs/msg/ros2_xeno.hpp
[24.017s] -- Up-to-date: /home/asdfr-30/ASDfR_3/install/xrf2_msgs/include/xrf2_msgs/xrf2_msgs/msg/rosidl_generator_cpp__visibility_control.hpp
[24.021s] -- Up-to-date: /home/asdfr-30/ASDfR_3/install/xrf2_msgs/include/xrf2_msgs/xrf2_msgs
[24.024s] -- Up-to-date: /home/asdfr-30/ASDfR_3/install/xrf2_msgs/include/xrf2_msgs/xrf2_msgs/msg
[24.027s] -- Up-to-date: /home/asdfr-30/ASDfR_3/install/xrf2_msgs/include/xrf2_msgs/xrf2_msgs/msg/rosidl_typesupport_fastrtps_cpp__visibility_control.h
[24.030s] -- Up-to-date: /home/asdfr-30/ASDfR_3/install/xrf2_msgs/include/xrf2_msgs/xrf2_msgs/msg/detail
[24.033s] -- Up-to-date: /home/asdfr-30/ASDfR_3/install/xrf2_msgs/include/xrf2_msgs/xrf2_msgs/msg/detail/dds_fastrtps
[24.036s] -- Installing: /home/asdfr-30/ASDfR_3/install/xrf2_msgs/include/xrf2_msgs/xrf2_msgs/msg/detail/xeno2_ros__rosidl_typesupport_fastrtps_cpp.hpp
[24.039s] -- Installing: /home/asdfr-30/ASDfR_3/install/xrf2_msgs/include/xrf2_msgs/xrf2_msgs/msg/detail/ros2_xeno__rosidl_typesupport_fastrtps_cpp.hpp
[24.043s] -- Installing: /home/asdfr-30/ASDfR_3/install/xrf2_msgs/lib/libxrf2_msgs__rosidl_typesupport_fastrtps_cpp.so
[24.046s] -- Set runtime path of "/home/asdfr-30/ASDfR_3/install/xrf2_msgs/lib/libxrf2_msgs__rosidl_typesupport_fastrtps_cpp.so" to ""
[24.049s] -- Up-to-date: /home/asdfr-30/ASDfR_3/install/xrf2_msgs/include/xrf2_msgs/xrf2_msgs
[24.052s] -- Up-to-date: /home/asdfr-30/ASDfR_3/install/xrf2_msgs/include/xrf2_msgs/xrf2_msgs/msg
[24.055s] -- Up-to-date: /home/asdfr-30/ASDfR_3/install/xrf2_msgs/include/xrf2_msgs/xrf2_msgs/msg/detail
[24.058s] -- Installing: /home/asdfr-30/ASDfR_3/install/xrf2_msgs/include/xrf2_msgs/xrf2_msgs/msg/detail/xeno2_ros__type_support.cpp
[24.061s] -- Installing: /home/asdfr-30/ASDfR_3/install/xrf2_msgs/include/xrf2_msgs/xrf2_msgs/msg/detail/xeno2_ros__rosidl_typesupport_introspection_cpp.hpp
[24.064s] -- Installing: /home/asdfr-30/ASDfR_3/install/xrf2_msgs/include/xrf2_msgs/xrf2_msgs/msg/detail/ros2_xeno__rosidl_typesupport_introspection_cpp.hpp
[24.068s] -- Installing: /home/asdfr-30/ASDfR_3/install/xrf2_msgs/include/xrf2_msgs/xrf2_msgs/msg/detail/ros2_xeno__type_support.cpp
[24.072s] -- Installing: /home/asdfr-30/ASDfR_3/install/xrf2_msgs/lib/libxrf2_msgs__rosidl_typesupport_introspection_cpp.so
[24.076s] -- Set runtime path of "/home/asdfr-30/ASDfR_3/install/xrf2_msgs/lib/libxrf2_msgs__rosidl_typesupport_introspection_cpp.so" to ""
[24.080s] -- Installing: /home/asdfr-30/ASDfR_3/install/xrf2_msgs/lib/libxrf2_msgs__rosidl_typesupport_cpp.so
[24.083s] -- Set runtime path of "/home/asdfr-30/ASDfR_3/install/xrf2_msgs/lib/libxrf2_msgs__rosidl_typesupport_cpp.so" to ""
[24.086s] -- Up-to-date: /home/asdfr-30/ASDfR_3/install/xrf2_msgs/share/xrf2_msgs/environment/pythonpath.sh
[24.089s] -- Installing: /home/asdfr-30/ASDfR_3/install/xrf2_msgs/share/xrf2_msgs/environment/pythonpath.dsv
[24.092s] -- Up-to-date: /home/asdfr-30/ASDfR_3/install/xrf2_msgs/local/lib/python3.10/dist-packages/xrf2_msgs-0.0.0-py3.10.egg-info
[24.095s] -- Installing: /home/asdfr-30/ASDfR_3/install/xrf2_msgs/local/lib/python3.10/dist-packages/xrf2_msgs-0.0.0-py3.10.egg-info/top_level.txt
[24.099s] -- Installing: /home/asdfr-30/ASDfR_3/install/xrf2_msgs/local/lib/python3.10/dist-packages/xrf2_msgs-0.0.0-py3.10.egg-info/SOURCES.txt
[24.103s] -- Installing: /home/asdfr-30/ASDfR_3/install/xrf2_msgs/local/lib/python3.10/dist-packages/xrf2_msgs-0.0.0-py3.10.egg-info/PKG-INFO
[24.109s] -- Installing: /home/asdfr-30/ASDfR_3/install/xrf2_msgs/local/lib/python3.10/dist-packages/xrf2_msgs-0.0.0-py3.10.egg-info/dependency_links.txt
[24.113s] -- Up-to-date: /home/asdfr-30/ASDfR_3/install/xrf2_msgs/local/lib/python3.10/dist-packages/xrf2_msgs
[24.118s] -- Installing: /home/asdfr-30/ASDfR_3/install/xrf2_msgs/local/lib/python3.10/dist-packages/xrf2_msgs/xrf2_msgs_s__rosidl_typesupport_introspection_c.cpython-310-aarch64-linux-gnu.so
[24.122s] -- Installing: /home/asdfr-30/ASDfR_3/install/xrf2_msgs/local/lib/python3.10/dist-packages/xrf2_msgs/_xrf2_msgs_s.ep.rosidl_typesupport_c.c
[24.126s] -- Installing: /home/asdfr-30/ASDfR_3/install/xrf2_msgs/local/lib/python3.10/dist-packages/xrf2_msgs/_xrf2_msgs_s.ep.rosidl_typesupport_introspection_c.c
[24.131s] -- Installing: /home/asdfr-30/ASDfR_3/install/xrf2_msgs/local/lib/python3.10/dist-packages/xrf2_msgs/_xrf2_msgs_s.ep.rosidl_typesupport_fastrtps_c.c
[24.135s] -- Installing: /home/asdfr-30/ASDfR_3/install/xrf2_msgs/local/lib/python3.10/dist-packages/xrf2_msgs/xrf2_msgs_s__rosidl_typesupport_fastrtps_c.cpython-310-aarch64-linux-gnu.so
[24.138s] -- Up-to-date: /home/asdfr-30/ASDfR_3/install/xrf2_msgs/local/lib/python3.10/dist-packages/xrf2_msgs/msg
[24.141s] -- Installing: /home/asdfr-30/ASDfR_3/install/xrf2_msgs/local/lib/python3.10/dist-packages/xrf2_msgs/msg/_xeno2_ros_s.c
[24.147s] -- Installing: /home/asdfr-30/ASDfR_3/install/xrf2_msgs/local/lib/python3.10/dist-packages/xrf2_msgs/msg/_ros2_xeno.py
[24.152s] -- Installing: /home/asdfr-30/ASDfR_3/install/xrf2_msgs/local/lib/python3.10/dist-packages/xrf2_msgs/msg/__init__.py
[24.156s] -- Installing: /home/asdfr-30/ASDfR_3/install/xrf2_msgs/local/lib/python3.10/dist-packages/xrf2_msgs/msg/_ros2_xeno_s.c
[24.159s] -- Installing: /home/asdfr-30/ASDfR_3/install/xrf2_msgs/local/lib/python3.10/dist-packages/xrf2_msgs/msg/_xeno2_ros.py
[24.162s] -- Installing: /home/asdfr-30/ASDfR_3/install/xrf2_msgs/local/lib/python3.10/dist-packages/xrf2_msgs/libxrf2_msgs__rosidl_generator_py.so
[24.166s] -- Installing: /home/asdfr-30/ASDfR_3/install/xrf2_msgs/local/lib/python3.10/dist-packages/xrf2_msgs/xrf2_msgs_s__rosidl_typesupport_c.cpython-310-aarch64-linux-gnu.so
[24.170s] -- Installing: /home/asdfr-30/ASDfR_3/install/xrf2_msgs/local/lib/python3.10/dist-packages/xrf2_msgs/__init__.py
[24.176s] Listing '/home/asdfr-30/ASDfR_3/install/xrf2_msgs/local/lib/python3.10/dist-packages/xrf2_msgs'...
[24.184s] Compiling '/home/asdfr-30/ASDfR_3/install/xrf2_msgs/local/lib/python3.10/dist-packages/xrf2_msgs/__init__.py'...
[24.187s] Listing '/home/asdfr-30/ASDfR_3/install/xrf2_msgs/local/lib/python3.10/dist-packages/xrf2_msgs/msg'...
[24.190s] Compiling '/home/asdfr-30/ASDfR_3/install/xrf2_msgs/local/lib/python3.10/dist-packages/xrf2_msgs/msg/__init__.py'...
[24.193s] Compiling '/home/asdfr-30/ASDfR_3/install/xrf2_msgs/local/lib/python3.10/dist-packages/xrf2_msgs/msg/_ros2_xeno.py'...
[24.194s] Compiling '/home/asdfr-30/ASDfR_3/install/xrf2_msgs/local/lib/python3.10/dist-packages/xrf2_msgs/msg/_xeno2_ros.py'...
[24.197s] -- Installing: /home/asdfr-30/ASDfR_3/install/xrf2_msgs/local/lib/python3.10/dist-packages/xrf2_msgs/xrf2_msgs_s__rosidl_typesupport_fastrtps_c.cpython-310-aarch64-linux-gnu.so
[24.199s] -- Set runtime path of "/home/asdfr-30/ASDfR_3/install/xrf2_msgs/local/lib/python3.10/dist-packages/xrf2_msgs/xrf2_msgs_s__rosidl_typesupport_fastrtps_c.cpython-310-aarch64-linux-gnu.so" to ""
[24.201s] -- Installing: /home/asdfr-30/ASDfR_3/install/xrf2_msgs/local/lib/python3.10/dist-packages/xrf2_msgs/xrf2_msgs_s__rosidl_typesupport_introspection_c.cpython-310-aarch64-linux-gnu.so
[24.204s] -- Set runtime path of "/home/asdfr-30/ASDfR_3/install/xrf2_msgs/local/lib/python3.10/dist-packages/xrf2_msgs/xrf2_msgs_s__rosidl_typesupport_introspection_c.cpython-310-aarch64-linux-gnu.so" to ""
[24.205s] -- Installing: /home/asdfr-30/ASDfR_3/install/xrf2_msgs/local/lib/python3.10/dist-packages/xrf2_msgs/xrf2_msgs_s__rosidl_typesupport_c.cpython-310-aarch64-linux-gnu.so
[24.208s] -- Set runtime path of "/home/asdfr-30/ASDfR_3/install/xrf2_msgs/local/lib/python3.10/dist-packages/xrf2_msgs/xrf2_msgs_s__rosidl_typesupport_c.cpython-310-aarch64-linux-gnu.so" to ""
[24.210s] -- Installing: /home/asdfr-30/ASDfR_3/install/xrf2_msgs/lib/libxrf2_msgs__rosidl_generator_py.so
[24.212s] -- Set runtime path of "/home/asdfr-30/ASDfR_3/install/xrf2_msgs/lib/libxrf2_msgs__rosidl_generator_py.so" to ""
[24.215s] -- Up-to-date: /home/asdfr-30/ASDfR_3/install/xrf2_msgs/share/xrf2_msgs/msg/Ros2Xeno.idl
[24.217s] -- Up-to-date: /home/asdfr-30/ASDfR_3/install/xrf2_msgs/share/xrf2_msgs/msg/Xeno2Ros.idl
[24.220s] -- Up-to-date: /home/asdfr-30/ASDfR_3/install/xrf2_msgs/share/xrf2_msgs/msg/Ros2Xeno.msg
[24.221s] -- Installing: /home/asdfr-30/ASDfR_3/install/xrf2_msgs/share/xrf2_msgs/msg/Xeno2Ros.msg
[24.224s] -- Up-to-date: /home/asdfr-30/ASDfR_3/install/xrf2_msgs/share/ament_index/resource_index/package_run_dependencies/xrf2_msgs
[24.227s] -- Up-to-date: /home/asdfr-30/ASDfR_3/install/xrf2_msgs/share/ament_index/resource_index/parent_prefix_path/xrf2_msgs
[24.229s] -- Up-to-date: /home/asdfr-30/ASDfR_3/install/xrf2_msgs/share/xrf2_msgs/environment/ament_prefix_path.sh
[24.231s] -- Installing: /home/asdfr-30/ASDfR_3/install/xrf2_msgs/share/xrf2_msgs/environment/ament_prefix_path.dsv
[24.235s] -- Up-to-date: /home/asdfr-30/ASDfR_3/install/xrf2_msgs/share/xrf2_msgs/environment/path.sh
[24.238s] -- Installing: /home/asdfr-30/ASDfR_3/install/xrf2_msgs/share/xrf2_msgs/environment/path.dsv
[24.240s] -- Up-to-date: /home/asdfr-30/ASDfR_3/install/xrf2_msgs/share/xrf2_msgs/local_setup.bash
[24.241s] -- Up-to-date: /home/asdfr-30/ASDfR_3/install/xrf2_msgs/share/xrf2_msgs/local_setup.sh
[24.244s] -- Up-to-date: /home/asdfr-30/ASDfR_3/install/xrf2_msgs/share/xrf2_msgs/local_setup.zsh
[24.246s] -- Installing: /home/asdfr-30/ASDfR_3/install/xrf2_msgs/share/xrf2_msgs/local_setup.dsv
[24.249s] -- Installing: /home/asdfr-30/ASDfR_3/install/xrf2_msgs/share/xrf2_msgs/package.dsv
[24.251s] -- Up-to-date: /home/asdfr-30/ASDfR_3/install/xrf2_msgs/share/ament_index/resource_index/packages/xrf2_msgs
[24.254s] -- Up-to-date: /home/asdfr-30/ASDfR_3/install/xrf2_msgs/share/xrf2_msgs/cmake/export_xrf2_msgs__rosidl_generator_cExport.cmake
[24.256s] -- Up-to-date: /home/asdfr-30/ASDfR_3/install/xrf2_msgs/share/xrf2_msgs/cmake/export_xrf2_msgs__rosidl_generator_cExport-noconfig.cmake
[24.258s] -- Up-to-date: /home/asdfr-30/ASDfR_3/install/xrf2_msgs/share/xrf2_msgs/cmake/export_xrf2_msgs__rosidl_typesupport_fastrtps_cExport.cmake
[24.260s] -- Up-to-date: /home/asdfr-30/ASDfR_3/install/xrf2_msgs/share/xrf2_msgs/cmake/export_xrf2_msgs__rosidl_typesupport_fastrtps_cExport-noconfig.cmake
[24.263s] -- Up-to-date: /home/asdfr-30/ASDfR_3/install/xrf2_msgs/share/xrf2_msgs/cmake/xrf2_msgs__rosidl_typesupport_introspection_cExport.cmake
[24.264s] -- Up-to-date: /home/asdfr-30/ASDfR_3/install/xrf2_msgs/share/xrf2_msgs/cmake/xrf2_msgs__rosidl_typesupport_introspection_cExport-noconfig.cmake
[24.266s] -- Up-to-date: /home/asdfr-30/ASDfR_3/install/xrf2_msgs/share/xrf2_msgs/cmake/xrf2_msgs__rosidl_typesupport_cExport.cmake
[24.268s] -- Up-to-date: /home/asdfr-30/ASDfR_3/install/xrf2_msgs/share/xrf2_msgs/cmake/xrf2_msgs__rosidl_typesupport_cExport-noconfig.cmake
[24.271s] -- Up-to-date: /home/asdfr-30/ASDfR_3/install/xrf2_msgs/share/xrf2_msgs/cmake/export_xrf2_msgs__rosidl_generator_cppExport.cmake
[24.277s] -- Up-to-date: /home/asdfr-30/ASDfR_3/install/xrf2_msgs/share/xrf2_msgs/cmake/export_xrf2_msgs__rosidl_typesupport_fastrtps_cppExport.cmake
[24.280s] -- Up-to-date: /home/asdfr-30/ASDfR_3/install/xrf2_msgs/share/xrf2_msgs/cmake/export_xrf2_msgs__rosidl_typesupport_fastrtps_cppExport-noconfig.cmake
[24.282s] -- Up-to-date: /home/asdfr-30/ASDfR_3/install/xrf2_msgs/share/xrf2_msgs/cmake/xrf2_msgs__rosidl_typesupport_introspection_cppExport.cmake
[24.284s] -- Up-to-date: /home/asdfr-30/ASDfR_3/install/xrf2_msgs/share/xrf2_msgs/cmake/xrf2_msgs__rosidl_typesupport_introspection_cppExport-noconfig.cmake
[24.286s] -- Up-to-date: /home/asdfr-30/ASDfR_3/install/xrf2_msgs/share/xrf2_msgs/cmake/xrf2_msgs__rosidl_typesupport_cppExport.cmake
[24.288s] -- Up-to-date: /home/asdfr-30/ASDfR_3/install/xrf2_msgs/share/xrf2_msgs/cmake/xrf2_msgs__rosidl_typesupport_cppExport-noconfig.cmake
[24.290s] -- Up-to-date: /home/asdfr-30/ASDfR_3/install/xrf2_msgs/share/xrf2_msgs/cmake/export_xrf2_msgs__rosidl_generator_pyExport.cmake
[24.295s] -- Up-to-date: /home/asdfr-30/ASDfR_3/install/xrf2_msgs/share/xrf2_msgs/cmake/export_xrf2_msgs__rosidl_generator_pyExport-noconfig.cmake
[24.297s] -- Up-to-date: /home/asdfr-30/ASDfR_3/install/xrf2_msgs/share/xrf2_msgs/cmake/rosidl_cmake-extras.cmake
[24.300s] -- Up-to-date: /home/asdfr-30/ASDfR_3/install/xrf2_msgs/share/xrf2_msgs/cmake/ament_cmake_export_include_directories-extras.cmake
[24.302s] -- Up-to-date: /home/asdfr-30/ASDfR_3/install/xrf2_msgs/share/xrf2_msgs/cmake/ament_cmake_export_libraries-extras.cmake
[24.308s] -- Up-to-date: /home/asdfr-30/ASDfR_3/install/xrf2_msgs/share/xrf2_msgs/cmake/ament_cmake_export_targets-extras.cmake
[24.311s] -- Up-to-date: /home/asdfr-30/ASDfR_3/install/xrf2_msgs/share/xrf2_msgs/cmake/rosidl_cmake_export_typesupport_targets-extras.cmake
[24.318s] -- Up-to-date: /home/asdfr-30/ASDfR_3/install/xrf2_msgs/share/xrf2_msgs/cmake/ament_cmake_export_dependencies-extras.cmake
[24.322s] -- Up-to-date: /home/asdfr-30/ASDfR_3/install/xrf2_msgs/share/xrf2_msgs/cmake/rosidl_cmake_export_typesupport_libraries-extras.cmake
[24.324s] -- Up-to-date: /home/asdfr-30/ASDfR_3/install/xrf2_msgs/share/xrf2_msgs/cmake/xrf2_msgsConfig.cmake
[24.330s] -- Up-to-date: /home/asdfr-30/ASDfR_3/install/xrf2_msgs/share/xrf2_msgs/cmake/xrf2_msgsConfig-version.cmake
[24.334s] -- Up-to-date: /home/asdfr-30/ASDfR_3/install/xrf2_msgs/share/xrf2_msgs/package.xml
[24.339s] Invoked command in '/home/asdfr-30/ASDfR_3/build/xrf2_msgs' returned '0': CMAKE_PREFIX_PATH=/opt/ros/humble /usr/bin/cmake --install /home/asdfr-30/ASDfR_3/build/xrf2_msgs
