[0.066s] Invoking command in '/home/asdfr-30/ASDfR_3/build/ball_tracker': CMAKE_PREFIX_PATH=${CMAKE_PREFIX_PATH}:/opt/ros/humble /usr/bin/cmake --build /home/asdfr-30/ASDfR_3/build/ball_tracker -- -j3 -l3
[0.294s] [100%] Built target ball_tracker
[0.362s] Invoked command in '/home/asdfr-30/ASDfR_3/build/ball_tracker' returned '0': CMAKE_PREFIX_PATH=${CMAKE_PREFIX_PATH}:/opt/ros/humble /usr/bin/cmake --build /home/asdfr-30/ASDfR_3/build/ball_tracker -- -j3 -l3
[0.414s] Invoking command in '/home/asdfr-30/ASDfR_3/build/ball_tracker': CMAKE_PREFIX_PATH=${CMAKE_PREFIX_PATH}:/opt/ros/humble /usr/bin/cmake --install /home/asdfr-30/ASDfR_3/build/ball_tracker
[0.458s] -- Install configuration: ""
[0.461s] -- Up-to-date: /home/asdfr-30/ASDfR_3/install/ball_tracker/lib/ball_tracker/ball_tracker
[0.464s] -- Up-to-date: /home/asdfr-30/ASDfR_3/install/ball_tracker/include
[0.466s] -- Up-to-date: /home/asdfr-30/ASDfR_3/install/ball_tracker/include/ball_tracker.hpp
[0.468s] -- Up-to-date: /home/asdfr-30/ASDfR_3/install/ball_tracker/share/ball_tracker/package.xml
[0.470s] -- Up-to-date: /home/asdfr-30/ASDfR_3/install/ball_tracker/share/ament_index/resource_index/package_run_dependencies/ball_tracker
[0.473s] -- Up-to-date: /home/asdfr-30/ASDfR_3/install/ball_tracker/share/ament_index/resource_index/parent_prefix_path/ball_tracker
[0.478s] -- Up-to-date: /home/asdfr-30/ASDfR_3/install/ball_tracker/share/ball_tracker/environment/ament_prefix_path.sh
[0.492s] -- Up-to-date: /home/asdfr-30/ASDfR_3/install/ball_tracker/share/ball_tracker/environment/ament_prefix_path.dsv
[0.493s] -- Up-to-date: /home/asdfr-30/ASDfR_3/install/ball_tracker/share/ball_tracker/environment/path.sh
[0.495s] -- Up-to-date: /home/asdfr-30/ASDfR_3/install/ball_tracker/share/ball_tracker/environment/path.dsv
[0.496s] -- Up-to-date: /home/asdfr-30/ASDfR_3/install/ball_tracker/share/ball_tracker/local_setup.bash
[0.524s] -- Up-to-date: /home/asdfr-30/ASDfR_3/install/ball_tracker/share/ball_tracker/local_setup.sh
[0.529s] -- Up-to-date: /home/asdfr-30/ASDfR_3/install/ball_tracker/share/ball_tracker/local_setup.zsh
[0.531s] -- Up-to-date: /home/asdfr-30/ASDfR_3/install/ball_tracker/share/ball_tracker/local_setup.dsv
[0.532s] -- Installing: /home/asdfr-30/ASDfR_3/install/ball_tracker/share/ball_tracker/package.dsv
[0.534s] -- Up-to-date: /home/asdfr-30/ASDfR_3/install/ball_tracker/share/ament_index/resource_index/packages/ball_tracker
[0.535s] -- Up-to-date: /home/asdfr-30/ASDfR_3/install/ball_tracker/share/ball_tracker/cmake/ball_trackerConfig.cmake
[0.536s] -- Up-to-date: /home/asdfr-30/ASDfR_3/install/ball_tracker/share/ball_tracker/cmake/ball_trackerConfig-version.cmake
[0.539s] -- Up-to-date: /home/asdfr-30/ASDfR_3/install/ball_tracker/share/ball_tracker/package.xml
[0.549s] Invoked command in '/home/asdfr-30/ASDfR_3/build/ball_tracker' returned '0': CMAKE_PREFIX_PATH=${CMAKE_PREFIX_PATH}:/opt/ros/humble /usr/bin/cmake --install /home/asdfr-30/ASDfR_3/build/ball_tracker
