[0.044s] Invoking command in '/home/asdfr-30/ASDfR_3/build/xeno_loop': /usr/bin/cmake /home/asdfr-30/ASDfR_3/src/xeno_loop -DCMAKE_INSTALL_PREFIX=/home/asdfr-30/ASDfR_3/install/xeno_loop
[0.351s] -- The C compiler identification is GNU 11.4.0
[0.654s] -- The CXX compiler identification is GNU 11.4.0
[0.729s] -- Detecting C compiler ABI info
[1.081s] -- Detecting C compiler ABI info - done
[1.113s] -- Check for working C compiler: /usr/bin/cc - skipped
[1.117s] -- Detecting C compile features
[1.123s] -- Detecting C compile features - done
[1.143s] -- Detecting CXX compiler ABI info
[1.455s] -- Detecting CXX compiler ABI info - done
[1.480s] -- Check for working CXX compiler: /usr/bin/c++ - skipped
[1.483s] -- Detecting CXX compile features
[1.484s] -- Detecting CXX compile features - done
[1.662s] [0mTIME_STEP_SIZE_VALUE = 0.01[0m
[1.669s] -- Looking for pthread.h
[1.968s] -- Looking for pthread.h - found
[1.969s] -- Performing Test CMAKE_HAVE_LIBC_PTHREAD
[2.255s] -- Performing Test CMAKE_HAVE_LIBC_PTHREAD - Success
[2.256s] -- Found Threads: TRUE  
[2.260s] -- Found xrf2_msgs: 0.0.0 (/home/asdfr-30/ASDfR_3/install/xrf2_msgs/share/xrf2_msgs/cmake)
[2.887s] -- Found Python3: /usr/bin/python3 (found version "3.10.12") found components: Interpreter 
[3.393s] -- Found rosidl_generator_c: 3.1.6 (/opt/ros/humble/share/rosidl_generator_c/cmake)
[3.413s] -- Found rosidl_adapter: 3.1.6 (/opt/ros/humble/share/rosidl_adapter/cmake)
[3.445s] -- Found rosidl_generator_cpp: 3.1.6 (/opt/ros/humble/share/rosidl_generator_cpp/cmake)
[3.495s] -- Using all available rosidl_typesupport_c: rosidl_typesupport_fastrtps_c;rosidl_typesupport_introspection_c
[3.584s] -- Using all available rosidl_typesupport_cpp: rosidl_typesupport_fastrtps_cpp;rosidl_typesupport_introspection_cpp
[3.633s] -- Found rclcpp: 16.0.11 (/opt/ros/humble/share/rclcpp/cmake)
[3.828s] -- Found rmw_implementation_cmake: 6.1.2 (/opt/ros/humble/share/rmw_implementation_cmake/cmake)
[3.838s] -- Found rmw_fastrtps_cpp: 6.2.7 (/opt/ros/humble/share/rmw_fastrtps_cpp/cmake)
[4.131s] -- Found OpenSSL: /usr/lib/aarch64-linux-gnu/libcrypto.so (found version "3.0.2")  
[4.242s] -- Found FastRTPS: /opt/ros/humble/include  
[4.359s] -- Using RMW implementation 'rmw_fastrtps_cpp' as default
[4.607s] -- Configuring done
[4.676s] -- Generating done
[4.709s] -- Build files have been written to: /home/asdfr-30/ASDfR_3/build/xeno_loop
[4.756s] Invoked command in '/home/asdfr-30/ASDfR_3/build/xeno_loop' returned '0': /usr/bin/cmake /home/asdfr-30/ASDfR_3/src/xeno_loop -DCMAKE_INSTALL_PREFIX=/home/asdfr-30/ASDfR_3/install/xeno_loop
[4.760s] Invoking command in '/home/asdfr-30/ASDfR_3/build/xeno_loop': /usr/bin/cmake --build /home/asdfr-30/ASDfR_3/build/xeno_loop -- -j3 -l3
[4.987s] [  4%] [32mBuilding CXX object CMakeFiles/xeno_loop.dir/home/asdfr-30/ASDfR_3/src/XRF2/XenoRosFramework/Xenomai/src/IcoIo.cpp.o[0m
[5.045s] [ 13%] [32mBuilding CXX object CMakeFiles/xeno_loop.dir/main.cpp.o[0m
[5.052s] [ 13%] [32mBuilding CXX object CMakeFiles/xeno_loop.dir/home/asdfr-30/ASDfR_3/src/XRF2/XenoRosFramework/Xenomai/src/FullStateMachine.cpp.o[0m
[5.636s] [ 18%] [32mBuilding CXX object CMakeFiles/xeno_loop.dir/home/asdfr-30/ASDfR_3/src/XRF2/XenoRosFramework/Xenomai/src/XenoFileHandler.cpp.o[0m
[6.529s] [ 22%] [32mBuilding CXX object CMakeFiles/xeno_loop.dir/home/asdfr-30/ASDfR_3/src/XRF2/XenoRosFramework/Xenomai/src/XenoFrtLogger.cpp.o[0m
[9.447s] [ 27%] [32mBuilding CXX object CMakeFiles/xeno_loop.dir/home/asdfr-30/ASDfR_3/src/XRF2/XenoRosFramework/Xenomai/src/XenoFrtLoop.cpp.o[0m
[10.301s] [ 31%] [32mBuilding CXX object CMakeFiles/xeno_loop.dir/home/asdfr-30/ASDfR_3/src/XRF2/XenoRosFramework/Xenomai/src/XenoFrtMonitor.cpp.o[0m
[10.615s] [ 36%] [32mBuilding CXX object CMakeFiles/xeno_loop.dir/home/asdfr-30/ASDfR_3/src/XRF2/XenoRosFramework/Xenomai/src/XenoFrtRosIco.cpp.o[0m
[11.154s] [ 40%] [32mBuilding CXX object CMakeFiles/xeno_loop.dir/home/asdfr-30/ASDfR_3/src/XRF2/XenoRosFramework/Xenomai/src/XenoRosCommunication.cpp.o[0m
[11.931s] [ 45%] [32mBuilding CXX object CMakeFiles/xeno_loop.dir/home/asdfr-30/ASDfR_3/src/XRF2/XenoRosFramework/Xenomai/src/XenoRosCommandBridge.cpp.o[0m
[11.958s] [ 50%] [32mBuilding CXX object CMakeFiles/xeno_loop.dir/home/asdfr-30/ASDfR_3/src/XRF2/XenoRosFramework/Xenomai/src/XenoRosDataBridge.cpp.o[0m
[15.025s] [ 54%] [32mBuilding CXX object CMakeFiles/xeno_loop.dir/home/asdfr-30/ASDfR_3/src/XRF2/XenoRosFramework/Xenomai/src/XenoSpiControllerHandler.cpp.o[0m
[15.590s] [ 59%] [32mBuilding CXX object CMakeFiles/xeno_loop.dir/home/asdfr-30/ASDfR_3/src/XRF2/XenoRosFramework/Xenomai/src/XenoFrt20Sim.cpp.o[0m
[16.293s] [ 63%] [32mBuilding CXX object CMakeFiles/xeno_loop.dir/src/XenoLoopRunner.cpp.o[0m
[16.364s] [ 68%] [32mBuilding CXX object CMakeFiles/xeno_loop.dir/controller/LoopController.cpp.o[0m
[17.617s] [ 72%] [32mBuilding CXX object CMakeFiles/xeno_loop.dir/controller/common/EulerAngles.cpp.o[0m
[17.728s] [ 77%] [32mBuilding CXX object CMakeFiles/xeno_loop.dir/controller/common/MotionProfiles.cpp.o[0m
[17.918s] [ 81%] [32mBuilding CXX object CMakeFiles/xeno_loop.dir/controller/common/xxfuncs.cpp.o[0m
[19.327s] [ 86%] [32mBuilding CXX object CMakeFiles/xeno_loop.dir/controller/common/xxinteg.cpp.o[0m
[20.457s] [ 90%] [32mBuilding CXX object CMakeFiles/xeno_loop.dir/controller/common/xxinverse.cpp.o[0m
[20.839s] [ 95%] [32mBuilding CXX object CMakeFiles/xeno_loop.dir/controller/common/xxmatrix.cpp.o[0m
[22.368s] [100%] [32m[1mLinking CXX executable xeno_loop[0m
[22.789s] [100%] Built target xeno_loop
[22.829s] Invoked command in '/home/asdfr-30/ASDfR_3/build/xeno_loop' returned '0': /usr/bin/cmake --build /home/asdfr-30/ASDfR_3/build/xeno_loop -- -j3 -l3
