[0.099s] Invoking command in '/home/asdfr-30/ASDfR_3/build/xeno_loop': CMAKE_PREFIX_PATH=/home/asdfr-30/ASDfR_3/install/xrf2_msgs:/home/asdfr-30/ASDfR_3/install/sequence_controller:/home/asdfr-30/ASDfR_3/install/ros_xeno_bridge:/home/asdfr-30/ASDfR_3/install/relbot_simulator:/home/asdfr-30/ASDfR_3/install/object_center:/home/asdfr-30/ASDfR_3/install/cam2image_vm2ros:/home/asdfr-30/ASDfR_3/install/brightness:/home/asdfr-30/ASDfR_3/install/ball_tracker /usr/bin/cmake --build /home/asdfr-30/ASDfR_3/build/xeno_loop -- -j3 -l3
[0.312s] [35m[1mConsolidate compiler generated dependencies of target xeno_loop[0m
[1.745s] [  4%] [32mBuilding CXX object CMakeFiles/xeno_loop.dir/src/Template20Sim.cpp.o[0m
[1.757s] [  9%] [32mBuilding CXX object CMakeFiles/xeno_loop.dir/main.cpp.o[0m
[6.432s] In file included from [01m[K/home/asdfr-30/ASDfR_3/src/xeno_loop/src/Template20Sim.cpp:1[m[K:
[6.434s] [01m[K/home/asdfr-30/ASDfR_3/src/xeno_loop/include/Template20Sim.hpp:38:12:[m[K [01;31m[Kerror: [m[Kduplicate ‘[01m[Kconstexpr[m[K’
[6.436s]    38 |     static [01;31m[Kconstexpr[m[K uint16_t ENCODER_MAX_COUNT = 16383; // 14-bit max value
[6.438s]       |            [01;31m[K^~~~~~~~~[m[K
[6.442s]       |            [31m[K---------[m[K
[6.443s] [01m[K/home/asdfr-30/ASDfR_3/src/xeno_loop/include/Template20Sim.hpp:37:5:[m[K [01;31m[Kerror: [m[Kconflicting specifiers in declaration of ‘[01m[Kuint16_t[m[K’
[6.445s]    37 |     [01;31m[Kstatic[m[K constexpr double
[6.446s]       |     [01;31m[K^~~~~~[m[K
[6.449s] [01m[K/home/asdfr-30/ASDfR_3/src/xeno_loop/include/Template20Sim.hpp:38:22:[m[K [01;31m[Kerror: [m[Kexpected ‘[01m[K;[m[K’ at end of member declaration
[6.453s]    38 |     static constexpr [01;31m[Kuint16_t[m[K ENCODER_MAX_COUNT = 16383; // 14-bit max value
[6.456s]       |                      [01;31m[K^~~~~~~~[m[K
[6.459s]       |                              [32m[K;[m[K
[6.467s] [01m[K/home/asdfr-30/ASDfR_3/src/xeno_loop/include/Template20Sim.hpp:38:31:[m[K [01;31m[Kerror: [m[K‘[01m[KENCODER_MAX_COUNT[m[K’ does not name a type
[6.470s]    38 |     static constexpr uint16_t [01;31m[KENCODER_MAX_COUNT[m[K = 16383; // 14-bit max value
[6.474s]       |                               [01;31m[K^~~~~~~~~~~~~~~~~[m[K
[6.487s] In file included from [01m[K/home/asdfr-30/ASDfR_3/src/xeno_loop/main.cpp:7[m[K:
[6.490s] [01m[K/home/asdfr-30/ASDfR_3/src/xeno_loop/include/Template20Sim.hpp:38:12:[m[K [01;31m[Kerror: [m[Kduplicate ‘[01m[Kconstexpr[m[K’
[6.494s]    38 |     static [01;31m[Kconstexpr[m[K uint16_t ENCODER_MAX_COUNT = 16383; // 14-bit max value
[6.500s]       |            [01;31m[K^~~~~~~~~[m[K
[6.503s]       |            [31m[K---------[m[K
[6.508s] [01m[K/home/asdfr-30/ASDfR_3/src/xeno_loop/include/Template20Sim.hpp:37:5:[m[K [01;31m[Kerror: [m[Kconflicting specifiers in declaration of ‘[01m[Kuint16_t[m[K’
[6.511s]    37 |     [01;31m[Kstatic[m[K constexpr double
[6.516s]       |     [01;31m[K^~~~~~[m[K
[6.519s] [01m[K/home/asdfr-30/ASDfR_3/src/xeno_loop/include/Template20Sim.hpp:38:22:[m[K [01;31m[Kerror: [m[Kexpected ‘[01m[K;[m[K’ at end of member declaration
[6.523s]    38 |     static constexpr [01;31m[Kuint16_t[m[K ENCODER_MAX_COUNT = 16383; // 14-bit max value
[6.527s]       |                      [01;31m[K^~~~~~~~[m[K
[6.530s]       |                              [32m[K;[m[K
[6.534s] [01m[K/home/asdfr-30/ASDfR_3/src/xeno_loop/include/Template20Sim.hpp:38:31:[m[K [01;31m[Kerror: [m[K‘[01m[KENCODER_MAX_COUNT[m[K’ does not name a type
[6.537s]    38 |     static constexpr uint16_t [01;31m[KENCODER_MAX_COUNT[m[K = 16383; // 14-bit max value
[6.540s]       |                               [01;31m[K^~~~~~~~~~~~~~~~~[m[K
[7.026s] gmake[2]: *** [CMakeFiles/xeno_loop.dir/build.make:258: CMakeFiles/xeno_loop.dir/src/Template20Sim.cpp.o] Error 1
[7.028s] gmake[2]: *** Waiting for unfinished jobs....
[7.052s] gmake[2]: *** [CMakeFiles/xeno_loop.dir/build.make:76: CMakeFiles/xeno_loop.dir/main.cpp.o] Error 1
[7.054s] gmake[1]: *** [CMakeFiles/Makefile2:137: CMakeFiles/xeno_loop.dir/all] Error 2
[7.071s] gmake: *** [Makefile:101: all] Error 2
[7.073s] Invoked command in '/home/asdfr-30/ASDfR_3/build/xeno_loop' returned '2': CMAKE_PREFIX_PATH=/home/asdfr-30/ASDfR_3/install/xrf2_msgs:/home/asdfr-30/ASDfR_3/install/sequence_controller:/home/asdfr-30/ASDfR_3/install/ros_xeno_bridge:/home/asdfr-30/ASDfR_3/install/relbot_simulator:/home/asdfr-30/ASDfR_3/install/object_center:/home/asdfr-30/ASDfR_3/install/cam2image_vm2ros:/home/asdfr-30/ASDfR_3/install/brightness:/home/asdfr-30/ASDfR_3/install/ball_tracker /usr/bin/cmake --build /home/asdfr-30/ASDfR_3/build/xeno_loop -- -j3 -l3
