[0.077s] Invoking command in '/home/asdfr-30/ASDfR_3/build/xrf2_msgs': CMAKE_PREFIX_PATH=${CMAKE_PREFIX_PATH}:/opt/ros/humble /usr/bin/cmake --build /home/asdfr-30/ASDfR_3/build/xrf2_msgs -- -j3 -l3
[0.272s] [ 10%] Built target xrf2_msgs__rosidl_generator_c
[0.295s] [ 12%] Built target xrf2_msgs__cpp
[0.398s] [ 23%] Built target xrf2_msgs__rosidl_typesupport_introspection_c
[0.433s] [ 23%] Built target ament_cmake_python_copy_xrf2_msgs
[0.469s] [ 33%] Built target xrf2_msgs__rosidl_typesupport_c
[0.755s] [ 43%] Built target xrf2_msgs__rosidl_typesupport_fastrtps_cpp
[0.758s] [ 53%] Built target xrf2_msgs__rosidl_typesupport_cpp
[0.766s] [ 64%] Built target xrf2_msgs__rosidl_typesupport_introspection_cpp
[0.793s] [ 74%] Built target xrf2_msgs__rosidl_typesupport_fastrtps_c
[0.860s] [ 74%] Built target xrf2_msgs
[0.927s] [ 76%] Built target xrf2_msgs__py
[1.011s] [ 84%] Built target xrf2_msgs__rosidl_generator_py
[1.167s] [ 89%] Built target xrf2_msgs__rosidl_typesupport_introspection_c__pyext
[1.231s] [ 94%] Built target xrf2_msgs__rosidl_typesupport_fastrtps_c__pyext
[1.424s] [100%] Built target xrf2_msgs__rosidl_typesupport_c__pyext
[2.452s] running egg_info
[2.457s] writing xrf2_msgs.egg-info/PKG-INFO
[2.459s] writing dependency_links to xrf2_msgs.egg-info/dependency_links.txt
[2.464s] writing top-level names to xrf2_msgs.egg-info/top_level.txt
[2.476s] reading manifest file 'xrf2_msgs.egg-info/SOURCES.txt'
[2.480s] writing manifest file 'xrf2_msgs.egg-info/SOURCES.txt'
[2.631s] [100%] Built target ament_cmake_python_build_xrf2_msgs_egg
[2.680s] Invoked command in '/home/asdfr-30/ASDfR_3/build/xrf2_msgs' returned '0': CMAKE_PREFIX_PATH=${CMAKE_PREFIX_PATH}:/opt/ros/humble /usr/bin/cmake --build /home/asdfr-30/ASDfR_3/build/xrf2_msgs -- -j3 -l3
[2.684s] Invoking command in '/home/asdfr-30/ASDfR_3/build/xrf2_msgs': CMAKE_PREFIX_PATH=${CMAKE_PREFIX_PATH}:/opt/ros/humble /usr/bin/cmake --install /home/asdfr-30/ASDfR_3/build/xrf2_msgs
[2.717s] -- Install configuration: ""
[2.721s] -- Up-to-date: /home/asdfr-30/ASDfR_3/install/xrf2_msgs/share/ament_index/resource_index/rosidl_interfaces/xrf2_msgs
[2.727s] -- Up-to-date: /home/asdfr-30/ASDfR_3/install/xrf2_msgs/include/xrf2_msgs/xrf2_msgs
[2.737s] -- Up-to-date: /home/asdfr-30/ASDfR_3/install/xrf2_msgs/include/xrf2_msgs/xrf2_msgs/msg
[2.740s] -- Up-to-date: /home/asdfr-30/ASDfR_3/install/xrf2_msgs/include/xrf2_msgs/xrf2_msgs/msg/rosidl_generator_c__visibility_control.h
[2.744s] -- Up-to-date: /home/asdfr-30/ASDfR_3/install/xrf2_msgs/include/xrf2_msgs/xrf2_msgs/msg/detail
[2.747s] -- Up-to-date: /home/asdfr-30/ASDfR_3/install/xrf2_msgs/include/xrf2_msgs/xrf2_msgs/msg/detail/xeno2_ros__type_support.h
[2.751s] -- Up-to-date: /home/asdfr-30/ASDfR_3/install/xrf2_msgs/include/xrf2_msgs/xrf2_msgs/msg/detail/xeno2_ros__functions.c
[2.754s] -- Up-to-date: /home/asdfr-30/ASDfR_3/install/xrf2_msgs/include/xrf2_msgs/xrf2_msgs/msg/detail/ros2_xeno__functions.c
[2.758s] -- Up-to-date: /home/asdfr-30/ASDfR_3/install/xrf2_msgs/include/xrf2_msgs/xrf2_msgs/msg/detail/ros2_xeno__type_support.h
[2.761s] -- Up-to-date: /home/asdfr-30/ASDfR_3/install/xrf2_msgs/include/xrf2_msgs/xrf2_msgs/msg/detail/xeno2_ros__struct.h
[2.763s] -- Up-to-date: /home/asdfr-30/ASDfR_3/install/xrf2_msgs/include/xrf2_msgs/xrf2_msgs/msg/detail/ros2_xeno__functions.h
[2.766s] -- Up-to-date: /home/asdfr-30/ASDfR_3/install/xrf2_msgs/include/xrf2_msgs/xrf2_msgs/msg/detail/xeno2_ros__functions.h
[2.770s] -- Up-to-date: /home/asdfr-30/ASDfR_3/install/xrf2_msgs/include/xrf2_msgs/xrf2_msgs/msg/detail/ros2_xeno__struct.h
[2.773s] -- Up-to-date: /home/asdfr-30/ASDfR_3/install/xrf2_msgs/include/xrf2_msgs/xrf2_msgs/msg/xeno2_ros.h
[2.779s] -- Up-to-date: /home/asdfr-30/ASDfR_3/install/xrf2_msgs/include/xrf2_msgs/xrf2_msgs/msg/ros2_xeno.h
[2.781s] -- Up-to-date: /home/asdfr-30/ASDfR_3/install/xrf2_msgs/share/xrf2_msgs/environment/library_path.sh
[2.784s] -- Up-to-date: /home/asdfr-30/ASDfR_3/install/xrf2_msgs/share/xrf2_msgs/environment/library_path.dsv
[2.787s] -- Up-to-date: /home/asdfr-30/ASDfR_3/install/xrf2_msgs/lib/libxrf2_msgs__rosidl_generator_c.so
[2.790s] -- Up-to-date: /home/asdfr-30/ASDfR_3/install/xrf2_msgs/include/xrf2_msgs/xrf2_msgs
[2.793s] -- Up-to-date: /home/asdfr-30/ASDfR_3/install/xrf2_msgs/include/xrf2_msgs/xrf2_msgs/msg
[2.796s] -- Up-to-date: /home/asdfr-30/ASDfR_3/install/xrf2_msgs/include/xrf2_msgs/xrf2_msgs/msg/rosidl_typesupport_fastrtps_c__visibility_control.h
[2.799s] -- Up-to-date: /home/asdfr-30/ASDfR_3/install/xrf2_msgs/include/xrf2_msgs/xrf2_msgs/msg/detail
[2.803s] -- Up-to-date: /home/asdfr-30/ASDfR_3/install/xrf2_msgs/include/xrf2_msgs/xrf2_msgs/msg/detail/ros2_xeno__rosidl_typesupport_fastrtps_c.h
[2.806s] -- Up-to-date: /home/asdfr-30/ASDfR_3/install/xrf2_msgs/include/xrf2_msgs/xrf2_msgs/msg/detail/xeno2_ros__rosidl_typesupport_fastrtps_c.h
[2.810s] -- Up-to-date: /home/asdfr-30/ASDfR_3/install/xrf2_msgs/lib/libxrf2_msgs__rosidl_typesupport_fastrtps_c.so
[2.813s] -- Up-to-date: /home/asdfr-30/ASDfR_3/install/xrf2_msgs/include/xrf2_msgs/xrf2_msgs
[2.816s] -- Up-to-date: /home/asdfr-30/ASDfR_3/install/xrf2_msgs/include/xrf2_msgs/xrf2_msgs/msg
[2.818s] -- Up-to-date: /home/asdfr-30/ASDfR_3/install/xrf2_msgs/include/xrf2_msgs/xrf2_msgs/msg/rosidl_typesupport_introspection_c__visibility_control.h
[2.821s] -- Up-to-date: /home/asdfr-30/ASDfR_3/install/xrf2_msgs/include/xrf2_msgs/xrf2_msgs/msg/detail
[2.824s] -- Up-to-date: /home/asdfr-30/ASDfR_3/install/xrf2_msgs/include/xrf2_msgs/xrf2_msgs/msg/detail/xeno2_ros__type_support.c
[2.827s] -- Up-to-date: /home/asdfr-30/ASDfR_3/install/xrf2_msgs/include/xrf2_msgs/xrf2_msgs/msg/detail/ros2_xeno__type_support.c
[2.830s] -- Up-to-date: /home/asdfr-30/ASDfR_3/install/xrf2_msgs/include/xrf2_msgs/xrf2_msgs/msg/detail/ros2_xeno__rosidl_typesupport_introspection_c.h
[2.832s] -- Up-to-date: /home/asdfr-30/ASDfR_3/install/xrf2_msgs/include/xrf2_msgs/xrf2_msgs/msg/detail/xeno2_ros__rosidl_typesupport_introspection_c.h
[2.835s] -- Up-to-date: /home/asdfr-30/ASDfR_3/install/xrf2_msgs/lib/libxrf2_msgs__rosidl_typesupport_introspection_c.so
[2.838s] -- Up-to-date: /home/asdfr-30/ASDfR_3/install/xrf2_msgs/lib/libxrf2_msgs__rosidl_typesupport_c.so
[2.841s] -- Up-to-date: /home/asdfr-30/ASDfR_3/install/xrf2_msgs/include/xrf2_msgs/xrf2_msgs
[2.844s] -- Up-to-date: /home/asdfr-30/ASDfR_3/install/xrf2_msgs/include/xrf2_msgs/xrf2_msgs/msg
[2.848s] -- Up-to-date: /home/asdfr-30/ASDfR_3/install/xrf2_msgs/include/xrf2_msgs/xrf2_msgs/msg/xeno2_ros.hpp
[2.851s] -- Up-to-date: /home/asdfr-30/ASDfR_3/install/xrf2_msgs/include/xrf2_msgs/xrf2_msgs/msg/detail
[2.853s] -- Up-to-date: /home/asdfr-30/ASDfR_3/install/xrf2_msgs/include/xrf2_msgs/xrf2_msgs/msg/detail/xeno2_ros__type_support.hpp
[2.856s] -- Up-to-date: /home/asdfr-30/ASDfR_3/install/xrf2_msgs/include/xrf2_msgs/xrf2_msgs/msg/detail/ros2_xeno__struct.hpp
[2.859s] -- Up-to-date: /home/asdfr-30/ASDfR_3/install/xrf2_msgs/include/xrf2_msgs/xrf2_msgs/msg/detail/ros2_xeno__builder.hpp
[2.862s] -- Up-to-date: /home/asdfr-30/ASDfR_3/install/xrf2_msgs/include/xrf2_msgs/xrf2_msgs/msg/detail/ros2_xeno__type_support.hpp
[2.864s] -- Up-to-date: /home/asdfr-30/ASDfR_3/install/xrf2_msgs/include/xrf2_msgs/xrf2_msgs/msg/detail/xeno2_ros__builder.hpp
[2.867s] -- Up-to-date: /home/asdfr-30/ASDfR_3/install/xrf2_msgs/include/xrf2_msgs/xrf2_msgs/msg/detail/xeno2_ros__traits.hpp
[2.871s] -- Up-to-date: /home/asdfr-30/ASDfR_3/install/xrf2_msgs/include/xrf2_msgs/xrf2_msgs/msg/detail/xeno2_ros__struct.hpp
[2.874s] -- Up-to-date: /home/asdfr-30/ASDfR_3/install/xrf2_msgs/include/xrf2_msgs/xrf2_msgs/msg/detail/ros2_xeno__traits.hpp
[2.877s] -- Up-to-date: /home/asdfr-30/ASDfR_3/install/xrf2_msgs/include/xrf2_msgs/xrf2_msgs/msg/ros2_xeno.hpp
[2.879s] -- Up-to-date: /home/asdfr-30/ASDfR_3/install/xrf2_msgs/include/xrf2_msgs/xrf2_msgs/msg/rosidl_generator_cpp__visibility_control.hpp
[2.882s] -- Up-to-date: /home/asdfr-30/ASDfR_3/install/xrf2_msgs/include/xrf2_msgs/xrf2_msgs
[2.885s] -- Up-to-date: /home/asdfr-30/ASDfR_3/install/xrf2_msgs/include/xrf2_msgs/xrf2_msgs/msg
[2.888s] -- Up-to-date: /home/asdfr-30/ASDfR_3/install/xrf2_msgs/include/xrf2_msgs/xrf2_msgs/msg/rosidl_typesupport_fastrtps_cpp__visibility_control.h
[2.891s] -- Up-to-date: /home/asdfr-30/ASDfR_3/install/xrf2_msgs/include/xrf2_msgs/xrf2_msgs/msg/detail
[2.894s] -- Up-to-date: /home/asdfr-30/ASDfR_3/install/xrf2_msgs/include/xrf2_msgs/xrf2_msgs/msg/detail/dds_fastrtps
[2.897s] -- Up-to-date: /home/asdfr-30/ASDfR_3/install/xrf2_msgs/include/xrf2_msgs/xrf2_msgs/msg/detail/xeno2_ros__rosidl_typesupport_fastrtps_cpp.hpp
[2.899s] -- Up-to-date: /home/asdfr-30/ASDfR_3/install/xrf2_msgs/include/xrf2_msgs/xrf2_msgs/msg/detail/ros2_xeno__rosidl_typesupport_fastrtps_cpp.hpp
[2.904s] -- Up-to-date: /home/asdfr-30/ASDfR_3/install/xrf2_msgs/lib/libxrf2_msgs__rosidl_typesupport_fastrtps_cpp.so
[2.908s] -- Up-to-date: /home/asdfr-30/ASDfR_3/install/xrf2_msgs/include/xrf2_msgs/xrf2_msgs
[2.913s] -- Up-to-date: /home/asdfr-30/ASDfR_3/install/xrf2_msgs/include/xrf2_msgs/xrf2_msgs/msg
[2.917s] -- Up-to-date: /home/asdfr-30/ASDfR_3/install/xrf2_msgs/include/xrf2_msgs/xrf2_msgs/msg/detail
[2.921s] -- Up-to-date: /home/asdfr-30/ASDfR_3/install/xrf2_msgs/include/xrf2_msgs/xrf2_msgs/msg/detail/xeno2_ros__type_support.cpp
[2.926s] -- Up-to-date: /home/asdfr-30/ASDfR_3/install/xrf2_msgs/include/xrf2_msgs/xrf2_msgs/msg/detail/xeno2_ros__rosidl_typesupport_introspection_cpp.hpp
[2.930s] -- Up-to-date: /home/asdfr-30/ASDfR_3/install/xrf2_msgs/include/xrf2_msgs/xrf2_msgs/msg/detail/ros2_xeno__rosidl_typesupport_introspection_cpp.hpp
[2.933s] -- Up-to-date: /home/asdfr-30/ASDfR_3/install/xrf2_msgs/include/xrf2_msgs/xrf2_msgs/msg/detail/ros2_xeno__type_support.cpp
[2.936s] -- Up-to-date: /home/asdfr-30/ASDfR_3/install/xrf2_msgs/lib/libxrf2_msgs__rosidl_typesupport_introspection_cpp.so
[2.938s] -- Up-to-date: /home/asdfr-30/ASDfR_3/install/xrf2_msgs/lib/libxrf2_msgs__rosidl_typesupport_cpp.so
[2.940s] -- Up-to-date: /home/asdfr-30/ASDfR_3/install/xrf2_msgs/share/xrf2_msgs/environment/pythonpath.sh
[2.942s] -- Up-to-date: /home/asdfr-30/ASDfR_3/install/xrf2_msgs/share/xrf2_msgs/environment/pythonpath.dsv
[2.944s] -- Up-to-date: /home/asdfr-30/ASDfR_3/install/xrf2_msgs/local/lib/python3.10/dist-packages/xrf2_msgs-0.0.0-py3.10.egg-info
[2.945s] -- Installing: /home/asdfr-30/ASDfR_3/install/xrf2_msgs/local/lib/python3.10/dist-packages/xrf2_msgs-0.0.0-py3.10.egg-info/top_level.txt
[2.947s] -- Installing: /home/asdfr-30/ASDfR_3/install/xrf2_msgs/local/lib/python3.10/dist-packages/xrf2_msgs-0.0.0-py3.10.egg-info/SOURCES.txt
[2.949s] -- Installing: /home/asdfr-30/ASDfR_3/install/xrf2_msgs/local/lib/python3.10/dist-packages/xrf2_msgs-0.0.0-py3.10.egg-info/PKG-INFO
[2.951s] -- Installing: /home/asdfr-30/ASDfR_3/install/xrf2_msgs/local/lib/python3.10/dist-packages/xrf2_msgs-0.0.0-py3.10.egg-info/dependency_links.txt
[2.953s] -- Up-to-date: /home/asdfr-30/ASDfR_3/install/xrf2_msgs/local/lib/python3.10/dist-packages/xrf2_msgs
[2.955s] -- Up-to-date: /home/asdfr-30/ASDfR_3/install/xrf2_msgs/local/lib/python3.10/dist-packages/xrf2_msgs/xrf2_msgs_s__rosidl_typesupport_introspection_c.cpython-310-aarch64-linux-gnu.so
[2.957s] -- Up-to-date: /home/asdfr-30/ASDfR_3/install/xrf2_msgs/local/lib/python3.10/dist-packages/xrf2_msgs/_xrf2_msgs_s.ep.rosidl_typesupport_c.c
[2.959s] -- Up-to-date: /home/asdfr-30/ASDfR_3/install/xrf2_msgs/local/lib/python3.10/dist-packages/xrf2_msgs/_xrf2_msgs_s.ep.rosidl_typesupport_introspection_c.c
[2.961s] -- Up-to-date: /home/asdfr-30/ASDfR_3/install/xrf2_msgs/local/lib/python3.10/dist-packages/xrf2_msgs/_xrf2_msgs_s.ep.rosidl_typesupport_fastrtps_c.c
[2.963s] -- Up-to-date: /home/asdfr-30/ASDfR_3/install/xrf2_msgs/local/lib/python3.10/dist-packages/xrf2_msgs/xrf2_msgs_s__rosidl_typesupport_fastrtps_c.cpython-310-aarch64-linux-gnu.so
[2.965s] -- Up-to-date: /home/asdfr-30/ASDfR_3/install/xrf2_msgs/local/lib/python3.10/dist-packages/xrf2_msgs/msg
[2.967s] -- Up-to-date: /home/asdfr-30/ASDfR_3/install/xrf2_msgs/local/lib/python3.10/dist-packages/xrf2_msgs/msg/_xeno2_ros_s.c
[2.969s] -- Up-to-date: /home/asdfr-30/ASDfR_3/install/xrf2_msgs/local/lib/python3.10/dist-packages/xrf2_msgs/msg/_ros2_xeno.py
[2.971s] -- Up-to-date: /home/asdfr-30/ASDfR_3/install/xrf2_msgs/local/lib/python3.10/dist-packages/xrf2_msgs/msg/__init__.py
[2.973s] -- Up-to-date: /home/asdfr-30/ASDfR_3/install/xrf2_msgs/local/lib/python3.10/dist-packages/xrf2_msgs/msg/_ros2_xeno_s.c
[2.977s] -- Up-to-date: /home/asdfr-30/ASDfR_3/install/xrf2_msgs/local/lib/python3.10/dist-packages/xrf2_msgs/msg/_xeno2_ros.py
[2.982s] -- Up-to-date: /home/asdfr-30/ASDfR_3/install/xrf2_msgs/local/lib/python3.10/dist-packages/xrf2_msgs/libxrf2_msgs__rosidl_generator_py.so
[2.985s] -- Up-to-date: /home/asdfr-30/ASDfR_3/install/xrf2_msgs/local/lib/python3.10/dist-packages/xrf2_msgs/xrf2_msgs_s__rosidl_typesupport_c.cpython-310-aarch64-linux-gnu.so
[2.987s] -- Up-to-date: /home/asdfr-30/ASDfR_3/install/xrf2_msgs/local/lib/python3.10/dist-packages/xrf2_msgs/__init__.py
[2.991s] Listing '/home/asdfr-30/ASDfR_3/install/xrf2_msgs/local/lib/python3.10/dist-packages/xrf2_msgs'...
[2.993s] Listing '/home/asdfr-30/ASDfR_3/install/xrf2_msgs/local/lib/python3.10/dist-packages/xrf2_msgs/msg'...
[2.995s] -- Up-to-date: /home/asdfr-30/ASDfR_3/install/xrf2_msgs/local/lib/python3.10/dist-packages/xrf2_msgs/xrf2_msgs_s__rosidl_typesupport_fastrtps_c.cpython-310-aarch64-linux-gnu.so
[2.996s] -- Up-to-date: /home/asdfr-30/ASDfR_3/install/xrf2_msgs/local/lib/python3.10/dist-packages/xrf2_msgs/xrf2_msgs_s__rosidl_typesupport_introspection_c.cpython-310-aarch64-linux-gnu.so
[2.998s] -- Up-to-date: /home/asdfr-30/ASDfR_3/install/xrf2_msgs/local/lib/python3.10/dist-packages/xrf2_msgs/xrf2_msgs_s__rosidl_typesupport_c.cpython-310-aarch64-linux-gnu.so
[3.003s] -- Up-to-date: /home/asdfr-30/ASDfR_3/install/xrf2_msgs/lib/libxrf2_msgs__rosidl_generator_py.so
[3.004s] -- Up-to-date: /home/asdfr-30/ASDfR_3/install/xrf2_msgs/share/xrf2_msgs/msg/Ros2Xeno.idl
[3.007s] -- Up-to-date: /home/asdfr-30/ASDfR_3/install/xrf2_msgs/share/xrf2_msgs/msg/Xeno2Ros.idl
[3.010s] -- Up-to-date: /home/asdfr-30/ASDfR_3/install/xrf2_msgs/share/xrf2_msgs/msg/Ros2Xeno.msg
[3.012s] -- Up-to-date: /home/asdfr-30/ASDfR_3/install/xrf2_msgs/share/xrf2_msgs/msg/Xeno2Ros.msg
[3.015s] -- Up-to-date: /home/asdfr-30/ASDfR_3/install/xrf2_msgs/share/ament_index/resource_index/package_run_dependencies/xrf2_msgs
[3.018s] -- Up-to-date: /home/asdfr-30/ASDfR_3/install/xrf2_msgs/share/ament_index/resource_index/parent_prefix_path/xrf2_msgs
[3.021s] -- Up-to-date: /home/asdfr-30/ASDfR_3/install/xrf2_msgs/share/xrf2_msgs/environment/ament_prefix_path.sh
[3.023s] -- Up-to-date: /home/asdfr-30/ASDfR_3/install/xrf2_msgs/share/xrf2_msgs/environment/ament_prefix_path.dsv
[3.025s] -- Up-to-date: /home/asdfr-30/ASDfR_3/install/xrf2_msgs/share/xrf2_msgs/environment/path.sh
[3.028s] -- Up-to-date: /home/asdfr-30/ASDfR_3/install/xrf2_msgs/share/xrf2_msgs/environment/path.dsv
[3.030s] -- Up-to-date: /home/asdfr-30/ASDfR_3/install/xrf2_msgs/share/xrf2_msgs/local_setup.bash
[3.033s] -- Up-to-date: /home/asdfr-30/ASDfR_3/install/xrf2_msgs/share/xrf2_msgs/local_setup.sh
[3.035s] -- Up-to-date: /home/asdfr-30/ASDfR_3/install/xrf2_msgs/share/xrf2_msgs/local_setup.zsh
[3.037s] -- Up-to-date: /home/asdfr-30/ASDfR_3/install/xrf2_msgs/share/xrf2_msgs/local_setup.dsv
[3.040s] -- Installing: /home/asdfr-30/ASDfR_3/install/xrf2_msgs/share/xrf2_msgs/package.dsv
[3.044s] -- Up-to-date: /home/asdfr-30/ASDfR_3/install/xrf2_msgs/share/ament_index/resource_index/packages/xrf2_msgs
[3.047s] -- Up-to-date: /home/asdfr-30/ASDfR_3/install/xrf2_msgs/share/xrf2_msgs/cmake/export_xrf2_msgs__rosidl_generator_cExport.cmake
[3.051s] -- Up-to-date: /home/asdfr-30/ASDfR_3/install/xrf2_msgs/share/xrf2_msgs/cmake/export_xrf2_msgs__rosidl_generator_cExport-noconfig.cmake
[3.053s] -- Up-to-date: /home/asdfr-30/ASDfR_3/install/xrf2_msgs/share/xrf2_msgs/cmake/export_xrf2_msgs__rosidl_typesupport_fastrtps_cExport.cmake
[3.055s] -- Up-to-date: /home/asdfr-30/ASDfR_3/install/xrf2_msgs/share/xrf2_msgs/cmake/export_xrf2_msgs__rosidl_typesupport_fastrtps_cExport-noconfig.cmake
[3.058s] -- Up-to-date: /home/asdfr-30/ASDfR_3/install/xrf2_msgs/share/xrf2_msgs/cmake/xrf2_msgs__rosidl_typesupport_introspection_cExport.cmake
[3.059s] -- Up-to-date: /home/asdfr-30/ASDfR_3/install/xrf2_msgs/share/xrf2_msgs/cmake/xrf2_msgs__rosidl_typesupport_introspection_cExport-noconfig.cmake
[3.062s] -- Up-to-date: /home/asdfr-30/ASDfR_3/install/xrf2_msgs/share/xrf2_msgs/cmake/xrf2_msgs__rosidl_typesupport_cExport.cmake
[3.063s] -- Up-to-date: /home/asdfr-30/ASDfR_3/install/xrf2_msgs/share/xrf2_msgs/cmake/xrf2_msgs__rosidl_typesupport_cExport-noconfig.cmake
[3.065s] -- Up-to-date: /home/asdfr-30/ASDfR_3/install/xrf2_msgs/share/xrf2_msgs/cmake/export_xrf2_msgs__rosidl_generator_cppExport.cmake
[3.068s] -- Up-to-date: /home/asdfr-30/ASDfR_3/install/xrf2_msgs/share/xrf2_msgs/cmake/export_xrf2_msgs__rosidl_typesupport_fastrtps_cppExport.cmake
[3.070s] -- Up-to-date: /home/asdfr-30/ASDfR_3/install/xrf2_msgs/share/xrf2_msgs/cmake/export_xrf2_msgs__rosidl_typesupport_fastrtps_cppExport-noconfig.cmake
[3.073s] -- Up-to-date: /home/asdfr-30/ASDfR_3/install/xrf2_msgs/share/xrf2_msgs/cmake/xrf2_msgs__rosidl_typesupport_introspection_cppExport.cmake
[3.074s] -- Up-to-date: /home/asdfr-30/ASDfR_3/install/xrf2_msgs/share/xrf2_msgs/cmake/xrf2_msgs__rosidl_typesupport_introspection_cppExport-noconfig.cmake
[3.077s] -- Up-to-date: /home/asdfr-30/ASDfR_3/install/xrf2_msgs/share/xrf2_msgs/cmake/xrf2_msgs__rosidl_typesupport_cppExport.cmake
[3.081s] -- Up-to-date: /home/asdfr-30/ASDfR_3/install/xrf2_msgs/share/xrf2_msgs/cmake/xrf2_msgs__rosidl_typesupport_cppExport-noconfig.cmake
[3.083s] -- Up-to-date: /home/asdfr-30/ASDfR_3/install/xrf2_msgs/share/xrf2_msgs/cmake/export_xrf2_msgs__rosidl_generator_pyExport.cmake
[3.085s] -- Up-to-date: /home/asdfr-30/ASDfR_3/install/xrf2_msgs/share/xrf2_msgs/cmake/export_xrf2_msgs__rosidl_generator_pyExport-noconfig.cmake
[3.087s] -- Up-to-date: /home/asdfr-30/ASDfR_3/install/xrf2_msgs/share/xrf2_msgs/cmake/rosidl_cmake-extras.cmake
[3.089s] -- Up-to-date: /home/asdfr-30/ASDfR_3/install/xrf2_msgs/share/xrf2_msgs/cmake/ament_cmake_export_include_directories-extras.cmake
[3.091s] -- Up-to-date: /home/asdfr-30/ASDfR_3/install/xrf2_msgs/share/xrf2_msgs/cmake/ament_cmake_export_libraries-extras.cmake
[3.093s] -- Up-to-date: /home/asdfr-30/ASDfR_3/install/xrf2_msgs/share/xrf2_msgs/cmake/ament_cmake_export_targets-extras.cmake
[3.097s] -- Up-to-date: /home/asdfr-30/ASDfR_3/install/xrf2_msgs/share/xrf2_msgs/cmake/rosidl_cmake_export_typesupport_targets-extras.cmake
[3.099s] -- Up-to-date: /home/asdfr-30/ASDfR_3/install/xrf2_msgs/share/xrf2_msgs/cmake/ament_cmake_export_dependencies-extras.cmake
[3.102s] -- Up-to-date: /home/asdfr-30/ASDfR_3/install/xrf2_msgs/share/xrf2_msgs/cmake/rosidl_cmake_export_typesupport_libraries-extras.cmake
[3.104s] -- Up-to-date: /home/asdfr-30/ASDfR_3/install/xrf2_msgs/share/xrf2_msgs/cmake/xrf2_msgsConfig.cmake
[3.107s] -- Up-to-date: /home/asdfr-30/ASDfR_3/install/xrf2_msgs/share/xrf2_msgs/cmake/xrf2_msgsConfig-version.cmake
[3.110s] -- Up-to-date: /home/asdfr-30/ASDfR_3/install/xrf2_msgs/share/xrf2_msgs/package.xml
[3.114s] Invoked command in '/home/asdfr-30/ASDfR_3/build/xrf2_msgs' returned '0': CMAKE_PREFIX_PATH=${CMAKE_PREFIX_PATH}:/opt/ros/humble /usr/bin/cmake --install /home/asdfr-30/ASDfR_3/build/xrf2_msgs
