[01m[K/home/asdfr-30/ASDfR_3/src/xeno_loop/src/XenoLoopRunner.cpp:[m[K In member function ‘[01m[Kvirtual int XenoLoopRunner::run()[m[K’:
[01m[K/home/asdfr-30/ASDfR_3/src/xeno_loop/src/XenoLoopRunner.cpp:129:60:[m[K [01;31m[Kerror: [m[Kno matching function for call to ‘[01m[Kclamp(double&, int, const int16_t&)[m[K’
  129 |     int16_t pwm_left_cmd  = static_cast<int16_t>([01;31m[Kstd::clamp(y[0], -max_abs_pwm, max_abs_pwm)[m[K);
      |                                                  [01;31m[K~~~~~~~~~~^~~~~~~~~~~~~~~~~~~~~~~~~~~~~~~~~[m[K
In file included from [01m[K/usr/include/c++/11/functional:65[m[K,
                 from [01m[K/home/asdfr-30/ASDfR_3/src/xeno_loop/../XRF2/XenoRosFramework/Xenomai/include/XenoFrtRosIco.hpp:7[m[K,
                 from [01m[K/home/asdfr-30/ASDfR_3/src/xeno_loop/../XRF2/XenoRosFramework/Xenomai/include/XenoFrt20Sim.hpp:4[m[K,
                 from [01m[K/home/asdfr-30/ASDfR_3/src/xeno_loop/include/XenoLoopRunner.hpp:5[m[K,
                 from [01m[K/home/asdfr-30/ASDfR_3/src/xeno_loop/src/XenoLoopRunner.cpp:2[m[K:
[01m[K/usr/include/c++/11/bits/stl_algo.h:3656:5:[m[K [01;36m[Knote: [m[Kcandidate: ‘[01m[Ktemplate<class _Tp> constexpr const _Tp& std::clamp(const _Tp&, const _Tp&, const _Tp&)[m[K’
 3656 |     [01;36m[Kclamp[m[K(const _Tp& __val, const _Tp& __lo, const _Tp& __hi)
      |     [01;36m[K^~~~~[m[K
[01m[K/usr/include/c++/11/bits/stl_algo.h:3656:5:[m[K [01;36m[Knote: [m[K  template argument deduction/substitution failed:
[01m[K/home/asdfr-30/ASDfR_3/src/xeno_loop/src/XenoLoopRunner.cpp:129:60:[m[K [01;36m[Knote: [m[K  deduced conflicting types for parameter ‘[01m[Kconst _Tp[m[K’ (‘[01m[Kdouble[m[K’ and ‘[01m[Kint[m[K’)
  129 |     int16_t pwm_left_cmd  = static_cast<int16_t>([01;36m[Kstd::clamp(y[0], -max_abs_pwm, max_abs_pwm)[m[K);
      |                                                  [01;36m[K~~~~~~~~~~^~~~~~~~~~~~~~~~~~~~~~~~~~~~~~~~~[m[K
In file included from [01m[K/usr/include/c++/11/functional:65[m[K,
                 from [01m[K/home/asdfr-30/ASDfR_3/src/xeno_loop/../XRF2/XenoRosFramework/Xenomai/include/XenoFrtRosIco.hpp:7[m[K,
                 from [01m[K/home/asdfr-30/ASDfR_3/src/xeno_loop/../XRF2/XenoRosFramework/Xenomai/include/XenoFrt20Sim.hpp:4[m[K,
                 from [01m[K/home/asdfr-30/ASDfR_3/src/xeno_loop/include/XenoLoopRunner.hpp:5[m[K,
                 from [01m[K/home/asdfr-30/ASDfR_3/src/xeno_loop/src/XenoLoopRunner.cpp:2[m[K:
[01m[K/usr/include/c++/11/bits/stl_algo.h:3674:5:[m[K [01;36m[Knote: [m[Kcandidate: ‘[01m[Ktemplate<class _Tp, class _Compare> constexpr const _Tp& std::clamp(const _Tp&, const _Tp&, const _Tp&, _Compare)[m[K’
 3674 |     [01;36m[Kclamp[m[K(const _Tp& __val, const _Tp& __lo, const _Tp& __hi, _Compare __comp)
      |     [01;36m[K^~~~~[m[K
[01m[K/usr/include/c++/11/bits/stl_algo.h:3674:5:[m[K [01;36m[Knote: [m[K  template argument deduction/substitution failed:
[01m[K/home/asdfr-30/ASDfR_3/src/xeno_loop/src/XenoLoopRunner.cpp:129:60:[m[K [01;36m[Knote: [m[K  deduced conflicting types for parameter ‘[01m[Kconst _Tp[m[K’ (‘[01m[Kdouble[m[K’ and ‘[01m[Kint[m[K’)
  129 |     int16_t pwm_left_cmd  = static_cast<int16_t>([01;36m[Kstd::clamp(y[0], -max_abs_pwm, max_abs_pwm)[m[K);
      |                                                  [01;36m[K~~~~~~~~~~^~~~~~~~~~~~~~~~~~~~~~~~~~~~~~~~~[m[K
[01m[K/home/asdfr-30/ASDfR_3/src/xeno_loop/src/XenoLoopRunner.cpp:130:60:[m[K [01;31m[Kerror: [m[Kno matching function for call to ‘[01m[Kclamp(double&, int, const int16_t&)[m[K’
  130 |     int16_t pwm_right_cmd = static_cast<int16_t>([01;31m[Kstd::clamp(y[1], -max_abs_pwm, max_abs_pwm)[m[K);
      |                                                  [01;31m[K~~~~~~~~~~^~~~~~~~~~~~~~~~~~~~~~~~~~~~~~~~~[m[K
In file included from [01m[K/usr/include/c++/11/functional:65[m[K,
                 from [01m[K/home/asdfr-30/ASDfR_3/src/xeno_loop/../XRF2/XenoRosFramework/Xenomai/include/XenoFrtRosIco.hpp:7[m[K,
                 from [01m[K/home/asdfr-30/ASDfR_3/src/xeno_loop/../XRF2/XenoRosFramework/Xenomai/include/XenoFrt20Sim.hpp:4[m[K,
                 from [01m[K/home/asdfr-30/ASDfR_3/src/xeno_loop/include/XenoLoopRunner.hpp:5[m[K,
                 from [01m[K/home/asdfr-30/ASDfR_3/src/xeno_loop/src/XenoLoopRunner.cpp:2[m[K:
[01m[K/usr/include/c++/11/bits/stl_algo.h:3656:5:[m[K [01;36m[Knote: [m[Kcandidate: ‘[01m[Ktemplate<class _Tp> constexpr const _Tp& std::clamp(const _Tp&, const _Tp&, const _Tp&)[m[K’
 3656 |     [01;36m[Kclamp[m[K(const _Tp& __val, const _Tp& __lo, const _Tp& __hi)
      |     [01;36m[K^~~~~[m[K
[01m[K/usr/include/c++/11/bits/stl_algo.h:3656:5:[m[K [01;36m[Knote: [m[K  template argument deduction/substitution failed:
[01m[K/home/asdfr-30/ASDfR_3/src/xeno_loop/src/XenoLoopRunner.cpp:130:60:[m[K [01;36m[Knote: [m[K  deduced conflicting types for parameter ‘[01m[Kconst _Tp[m[K’ (‘[01m[Kdouble[m[K’ and ‘[01m[Kint[m[K’)
  130 |     int16_t pwm_right_cmd = static_cast<int16_t>([01;36m[Kstd::clamp(y[1], -max_abs_pwm, max_abs_pwm)[m[K);
      |                                                  [01;36m[K~~~~~~~~~~^~~~~~~~~~~~~~~~~~~~~~~~~~~~~~~~~[m[K
In file included from [01m[K/usr/include/c++/11/functional:65[m[K,
                 from [01m[K/home/asdfr-30/ASDfR_3/src/xeno_loop/../XRF2/XenoRosFramework/Xenomai/include/XenoFrtRosIco.hpp:7[m[K,
                 from [01m[K/home/asdfr-30/ASDfR_3/src/xeno_loop/../XRF2/XenoRosFramework/Xenomai/include/XenoFrt20Sim.hpp:4[m[K,
                 from [01m[K/home/asdfr-30/ASDfR_3/src/xeno_loop/include/XenoLoopRunner.hpp:5[m[K,
                 from [01m[K/home/asdfr-30/ASDfR_3/src/xeno_loop/src/XenoLoopRunner.cpp:2[m[K:
[01m[K/usr/include/c++/11/bits/stl_algo.h:3674:5:[m[K [01;36m[Knote: [m[Kcandidate: ‘[01m[Ktemplate<class _Tp, class _Compare> constexpr const _Tp& std::clamp(const _Tp&, const _Tp&, const _Tp&, _Compare)[m[K’
 3674 |     [01;36m[Kclamp[m[K(const _Tp& __val, const _Tp& __lo, const _Tp& __hi, _Compare __comp)
      |     [01;36m[K^~~~~[m[K
[01m[K/usr/include/c++/11/bits/stl_algo.h:3674:5:[m[K [01;36m[Knote: [m[K  template argument deduction/substitution failed:
[01m[K/home/asdfr-30/ASDfR_3/src/xeno_loop/src/XenoLoopRunner.cpp:130:60:[m[K [01;36m[Knote: [m[K  deduced conflicting types for parameter ‘[01m[Kconst _Tp[m[K’ (‘[01m[Kdouble[m[K’ and ‘[01m[Kint[m[K’)
  130 |     int16_t pwm_right_cmd = static_cast<int16_t>([01;36m[Kstd::clamp(y[1], -max_abs_pwm, max_abs_pwm)[m[K);
      |                                                  [01;36m[K~~~~~~~~~~^~~~~~~~~~~~~~~~~~~~~~~~~~~~~~~~~[m[K
gmake[2]: *** [CMakeFiles/xeno_loop.dir/build.make:258: CMakeFiles/xeno_loop.dir/src/XenoLoopRunner.cpp.o] Error 1
gmake[2]: *** Waiting for unfinished jobs....
gmake[1]: *** [CMakeFiles/Makefile2:137: CMakeFiles/xeno_loop.dir/all] Error 2
gmake: *** [Makefile:101: all] Error 2
