[0.050s] Invoking command in '/home/asdfr-30/ASDfR_3/build/object_center': CMAKE_PREFIX_PATH=/opt/ros/humble /usr/bin/cmake /home/asdfr-30/ASDfR_3/src/object_center -DCMAKE_INSTALL_PREFIX=/home/asdfr-30/ASDfR_3/install/object_center
[0.315s] -- The C compiler identification is GNU 11.4.0
[0.573s] -- The CXX compiler identification is GNU 11.4.0
[0.608s] -- Detecting C compiler ABI info
[0.957s] -- Detecting C compiler ABI info - done
[0.988s] -- Check for working C compiler: /usr/bin/cc - skipped
[0.992s] -- Detecting C compile features
[0.996s] -- Detecting C compile features - done
[1.014s] -- Detecting CXX compiler ABI info
[1.422s] -- Detecting CXX compiler ABI info - done
[1.460s] -- Check for working CXX compiler: /usr/bin/c++ - skipped
[1.465s] -- Detecting CXX compile features
[1.470s] -- Detecting CXX compile features - done
[1.490s] -- Found ament_cmake: 1.3.11 (/opt/ros/humble/share/ament_cmake/cmake)
[2.278s] -- Found Python3: /usr/bin/python3 (found version "3.10.12") found components: Interpreter 
[2.713s] -- Found rclcpp: 16.0.11 (/opt/ros/humble/share/rclcpp/cmake)
[2.859s] -- Found rosidl_generator_c: 3.1.6 (/opt/ros/humble/share/rosidl_generator_c/cmake)
[2.886s] -- Found rosidl_adapter: 3.1.6 (/opt/ros/humble/share/rosidl_adapter/cmake)
[2.928s] -- Found rosidl_generator_cpp: 3.1.6 (/opt/ros/humble/share/rosidl_generator_cpp/cmake)
[2.986s] -- Using all available rosidl_typesupport_c: rosidl_typesupport_fastrtps_c;rosidl_typesupport_introspection_c
[3.091s] -- Using all available rosidl_typesupport_cpp: rosidl_typesupport_fastrtps_cpp;rosidl_typesupport_introspection_cpp
[3.284s] -- Found rmw_implementation_cmake: 6.1.2 (/opt/ros/humble/share/rmw_implementation_cmake/cmake)
[3.294s] -- Found rmw_fastrtps_cpp: 6.2.7 (/opt/ros/humble/share/rmw_fastrtps_cpp/cmake)
[3.587s] -- Found OpenSSL: /usr/lib/aarch64-linux-gnu/libcrypto.so (found version "3.0.2")  
[3.669s] -- Found FastRTPS: /opt/ros/humble/include  
[3.792s] -- Using RMW implementation 'rmw_fastrtps_cpp' as default
[3.830s] -- Looking for pthread.h
[4.490s] -- Looking for pthread.h - found
[4.492s] -- Performing Test CMAKE_HAVE_LIBC_PTHREAD
[5.289s] -- Performing Test CMAKE_HAVE_LIBC_PTHREAD - Success
[5.291s] -- Found Threads: TRUE  
[5.820s] -- Found rclcpp_components: 16.0.11 (/opt/ros/humble/share/rclcpp_components/cmake)
[5.984s] -- Found sensor_msgs: 4.2.4 (/opt/ros/humble/share/sensor_msgs/cmake)
[6.142s] -- Found cv_bridge: 3.2.1 (/opt/ros/humble/share/cv_bridge/cmake)
[6.219s] -- Found OpenCV: /usr (found version "4.5.4") found components: core highgui imgcodecs imgproc videoio 
[6.240s] -- Found ament_lint_auto: 0.12.11 (/opt/ros/humble/share/ament_lint_auto/cmake)
[7.073s] -- Added test 'cppcheck' to perform static code analysis on C / C++ code
[7.078s] -- Configured cppcheck include dirs: $<BUILD_INTERFACE:/home/asdfr-30/ASDfR_3/src/object_center/include>
[7.081s] -- Configured cppcheck exclude dirs and/or files: 
[7.088s] -- Added test 'lint_cmake' to check CMake code style
[7.111s] -- Added test 'uncrustify' to check C / C++ code style
[7.113s] -- Configured uncrustify additional arguments: 
[7.119s] -- Added test 'xmllint' to check XML markup files
[7.130s] -- Configuring done
[7.241s] -- Generating done
[7.284s] -- Build files have been written to: /home/asdfr-30/ASDfR_3/build/object_center
[7.362s] Invoked command in '/home/asdfr-30/ASDfR_3/build/object_center' returned '0': CMAKE_PREFIX_PATH=/opt/ros/humble /usr/bin/cmake /home/asdfr-30/ASDfR_3/src/object_center -DCMAKE_INSTALL_PREFIX=/home/asdfr-30/ASDfR_3/install/object_center
[7.365s] Invoking command in '/home/asdfr-30/ASDfR_3/build/object_center': CMAKE_PREFIX_PATH=/opt/ros/humble /usr/bin/cmake --build /home/asdfr-30/ASDfR_3/build/object_center -- -j3 -l3
[7.703s] [ 50%] [32mBuilding CXX object CMakeFiles/object_center.dir/src/object_center.cpp.o[0m
[62.450s] [100%] [32m[1mLinking CXX executable object_center[0m
[66.431s] [100%] Built target object_center
[66.475s] Invoked command in '/home/asdfr-30/ASDfR_3/build/object_center' returned '0': CMAKE_PREFIX_PATH=/opt/ros/humble /usr/bin/cmake --build /home/asdfr-30/ASDfR_3/build/object_center -- -j3 -l3
[66.479s] Invoking command in '/home/asdfr-30/ASDfR_3/build/object_center': CMAKE_PREFIX_PATH=/opt/ros/humble /usr/bin/cmake --install /home/asdfr-30/ASDfR_3/build/object_center
[66.508s] -- Install configuration: ""
[66.511s] -- Installing: /home/asdfr-30/ASDfR_3/install/object_center/lib/object_center/object_center
[66.717s] -- Set runtime path of "/home/asdfr-30/ASDfR_3/install/object_center/lib/object_center/object_center" to ""
[66.723s] -- Installing: /home/asdfr-30/ASDfR_3/install/object_center/share/ament_index/resource_index/package_run_dependencies/object_center
[66.732s] -- Installing: /home/asdfr-30/ASDfR_3/install/object_center/share/ament_index/resource_index/parent_prefix_path/object_center
[66.736s] -- Installing: /home/asdfr-30/ASDfR_3/install/object_center/share/object_center/environment/ament_prefix_path.sh
[66.740s] -- Installing: /home/asdfr-30/ASDfR_3/install/object_center/share/object_center/environment/ament_prefix_path.dsv
[66.744s] -- Installing: /home/asdfr-30/ASDfR_3/install/object_center/share/object_center/environment/path.sh
[66.748s] -- Installing: /home/asdfr-30/ASDfR_3/install/object_center/share/object_center/environment/path.dsv
[66.752s] -- Installing: /home/asdfr-30/ASDfR_3/install/object_center/share/object_center/local_setup.bash
[66.756s] -- Installing: /home/asdfr-30/ASDfR_3/install/object_center/share/object_center/local_setup.sh
[66.760s] -- Installing: /home/asdfr-30/ASDfR_3/install/object_center/share/object_center/local_setup.zsh
[66.766s] -- Installing: /home/asdfr-30/ASDfR_3/install/object_center/share/object_center/local_setup.dsv
[66.770s] -- Installing: /home/asdfr-30/ASDfR_3/install/object_center/share/object_center/package.dsv
[66.774s] -- Installing: /home/asdfr-30/ASDfR_3/install/object_center/share/ament_index/resource_index/packages/object_center
[66.781s] -- Installing: /home/asdfr-30/ASDfR_3/install/object_center/share/object_center/cmake/object_centerConfig.cmake
[66.786s] -- Installing: /home/asdfr-30/ASDfR_3/install/object_center/share/object_center/cmake/object_centerConfig-version.cmake
[66.789s] -- Installing: /home/asdfr-30/ASDfR_3/install/object_center/share/object_center/package.xml
[66.805s] Invoked command in '/home/asdfr-30/ASDfR_3/build/object_center' returned '0': CMAKE_PREFIX_PATH=/opt/ros/humble /usr/bin/cmake --install /home/asdfr-30/ASDfR_3/build/object_center
