[0.132s] Invoking command in '/home/asdfr-30/ASDfR_3/build/relbot_simulator': CMAKE_PREFIX_PATH=${CMAKE_PREFIX_PATH}:/opt/ros/humble /usr/bin/cmake /home/asdfr-30/ASDfR_3/src/relbot_simulator -DCMAKE_INSTALL_PREFIX=/home/asdfr-30/ASDfR_3/install/relbot_simulator
[1.117s] -- The C compiler identification is GNU 11.4.0
[1.443s] -- The CXX compiler identification is GNU 11.4.0
[1.555s] -- Detecting C compiler ABI info
[2.980s] -- Detecting C compiler ABI info - done
[3.015s] -- Check for working C compiler: /usr/bin/cc - skipped
[3.022s] -- Detecting C compile features
[3.030s] -- Detecting C compile features - done
[3.061s] -- Detecting CXX compiler ABI info
[3.704s] -- Detecting CXX compiler ABI info - done
[3.744s] -- Check for working CXX compiler: /usr/bin/c++ - skipped
[3.749s] -- Detecting CXX compile features
[3.755s] -- Detecting CXX compile features - done
[3.837s] -- Found ament_cmake: 1.3.11 (/opt/ros/humble/share/ament_cmake/cmake)
[5.019s] -- Found Python3: /usr/bin/python3 (found version "3.10.12") found components: Interpreter 
[5.834s] -- Found rclcpp: 16.0.11 (/opt/ros/humble/share/rclcpp/cmake)
[6.140s] -- Found rosidl_generator_c: 3.1.6 (/opt/ros/humble/share/rosidl_generator_c/cmake)
[6.182s] -- Found rosidl_adapter: 3.1.6 (/opt/ros/humble/share/rosidl_adapter/cmake)
[6.249s] -- Found rosidl_generator_cpp: 3.1.6 (/opt/ros/humble/share/rosidl_generator_cpp/cmake)
[6.356s] -- Using all available rosidl_typesupport_c: rosidl_typesupport_fastrtps_c;rosidl_typesupport_introspection_c
[6.581s] -- Using all available rosidl_typesupport_cpp: rosidl_typesupport_fastrtps_cpp;rosidl_typesupport_introspection_cpp
[7.010s] -- Found rmw_implementation_cmake: 6.1.2 (/opt/ros/humble/share/rmw_implementation_cmake/cmake)
[7.033s] -- Found rmw_fastrtps_cpp: 6.2.7 (/opt/ros/humble/share/rmw_fastrtps_cpp/cmake)
[7.627s] -- Found OpenSSL: /usr/lib/aarch64-linux-gnu/libcrypto.so (found version "3.0.2")  
[7.801s] -- Found FastRTPS: /opt/ros/humble/include  
[7.994s] -- Using RMW implementation 'rmw_fastrtps_cpp' as default
[8.091s] -- Looking for pthread.h
[8.610s] -- Looking for pthread.h - found
[8.615s] -- Performing Test CMAKE_HAVE_LIBC_PTHREAD
[9.092s] -- Performing Test CMAKE_HAVE_LIBC_PTHREAD - Success
[9.097s] -- Found Threads: TRUE  
[9.586s] -- Found example_interfaces: 0.9.3 (/opt/ros/humble/share/example_interfaces/cmake)
[9.867s] -- Found geometry_msgs: 4.2.4 (/opt/ros/humble/share/geometry_msgs/cmake)
[10.014s] -- Found sensor_msgs: 4.2.4 (/opt/ros/humble/share/sensor_msgs/cmake)
[10.216s] -- Found OpenCV: /usr (found version "4.5.4") found components: core highgui imgcodecs imgproc videoio 
[10.235s] -- Found cv_bridge: 3.2.1 (/opt/ros/humble/share/cv_bridge/cmake)
[10.287s] -- Found ament_lint_auto: 0.12.11 (/opt/ros/humble/share/ament_lint_auto/cmake)
[10.947s] -- Added test 'copyright' to check source files copyright and LICENSE
[10.969s] -- Added test 'cppcheck' to perform static code analysis on C / C++ code
[10.980s] -- Configured cppcheck include dirs: /home/asdfr-30/ASDfR_3/src/relbot_simulator/include;/home/asdfr-30/ASDfR_3/src/relbot_simulator/common;$<BUILD_INTERFACE:/home/asdfr-30/ASDfR_3/src/relbot_simulator/include>;$<BUILD_INTERFACE:/home/asdfr-30/ASDfR_3/src/relbot_simulator/common>
[10.981s] -- Configured cppcheck exclude dirs and/or files: 
[11.004s] -- Added test 'cpplint' to check C / C++ code against the Google style
[11.005s] -- Configured cpplint exclude dirs and/or files: 
[11.016s] -- Added test 'flake8' to check Python code syntax and style conventions
[11.027s] -- Added test 'lint_cmake' to check CMake code style
[11.042s] -- Added test 'pep257' to check Python code against some of the docstring style conventions in PEP 257
[11.068s] -- Added test 'uncrustify' to check C / C++ code style
[11.072s] -- Configured uncrustify additional arguments: 
[11.085s] -- Added test 'xmllint' to check XML markup files
[11.119s] -- Configuring done
[11.235s] -- Generating done
[11.288s] -- Build files have been written to: /home/asdfr-30/ASDfR_3/build/relbot_simulator
[11.393s] Invoked command in '/home/asdfr-30/ASDfR_3/build/relbot_simulator' returned '0': CMAKE_PREFIX_PATH=${CMAKE_PREFIX_PATH}:/opt/ros/humble /usr/bin/cmake /home/asdfr-30/ASDfR_3/src/relbot_simulator -DCMAKE_INSTALL_PREFIX=/home/asdfr-30/ASDfR_3/install/relbot_simulator
[11.409s] Invoking command in '/home/asdfr-30/ASDfR_3/build/relbot_simulator': CMAKE_PREFIX_PATH=${CMAKE_PREFIX_PATH}:/opt/ros/humble /usr/bin/cmake --build /home/asdfr-30/ASDfR_3/build/relbot_simulator -- -j3 -l3
[11.670s] [ 11%] [32mBuilding CXX object CMakeFiles/relbot_simulator.dir/src/relbot_simulator.cpp.o[0m
[88.206s] [ 22%] [32mBuilding CXX object CMakeFiles/relbot_simulator.dir/common/EulerAngles.cpp.o[0m
[88.290s] [ 33%] [32mBuilding CXX object CMakeFiles/relbot_simulator.dir/common/MotionProfiles.cpp.o[0m
[88.370s] [ 44%] [32mBuilding CXX object CMakeFiles/relbot_simulator.dir/common/xxfuncs.cpp.o[0m
[89.012s] [ 55%] [32mBuilding CXX object CMakeFiles/relbot_simulator.dir/common/xxinteg.cpp.o[0m
[89.689s] [ 66%] [32mBuilding CXX object CMakeFiles/relbot_simulator.dir/common/xxinverse.cpp.o[0m
[90.364s] [ 77%] [32mBuilding CXX object CMakeFiles/relbot_simulator.dir/common/xxmatrix.cpp.o[0m
[91.147s] [ 88%] [32mBuilding CXX object CMakeFiles/relbot_simulator.dir/src/Plant.cpp.o[0m
[92.113s] [100%] [32m[1mLinking CXX executable relbot_simulator[0m
[97.483s] [100%] Built target relbot_simulator
