[0.096s] Invoking command in '/home/asdfr-30/ASDfR_3/build/ros_xeno_bridge': CMAKE_PREFIX_PATH=/home/asdfr-30/ASDfR_3/install/xrf2_msgs:/home/asdfr-30/ASDfR_3/install/sequence_controller:/home/asdfr-30/ASDfR_3/install/ros_xeno_bridge:/home/asdfr-30/ASDfR_3/install/relbot_simulator:/home/asdfr-30/ASDfR_3/install/object_center:/home/asdfr-30/ASDfR_3/install/cam2image_vm2ros:/home/asdfr-30/ASDfR_3/install/brightness:/home/asdfr-30/ASDfR_3/install/ball_tracker:/opt/ros/humble /usr/bin/cmake --build /home/asdfr-30/ASDfR_3/build/ros_xeno_bridge -- -j3 -l3
[0.281s] [35m[1mConsolidate compiler generated dependencies of target RosXenoBridge[0m
[0.879s] [100%] Built target RosXenoBridge
[0.970s] Invoked command in '/home/asdfr-30/ASDfR_3/build/ros_xeno_bridge' returned '0': CMAKE_PREFIX_PATH=/home/asdfr-30/ASDfR_3/install/xrf2_msgs:/home/asdfr-30/ASDfR_3/install/sequence_controller:/home/asdfr-30/ASDfR_3/install/ros_xeno_bridge:/home/asdfr-30/ASDfR_3/install/relbot_simulator:/home/asdfr-30/ASDfR_3/install/object_center:/home/asdfr-30/ASDfR_3/install/cam2image_vm2ros:/home/asdfr-30/ASDfR_3/install/brightness:/home/asdfr-30/ASDfR_3/install/ball_tracker:/opt/ros/humble /usr/bin/cmake --build /home/asdfr-30/ASDfR_3/build/ros_xeno_bridge -- -j3 -l3
[0.982s] Invoking command in '/home/asdfr-30/ASDfR_3/build/ros_xeno_bridge': CMAKE_PREFIX_PATH=/home/asdfr-30/ASDfR_3/install/xrf2_msgs:/home/asdfr-30/ASDfR_3/install/sequence_controller:/home/asdfr-30/ASDfR_3/install/ros_xeno_bridge:/home/asdfr-30/ASDfR_3/install/relbot_simulator:/home/asdfr-30/ASDfR_3/install/object_center:/home/asdfr-30/ASDfR_3/install/cam2image_vm2ros:/home/asdfr-30/ASDfR_3/install/brightness:/home/asdfr-30/ASDfR_3/install/ball_tracker:/opt/ros/humble /usr/bin/cmake --install /home/asdfr-30/ASDfR_3/build/ros_xeno_bridge
[1.056s] -- Install configuration: ""
[1.059s] -- Up-to-date: /home/asdfr-30/ASDfR_3/install/ros_xeno_bridge/lib/ros_xeno_bridge/RosXenoBridge
[1.061s] -- Up-to-date: /home/asdfr-30/ASDfR_3/install/ros_xeno_bridge/share/ament_index/resource_index/package_run_dependencies/ros_xeno_bridge
[1.067s] -- Up-to-date: /home/asdfr-30/ASDfR_3/install/ros_xeno_bridge/share/ament_index/resource_index/parent_prefix_path/ros_xeno_bridge
[1.068s] -- Up-to-date: /home/asdfr-30/ASDfR_3/install/ros_xeno_bridge/share/ros_xeno_bridge/environment/ament_prefix_path.sh
[1.070s] -- Up-to-date: /home/asdfr-30/ASDfR_3/install/ros_xeno_bridge/share/ros_xeno_bridge/environment/ament_prefix_path.dsv
[1.071s] -- Up-to-date: /home/asdfr-30/ASDfR_3/install/ros_xeno_bridge/share/ros_xeno_bridge/environment/path.sh
[1.073s] -- Up-to-date: /home/asdfr-30/ASDfR_3/install/ros_xeno_bridge/share/ros_xeno_bridge/environment/path.dsv
[1.074s] -- Up-to-date: /home/asdfr-30/ASDfR_3/install/ros_xeno_bridge/share/ros_xeno_bridge/local_setup.bash
[1.075s] -- Up-to-date: /home/asdfr-30/ASDfR_3/install/ros_xeno_bridge/share/ros_xeno_bridge/local_setup.sh
[1.084s] -- Up-to-date: /home/asdfr-30/ASDfR_3/install/ros_xeno_bridge/share/ros_xeno_bridge/local_setup.zsh
[1.086s] -- Up-to-date: /home/asdfr-30/ASDfR_3/install/ros_xeno_bridge/share/ros_xeno_bridge/local_setup.dsv
[1.087s] -- Installing: /home/asdfr-30/ASDfR_3/install/ros_xeno_bridge/share/ros_xeno_bridge/package.dsv
[1.088s] -- Up-to-date: /home/asdfr-30/ASDfR_3/install/ros_xeno_bridge/share/ament_index/resource_index/packages/ros_xeno_bridge
[1.091s] -- Up-to-date: /home/asdfr-30/ASDfR_3/install/ros_xeno_bridge/share/ros_xeno_bridge/cmake/ros_xeno_bridgeConfig.cmake
[1.094s] -- Up-to-date: /home/asdfr-30/ASDfR_3/install/ros_xeno_bridge/share/ros_xeno_bridge/cmake/ros_xeno_bridgeConfig-version.cmake
[1.095s] -- Up-to-date: /home/asdfr-30/ASDfR_3/install/ros_xeno_bridge/share/ros_xeno_bridge/package.xml
[1.110s] Invoked command in '/home/asdfr-30/ASDfR_3/build/ros_xeno_bridge' returned '0': CMAKE_PREFIX_PATH=/home/asdfr-30/ASDfR_3/install/xrf2_msgs:/home/asdfr-30/ASDfR_3/install/sequence_controller:/home/asdfr-30/ASDfR_3/install/ros_xeno_bridge:/home/asdfr-30/ASDfR_3/install/relbot_simulator:/home/asdfr-30/ASDfR_3/install/object_center:/home/asdfr-30/ASDfR_3/install/cam2image_vm2ros:/home/asdfr-30/ASDfR_3/install/brightness:/home/asdfr-30/ASDfR_3/install/ball_tracker:/opt/ros/humble /usr/bin/cmake --install /home/asdfr-30/ASDfR_3/build/ros_xeno_bridge
