[0.070s] Invoking command in '/home/asdfr-30/ASDfR_3/build/ball_tracker': CMAKE_PREFIX_PATH=${CMAKE_PREFIX_PATH}:/opt/ros/humble /usr/bin/cmake --build /home/asdfr-30/ASDfR_3/build/ball_tracker -- -j3 -l3
[0.374s] [100%] Built target ball_tracker
[0.431s] Invoked command in '/home/asdfr-30/ASDfR_3/build/ball_tracker' returned '0': CMAKE_PREFIX_PATH=${CMAKE_PREFIX_PATH}:/opt/ros/humble /usr/bin/cmake --build /home/asdfr-30/ASDfR_3/build/ball_tracker -- -j3 -l3
[0.494s] Invoking command in '/home/asdfr-30/ASDfR_3/build/ball_tracker': CMAKE_PREFIX_PATH=${CMAKE_PREFIX_PATH}:/opt/ros/humble /usr/bin/cmake --install /home/asdfr-30/ASDfR_3/build/ball_tracker
[0.553s] -- Install configuration: ""
[0.555s] -- Up-to-date: /home/asdfr-30/ASDfR_3/install/ball_tracker/lib/ball_tracker/ball_tracker
[0.556s] -- Up-to-date: /home/asdfr-30/ASDfR_3/install/ball_tracker/share/ament_index/resource_index/package_run_dependencies/ball_tracker
[0.557s] -- Up-to-date: /home/asdfr-30/ASDfR_3/install/ball_tracker/share/ament_index/resource_index/parent_prefix_path/ball_tracker
[0.558s] -- Up-to-date: /home/asdfr-30/ASDfR_3/install/ball_tracker/share/ball_tracker/environment/ament_prefix_path.sh
[0.561s] -- Up-to-date: /home/asdfr-30/ASDfR_3/install/ball_tracker/share/ball_tracker/environment/ament_prefix_path.dsv
[0.573s] -- Up-to-date: /home/asdfr-30/ASDfR_3/install/ball_tracker/share/ball_tracker/environment/path.sh
[0.575s] -- Up-to-date: /home/asdfr-30/ASDfR_3/install/ball_tracker/share/ball_tracker/environment/path.dsv
[0.576s] -- Up-to-date: /home/asdfr-30/ASDfR_3/install/ball_tracker/share/ball_tracker/local_setup.bash
[0.577s] -- Up-to-date: /home/asdfr-30/ASDfR_3/install/ball_tracker/share/ball_tracker/local_setup.sh
[0.579s] -- Up-to-date: /home/asdfr-30/ASDfR_3/install/ball_tracker/share/ball_tracker/local_setup.zsh
[0.580s] -- Up-to-date: /home/asdfr-30/ASDfR_3/install/ball_tracker/share/ball_tracker/local_setup.dsv
[0.581s] -- Installing: /home/asdfr-30/ASDfR_3/install/ball_tracker/share/ball_tracker/package.dsv
[0.583s] -- Up-to-date: /home/asdfr-30/ASDfR_3/install/ball_tracker/share/ament_index/resource_index/packages/ball_tracker
[0.584s] -- Up-to-date: /home/asdfr-30/ASDfR_3/install/ball_tracker/share/ball_tracker/cmake/ball_trackerConfig.cmake
[0.596s] -- Up-to-date: /home/asdfr-30/ASDfR_3/install/ball_tracker/share/ball_tracker/cmake/ball_trackerConfig-version.cmake
[0.604s] -- Up-to-date: /home/asdfr-30/ASDfR_3/install/ball_tracker/share/ball_tracker/package.xml
[0.607s] -- Up-to-date: /home/asdfr-30/ASDfR_3/install/ball_tracker/share/ball_tracker/package.xml
[0.609s] Invoked command in '/home/asdfr-30/ASDfR_3/build/ball_tracker' returned '0': CMAKE_PREFIX_PATH=${CMAKE_PREFIX_PATH}:/opt/ros/humble /usr/bin/cmake --install /home/asdfr-30/ASDfR_3/build/ball_tracker
