[0.053s] Invoking command in '/home/asdfr-30/ASDfR_3/build/relbot_simulator': CMAKE_PREFIX_PATH=${CMAKE_PREFIX_PATH}:/opt/ros/humble /usr/bin/cmake /home/asdfr-30/ASDfR_3/src/relbot_simulator -DCMAKE_INSTALL_PREFIX=/home/asdfr-30/ASDfR_3/install/relbot_simulator
[0.580s] -- The C compiler identification is GNU 11.4.0
[1.083s] -- The CXX compiler identification is GNU 11.4.0
[1.157s] -- Detecting C compiler ABI info
[1.811s] -- Detecting C compiler ABI info - done
[1.891s] -- Check for working C compiler: /usr/bin/cc - skipped
[1.895s] -- Detecting C compile features
[1.898s] -- Detecting C compile features - done
[1.919s] -- Detecting CXX compiler ABI info
[2.715s] -- Detecting CXX compiler ABI info - done
[2.799s] -- Check for working CXX compiler: /usr/bin/c++ - skipped
[2.802s] -- Detecting CXX compile features
[2.806s] -- Detecting CXX compile features - done
[2.834s] -- Found ament_cmake: 1.3.11 (/opt/ros/humble/share/ament_cmake/cmake)
[4.178s] -- Found Python3: /usr/bin/python3 (found version "3.10.12") found components: Interpreter 
[5.357s] -- Found rclcpp: 16.0.11 (/opt/ros/humble/share/rclcpp/cmake)
[5.644s] -- Found rosidl_generator_c: 3.1.6 (/opt/ros/humble/share/rosidl_generator_c/cmake)
[5.701s] -- Found rosidl_adapter: 3.1.6 (/opt/ros/humble/share/rosidl_adapter/cmake)
[5.799s] -- Found rosidl_generator_cpp: 3.1.6 (/opt/ros/humble/share/rosidl_generator_cpp/cmake)
[5.906s] -- Using all available rosidl_typesupport_c: rosidl_typesupport_fastrtps_c;rosidl_typesupport_introspection_c
[6.135s] -- Using all available rosidl_typesupport_cpp: rosidl_typesupport_fastrtps_cpp;rosidl_typesupport_introspection_cpp
[6.420s] -- Found rmw_implementation_cmake: 6.1.2 (/opt/ros/humble/share/rmw_implementation_cmake/cmake)
[6.430s] -- Found rmw_fastrtps_cpp: 6.2.7 (/opt/ros/humble/share/rmw_fastrtps_cpp/cmake)
[7.117s] -- Found OpenSSL: /usr/lib/aarch64-linux-gnu/libcrypto.so (found version "3.0.2")  
[7.203s] -- Found FastRTPS: /opt/ros/humble/include  
[7.328s] -- Using RMW implementation 'rmw_fastrtps_cpp' as default
[7.376s] -- Looking for pthread.h
[8.097s] -- Looking for pthread.h - found
[8.100s] -- Performing Test CMAKE_HAVE_LIBC_PTHREAD
[8.456s] -- Performing Test CMAKE_HAVE_LIBC_PTHREAD - Success
[8.459s] -- Found Threads: TRUE  
[8.727s] -- Found example_interfaces: 0.9.3 (/opt/ros/humble/share/example_interfaces/cmake)
[8.985s] -- Found geometry_msgs: 4.2.4 (/opt/ros/humble/share/geometry_msgs/cmake)
[9.050s] -- Found sensor_msgs: 4.2.4 (/opt/ros/humble/share/sensor_msgs/cmake)
[9.156s] -- Found OpenCV: /usr (found version "4.5.4") found components: core highgui imgcodecs imgproc videoio 
[9.166s] -- Found cv_bridge: 3.2.1 (/opt/ros/humble/share/cv_bridge/cmake)
[9.191s] -- Found ament_lint_auto: 0.12.11 (/opt/ros/humble/share/ament_lint_auto/cmake)
[9.642s] -- Added test 'copyright' to check source files copyright and LICENSE
[9.653s] -- Added test 'cppcheck' to perform static code analysis on C / C++ code
[9.656s] -- Configured cppcheck include dirs: /home/asdfr-30/ASDfR_3/src/relbot_simulator/include;/home/asdfr-30/ASDfR_3/src/relbot_simulator/common;$<BUILD_INTERFACE:/home/asdfr-30/ASDfR_3/src/relbot_simulator/include>;$<BUILD_INTERFACE:/home/asdfr-30/ASDfR_3/src/relbot_simulator/common>
[9.659s] -- Configured cppcheck exclude dirs and/or files: 
[9.669s] -- Added test 'cpplint' to check C / C++ code against the Google style
[9.671s] -- Configured cpplint exclude dirs and/or files: 
[9.676s] -- Added test 'flake8' to check Python code syntax and style conventions
[9.683s] -- Added test 'lint_cmake' to check CMake code style
[9.688s] -- Added test 'pep257' to check Python code against some of the docstring style conventions in PEP 257
[9.697s] -- Added test 'uncrustify' to check C / C++ code style
[9.699s] -- Configured uncrustify additional arguments: 
[9.705s] -- Added test 'xmllint' to check XML markup files
[9.717s] -- Configuring done
[9.794s] -- Generating done
[9.832s] -- Build files have been written to: /home/asdfr-30/ASDfR_3/build/relbot_simulator
[9.894s] Invoked command in '/home/asdfr-30/ASDfR_3/build/relbot_simulator' returned '0': CMAKE_PREFIX_PATH=${CMAKE_PREFIX_PATH}:/opt/ros/humble /usr/bin/cmake /home/asdfr-30/ASDfR_3/src/relbot_simulator -DCMAKE_INSTALL_PREFIX=/home/asdfr-30/ASDfR_3/install/relbot_simulator
[9.898s] Invoking command in '/home/asdfr-30/ASDfR_3/build/relbot_simulator': CMAKE_PREFIX_PATH=${CMAKE_PREFIX_PATH}:/opt/ros/humble /usr/bin/cmake --build /home/asdfr-30/ASDfR_3/build/relbot_simulator -- -j3 -l3
[10.084s] [ 11%] [32mBuilding CXX object CMakeFiles/relbot_simulator.dir/src/relbot_simulator.cpp.o[0m
[91.026s] [ 22%] [32mBuilding CXX object CMakeFiles/relbot_simulator.dir/common/EulerAngles.cpp.o[0m
[91.099s] [ 33%] [32mBuilding CXX object CMakeFiles/relbot_simulator.dir/common/MotionProfiles.cpp.o[0m
[91.188s] [ 44%] [32mBuilding CXX object CMakeFiles/relbot_simulator.dir/common/xxfuncs.cpp.o[0m
[91.980s] [ 55%] [32mBuilding CXX object CMakeFiles/relbot_simulator.dir/common/xxinteg.cpp.o[0m
[92.803s] [ 66%] [32mBuilding CXX object CMakeFiles/relbot_simulator.dir/common/xxinverse.cpp.o[0m
[93.564s] [ 77%] [32mBuilding CXX object CMakeFiles/relbot_simulator.dir/common/xxmatrix.cpp.o[0m
[96.273s] [ 88%] [32mBuilding CXX object CMakeFiles/relbot_simulator.dir/src/Plant.cpp.o[0m
[97.462s] [100%] [32m[1mLinking CXX executable relbot_simulator[0m
[103.434s] [100%] Built target relbot_simulator
