[0.088s] Invoking command in '/home/asdfr-30/ASDfR_3/build/sequence_controller': CMAKE_PREFIX_PATH=/home/asdfr-30/ASDfR_3/install/xrf2_msgs:/home/asdfr-30/ASDfR_3/install/sequence_controller:/home/asdfr-30/ASDfR_3/install/ros_xeno_bridge:/home/asdfr-30/ASDfR_3/install/relbot_simulator:/home/asdfr-30/ASDfR_3/install/object_center:/home/asdfr-30/ASDfR_3/install/cam2image_vm2ros:/home/asdfr-30/ASDfR_3/install/brightness:/home/asdfr-30/ASDfR_3/install/ball_tracker:/opt/ros/humble /usr/bin/cmake /home/asdfr-30/ASDfR_3/src/sequence_controller -DCMAKE_INSTALL_PREFIX=/home/asdfr-30/ASDfR_3/install/sequence_controller
[0.342s] -- The C compiler identification is GNU 11.4.0
[0.643s] -- The CXX compiler identification is GNU 11.4.0
[0.672s] -- Detecting C compiler ABI info
[1.041s] -- Detecting C compiler ABI info - done
[1.072s] -- Check for working C compiler: /usr/bin/cc - skipped
[1.075s] -- Detecting C compile features
[1.078s] -- Detecting C compile features - done
[1.098s] -- Detecting CXX compiler ABI info
[1.495s] -- Detecting CXX compiler ABI info - done
[1.532s] -- Check for working CXX compiler: /usr/bin/c++ - skipped
[1.535s] -- Detecting CXX compile features
[1.539s] -- Detecting CXX compile features - done
[1.557s] -- Found ament_cmake: 1.3.11 (/opt/ros/humble/share/ament_cmake/cmake)
[2.488s] -- Found Python3: /usr/bin/python3 (found version "3.10.12") found components: Interpreter 
[3.054s] -- Found rclcpp: 16.0.11 (/opt/ros/humble/share/rclcpp/cmake)
[3.224s] -- Found rosidl_generator_c: 3.1.6 (/opt/ros/humble/share/rosidl_generator_c/cmake)
[3.247s] -- Found rosidl_adapter: 3.1.6 (/opt/ros/humble/share/rosidl_adapter/cmake)
[3.287s] -- Found rosidl_generator_cpp: 3.1.6 (/opt/ros/humble/share/rosidl_generator_cpp/cmake)
[3.337s] -- Using all available rosidl_typesupport_c: rosidl_typesupport_fastrtps_c;rosidl_typesupport_introspection_c
[3.423s] -- Using all available rosidl_typesupport_cpp: rosidl_typesupport_fastrtps_cpp;rosidl_typesupport_introspection_cpp
[3.602s] -- Found rmw_implementation_cmake: 6.1.2 (/opt/ros/humble/share/rmw_implementation_cmake/cmake)
[3.614s] -- Found rmw_fastrtps_cpp: 6.2.7 (/opt/ros/humble/share/rmw_fastrtps_cpp/cmake)
[3.916s] -- Found OpenSSL: /usr/lib/aarch64-linux-gnu/libcrypto.so (found version "3.0.2")  
[4.017s] -- Found FastRTPS: /opt/ros/humble/include  
[4.181s] -- Using RMW implementation 'rmw_fastrtps_cpp' as default
[4.214s] -- Looking for pthread.h
[4.605s] -- Looking for pthread.h - found
[4.607s] -- Performing Test CMAKE_HAVE_LIBC_PTHREAD
[4.989s] -- Performing Test CMAKE_HAVE_LIBC_PTHREAD - Success
[4.993s] -- Found Threads: TRUE  
[5.281s] -- Found geometry_msgs: 4.2.4 (/opt/ros/humble/share/geometry_msgs/cmake)
[5.344s] -- Found xrf2_msgs: 0.0.0 (/home/asdfr-30/ASDfR_3/install/xrf2_msgs/share/xrf2_msgs/cmake)
[5.412s] -- Found ament_lint_auto: 0.12.11 (/opt/ros/humble/share/ament_lint_auto/cmake)
[5.851s] -- Added test 'cppcheck' to perform static code analysis on C / C++ code
[5.852s] -- Configured cppcheck include dirs: /home/asdfr-30/ASDfR_3/src/sequence_controller/include
[5.854s] -- Configured cppcheck exclude dirs and/or files: 
[5.855s] -- Added test 'flake8' to check Python code syntax and style conventions
[5.858s] -- Added test 'lint_cmake' to check CMake code style
[5.861s] -- Added test 'pep257' to check Python code against some of the docstring style conventions in PEP 257
[5.866s] -- Added test 'uncrustify' to check C / C++ code style
[5.867s] -- Configured uncrustify additional arguments: 
[5.869s] -- Added test 'xmllint' to check XML markup files
[5.895s] -- Configuring done
[5.910s] [31mCMake Error at CMakeLists.txt:15 (add_executable):
[5.911s]   Cannot find source file:
[5.913s] 
[5.915s]     src/sequence_controller.cpp
[5.917s] 
[5.918s]   Tried extensions .c .C .c++ .cc .cpp .cxx .cu .mpp .m .M .mm .ixx .cppm .h
[5.920s]   .hh .h++ .hm .hpp .hxx .in .txx .f .F .for .f77 .f90 .f95 .f03 .hip .ispc
[5.921s] 
[5.932s] [0m
[5.935s] [31mCMake Error at CMakeLists.txt:15 (add_executable):
[5.938s]   No SOURCES given to target: sequence_controller
[5.940s] 
[5.955s] [0m
[5.957s] [0mCMake Generate step failed.  Build files cannot be regenerated correctly.[0m
[5.969s] Invoked command in '/home/asdfr-30/ASDfR_3/build/sequence_controller' returned '1': CMAKE_PREFIX_PATH=/home/asdfr-30/ASDfR_3/install/xrf2_msgs:/home/asdfr-30/ASDfR_3/install/sequence_controller:/home/asdfr-30/ASDfR_3/install/ros_xeno_bridge:/home/asdfr-30/ASDfR_3/install/relbot_simulator:/home/asdfr-30/ASDfR_3/install/object_center:/home/asdfr-30/ASDfR_3/install/cam2image_vm2ros:/home/asdfr-30/ASDfR_3/install/brightness:/home/asdfr-30/ASDfR_3/install/ball_tracker:/opt/ros/humble /usr/bin/cmake /home/asdfr-30/ASDfR_3/src/sequence_controller -DCMAKE_INSTALL_PREFIX=/home/asdfr-30/ASDfR_3/install/sequence_controller
