[0.072s] Invoking command in '/home/asdfr-30/ASDfR_3/build/sequence_controller': CMAKE_PREFIX_PATH=/home/asdfr-30/ASDfR_3/install/xrf2_msgs:/home/asdfr-30/ASDfR_3/install/sequence_controller:/home/asdfr-30/ASDfR_3/install/ros_xeno_bridge:/home/asdfr-30/ASDfR_3/install/relbot_simulator:/home/asdfr-30/ASDfR_3/install/object_center:/home/asdfr-30/ASDfR_3/install/cam2image_vm2ros:/home/asdfr-30/ASDfR_3/install/brightness:/home/asdfr-30/ASDfR_3/install/ball_tracker:/opt/ros/humble /usr/bin/cmake --build /home/asdfr-30/ASDfR_3/build/sequence_controller -- -j3 -l3
[0.255s] [35m[1mConsolidate compiler generated dependencies of target sequence_controller[0m
[0.660s] [ 50%] [32mBuilding CXX object CMakeFiles/sequence_controller.dir/src/sequence_controller.cpp.o[0m
[43.537s] [100%] [32m[1mLinking CXX executable sequence_controller[0m
[46.365s] [100%] Built target sequence_controller
[46.403s] Invoked command in '/home/asdfr-30/ASDfR_3/build/sequence_controller' returned '0': CMAKE_PREFIX_PATH=/home/asdfr-30/ASDfR_3/install/xrf2_msgs:/home/asdfr-30/ASDfR_3/install/sequence_controller:/home/asdfr-30/ASDfR_3/install/ros_xeno_bridge:/home/asdfr-30/ASDfR_3/install/relbot_simulator:/home/asdfr-30/ASDfR_3/install/object_center:/home/asdfr-30/ASDfR_3/install/cam2image_vm2ros:/home/asdfr-30/ASDfR_3/install/brightness:/home/asdfr-30/ASDfR_3/install/ball_tracker:/opt/ros/humble /usr/bin/cmake --build /home/asdfr-30/ASDfR_3/build/sequence_controller -- -j3 -l3
[46.411s] Invoking command in '/home/asdfr-30/ASDfR_3/build/sequence_controller': CMAKE_PREFIX_PATH=/home/asdfr-30/ASDfR_3/install/xrf2_msgs:/home/asdfr-30/ASDfR_3/install/sequence_controller:/home/asdfr-30/ASDfR_3/install/ros_xeno_bridge:/home/asdfr-30/ASDfR_3/install/relbot_simulator:/home/asdfr-30/ASDfR_3/install/object_center:/home/asdfr-30/ASDfR_3/install/cam2image_vm2ros:/home/asdfr-30/ASDfR_3/install/brightness:/home/asdfr-30/ASDfR_3/install/ball_tracker:/opt/ros/humble /usr/bin/cmake --install /home/asdfr-30/ASDfR_3/build/sequence_controller
[46.434s] -- Install configuration: ""
[46.436s] -- Up-to-date: /home/asdfr-30/ASDfR_3/install/sequence_controller/include
[46.439s] -- Installing: /home/asdfr-30/ASDfR_3/install/sequence_controller/include/sequence_controller.hpp
[46.440s] -- Installing: /home/asdfr-30/ASDfR_3/install/sequence_controller/lib/sequence_controller/sequence_controller
[46.672s] -- Set runtime path of "/home/asdfr-30/ASDfR_3/install/sequence_controller/lib/sequence_controller/sequence_controller" to ""
[46.673s] -- Up-to-date: /home/asdfr-30/ASDfR_3/install/sequence_controller/share/sequence_controller//launch
[46.675s] -- Up-to-date: /home/asdfr-30/ASDfR_3/install/sequence_controller/share/sequence_controller//launch/sequence_controller.launch.py
[46.676s] -- Up-to-date: /home/asdfr-30/ASDfR_3/install/sequence_controller/share/sequence_controller//launch
[46.677s] -- Up-to-date: /home/asdfr-30/ASDfR_3/install/sequence_controller/share/sequence_controller//launch/sequence_controller.launch.py
[46.679s] -- Up-to-date: /home/asdfr-30/ASDfR_3/install/sequence_controller/share/ament_index/resource_index/package_run_dependencies/sequence_controller
[46.681s] -- Up-to-date: /home/asdfr-30/ASDfR_3/install/sequence_controller/share/ament_index/resource_index/parent_prefix_path/sequence_controller
[46.683s] -- Up-to-date: /home/asdfr-30/ASDfR_3/install/sequence_controller/share/sequence_controller/environment/ament_prefix_path.sh
[46.685s] -- Up-to-date: /home/asdfr-30/ASDfR_3/install/sequence_controller/share/sequence_controller/environment/ament_prefix_path.dsv
[46.686s] -- Up-to-date: /home/asdfr-30/ASDfR_3/install/sequence_controller/share/sequence_controller/environment/path.sh
[46.687s] -- Up-to-date: /home/asdfr-30/ASDfR_3/install/sequence_controller/share/sequence_controller/environment/path.dsv
[46.688s] -- Up-to-date: /home/asdfr-30/ASDfR_3/install/sequence_controller/share/sequence_controller/local_setup.bash
[46.691s] -- Up-to-date: /home/asdfr-30/ASDfR_3/install/sequence_controller/share/sequence_controller/local_setup.sh
[46.693s] -- Up-to-date: /home/asdfr-30/ASDfR_3/install/sequence_controller/share/sequence_controller/local_setup.zsh
[46.695s] -- Up-to-date: /home/asdfr-30/ASDfR_3/install/sequence_controller/share/sequence_controller/local_setup.dsv
[46.697s] -- Installing: /home/asdfr-30/ASDfR_3/install/sequence_controller/share/sequence_controller/package.dsv
[46.699s] -- Up-to-date: /home/asdfr-30/ASDfR_3/install/sequence_controller/share/ament_index/resource_index/packages/sequence_controller
[46.704s] -- Up-to-date: /home/asdfr-30/ASDfR_3/install/sequence_controller/share/sequence_controller/cmake/sequence_controllerConfig.cmake
[46.706s] -- Up-to-date: /home/asdfr-30/ASDfR_3/install/sequence_controller/share/sequence_controller/cmake/sequence_controllerConfig-version.cmake
[46.708s] -- Up-to-date: /home/asdfr-30/ASDfR_3/install/sequence_controller/share/sequence_controller/package.xml
[46.711s] Invoked command in '/home/asdfr-30/ASDfR_3/build/sequence_controller' returned '0': CMAKE_PREFIX_PATH=/home/asdfr-30/ASDfR_3/install/xrf2_msgs:/home/asdfr-30/ASDfR_3/install/sequence_controller:/home/asdfr-30/ASDfR_3/install/ros_xeno_bridge:/home/asdfr-30/ASDfR_3/install/relbot_simulator:/home/asdfr-30/ASDfR_3/install/object_center:/home/asdfr-30/ASDfR_3/install/cam2image_vm2ros:/home/asdfr-30/ASDfR_3/install/brightness:/home/asdfr-30/ASDfR_3/install/ball_tracker:/opt/ros/humble /usr/bin/cmake --install /home/asdfr-30/ASDfR_3/build/sequence_controller
