[0.066s] Invoking command in '/home/asdfr-30/ASDfR_3/build/ros_xeno_bridge': AMENT_PREFIX_PATH=/home/asdfr-30/ASDfR_3/install/xrf2_msgs:${AMENT_PREFIX_PATH} CMAKE_PREFIX_PATH=/home/asdfr-30/ASDfR_3/install/xrf2_msgs:/opt/ros/humble LD_LIBRARY_PATH=/home/asdfr-30/ASDfR_3/install/xrf2_msgs/lib:${LD_LIBRARY_PATH} PYTHONPATH=/home/asdfr-30/ASDfR_3/install/xrf2_msgs/local/lib/python3.10/dist-packages:${PYTHONPATH} /usr/bin/cmake /home/asdfr-30/ASDfR_3/src/XRF2/XenoRosFramework/Ros/ros_xeno_bridge -DCMAKE_INSTALL_PREFIX=/home/asdfr-30/ASDfR_3/install/ros_xeno_bridge
[0.381s] -- The C compiler identification is GNU 11.4.0
[0.925s] -- The CXX compiler identification is GNU 11.4.0
[0.969s] -- Detecting C compiler ABI info
[1.669s] -- Detecting C compiler ABI info - done
[1.718s] -- Check for working C compiler: /usr/bin/cc - skipped
[1.720s] -- Detecting C compile features
[1.723s] -- Detecting C compile features - done
[1.741s] -- Detecting CXX compiler ABI info
[2.476s] -- Detecting CXX compiler ABI info - done
[2.547s] -- Check for working CXX compiler: /usr/bin/c++ - skipped
[2.555s] -- Detecting CXX compile features
[2.560s] -- Detecting CXX compile features - done
[2.590s] -- Found ament_cmake: 1.3.11 (/opt/ros/humble/share/ament_cmake/cmake)
[3.616s] -- Found Python3: /usr/bin/python3 (found version "3.10.12") found components: Interpreter 
[4.084s] -- Found rclcpp: 16.0.11 (/opt/ros/humble/share/rclcpp/cmake)
[4.265s] -- Found rosidl_generator_c: 3.1.6 (/opt/ros/humble/share/rosidl_generator_c/cmake)
[4.287s] -- Found rosidl_adapter: 3.1.6 (/opt/ros/humble/share/rosidl_adapter/cmake)
[4.320s] -- Found rosidl_generator_cpp: 3.1.6 (/opt/ros/humble/share/rosidl_generator_cpp/cmake)
[4.377s] -- Using all available rosidl_typesupport_c: rosidl_typesupport_fastrtps_c;rosidl_typesupport_introspection_c
[4.479s] -- Using all available rosidl_typesupport_cpp: rosidl_typesupport_fastrtps_cpp;rosidl_typesupport_introspection_cpp
[4.660s] -- Found rmw_implementation_cmake: 6.1.2 (/opt/ros/humble/share/rmw_implementation_cmake/cmake)
[4.681s] -- Found rmw_fastrtps_cpp: 6.2.7 (/opt/ros/humble/share/rmw_fastrtps_cpp/cmake)
[4.991s] -- Found OpenSSL: /usr/lib/aarch64-linux-gnu/libcrypto.so (found version "3.0.2")  
[5.105s] -- Found FastRTPS: /opt/ros/humble/include  
[5.292s] -- Using RMW implementation 'rmw_fastrtps_cpp' as default
[5.321s] -- Looking for pthread.h
[5.643s] -- Looking for pthread.h - found
[5.654s] -- Performing Test CMAKE_HAVE_LIBC_PTHREAD
[6.014s] -- Performing Test CMAKE_HAVE_LIBC_PTHREAD - Success
[6.021s] -- Found Threads: TRUE  
[6.285s] -- Found xrf2_msgs: 0.0.0 (/home/asdfr-30/ASDfR_3/install/xrf2_msgs/share/xrf2_msgs/cmake)
[6.910s] -- Configuring done
[7.019s] -- Generating done
[7.082s] -- Build files have been written to: /home/asdfr-30/ASDfR_3/build/ros_xeno_bridge
[7.152s] Invoked command in '/home/asdfr-30/ASDfR_3/build/ros_xeno_bridge' returned '0': AMENT_PREFIX_PATH=/home/asdfr-30/ASDfR_3/install/xrf2_msgs:${AMENT_PREFIX_PATH} CMAKE_PREFIX_PATH=/home/asdfr-30/ASDfR_3/install/xrf2_msgs:/opt/ros/humble LD_LIBRARY_PATH=/home/asdfr-30/ASDfR_3/install/xrf2_msgs/lib:${LD_LIBRARY_PATH} PYTHONPATH=/home/asdfr-30/ASDfR_3/install/xrf2_msgs/local/lib/python3.10/dist-packages:${PYTHONPATH} /usr/bin/cmake /home/asdfr-30/ASDfR_3/src/XRF2/XenoRosFramework/Ros/ros_xeno_bridge -DCMAKE_INSTALL_PREFIX=/home/asdfr-30/ASDfR_3/install/ros_xeno_bridge
[7.159s] Invoking command in '/home/asdfr-30/ASDfR_3/build/ros_xeno_bridge': AMENT_PREFIX_PATH=/home/asdfr-30/ASDfR_3/install/xrf2_msgs:${AMENT_PREFIX_PATH} CMAKE_PREFIX_PATH=/home/asdfr-30/ASDfR_3/install/xrf2_msgs:/opt/ros/humble LD_LIBRARY_PATH=/home/asdfr-30/ASDfR_3/install/xrf2_msgs/lib:${LD_LIBRARY_PATH} PYTHONPATH=/home/asdfr-30/ASDfR_3/install/xrf2_msgs/local/lib/python3.10/dist-packages:${PYTHONPATH} /usr/bin/cmake --build /home/asdfr-30/ASDfR_3/build/ros_xeno_bridge -- -j3 -l3
[7.515s] [ 50%] [32mBuilding CXX object CMakeFiles/RosXenoBridge.dir/src/RosXenoBridge.cpp.o[0m
[73.102s] [100%] [32m[1mLinking CXX executable RosXenoBridge[0m
[75.908s] [100%] Built target RosXenoBridge
