[0.235s] Invoking command in '/home/asdfr-30/ASDfR_3/build/object_center': CMAKE_PREFIX_PATH=${CMAKE_PREFIX_PATH}:/opt/ros/humble /usr/bin/cmake --build /home/asdfr-30/ASDfR_3/build/object_center -- -j3 -l3
[0.719s] [100%] Built target object_center
[0.782s] Invoked command in '/home/asdfr-30/ASDfR_3/build/object_center' returned '0': CMAKE_PREFIX_PATH=${CMAKE_PREFIX_PATH}:/opt/ros/humble /usr/bin/cmake --build /home/asdfr-30/ASDfR_3/build/object_center -- -j3 -l3
[0.791s] Invoking command in '/home/asdfr-30/ASDfR_3/build/object_center': CMAKE_PREFIX_PATH=${CMAKE_PREFIX_PATH}:/opt/ros/humble /usr/bin/cmake --install /home/asdfr-30/ASDfR_3/build/object_center
[0.839s] -- Install configuration: ""
[0.843s] -- Up-to-date: /home/asdfr-30/ASDfR_3/install/object_center/lib/object_center/object_center
[0.962s] -- Up-to-date: /home/asdfr-30/ASDfR_3/install/object_center/share/ament_index/resource_index/package_run_dependencies/object_center
[0.964s] -- Up-to-date: /home/asdfr-30/ASDfR_3/install/object_center/share/ament_index/resource_index/parent_prefix_path/object_center
[0.966s] -- Up-to-date: /home/asdfr-30/ASDfR_3/install/object_center/share/object_center/environment/ament_prefix_path.sh
[0.967s] -- Up-to-date: /home/asdfr-30/ASDfR_3/install/object_center/share/object_center/environment/ament_prefix_path.dsv
[0.970s] -- Up-to-date: /home/asdfr-30/ASDfR_3/install/object_center/share/object_center/environment/path.sh
[0.972s] -- Up-to-date: /home/asdfr-30/ASDfR_3/install/object_center/share/object_center/environment/path.dsv
[0.974s] -- Up-to-date: /home/asdfr-30/ASDfR_3/install/object_center/share/object_center/local_setup.bash
[0.977s] -- Up-to-date: /home/asdfr-30/ASDfR_3/install/object_center/share/object_center/local_setup.sh
[0.978s] -- Up-to-date: /home/asdfr-30/ASDfR_3/install/object_center/share/object_center/local_setup.zsh
[0.980s] -- Up-to-date: /home/asdfr-30/ASDfR_3/install/object_center/share/object_center/local_setup.dsv
[0.982s] -- Installing: /home/asdfr-30/ASDfR_3/install/object_center/share/object_center/package.dsv
[0.984s] -- Up-to-date: /home/asdfr-30/ASDfR_3/install/object_center/share/ament_index/resource_index/packages/object_center
[0.986s] -- Up-to-date: /home/asdfr-30/ASDfR_3/install/object_center/share/object_center/cmake/object_centerConfig.cmake
[0.988s] -- Up-to-date: /home/asdfr-30/ASDfR_3/install/object_center/share/object_center/cmake/object_centerConfig-version.cmake
[0.996s] -- Up-to-date: /home/asdfr-30/ASDfR_3/install/object_center/share/object_center/package.xml
[1.025s] Invoked command in '/home/asdfr-30/ASDfR_3/build/object_center' returned '0': CMAKE_PREFIX_PATH=${CMAKE_PREFIX_PATH}:/opt/ros/humble /usr/bin/cmake --install /home/asdfr-30/ASDfR_3/build/object_center
