[0.078s] Invoking command in '/home/asdfr-30/ASDfR_3/build/xrf2_msgs': CMAKE_PREFIX_PATH=${CMAKE_PREFIX_PATH}:/opt/ros/humble /usr/bin/cmake --build /home/asdfr-30/ASDfR_3/build/xrf2_msgs -- -j3 -l3
[0.176s] -- Found ament_cmake: 1.3.11 (/opt/ros/humble/share/ament_cmake/cmake)
[1.048s] -- Found rosidl_default_generators: 1.2.0 (/opt/ros/humble/share/rosidl_default_generators/cmake)
[1.064s] -- Using all available rosidl_typesupport_c: rosidl_typesupport_fastrtps_c;rosidl_typesupport_introspection_c
[1.084s] -- Found rosidl_adapter: 3.1.6 (/opt/ros/humble/share/rosidl_adapter/cmake)
[1.265s] -- Using all available rosidl_typesupport_cpp: rosidl_typesupport_fastrtps_cpp;rosidl_typesupport_introspection_cpp
[2.188s] [31mCMake Error at /opt/ros/humble/share/rosidl_adapter/cmake/rosidl_adapt_interfaces.cmake:59 (message):
[2.189s]   execute_process(/usr/bin/python3 -m rosidl_adapter --package-name xrf2_msgs
[2.190s]   --arguments-file
[2.191s]   /home/asdfr-30/ASDfR_3/build/xrf2_msgs/rosidl_adapter__arguments__xrf2_msgs.json
[2.192s]   --output-dir
[2.194s]   /home/asdfr-30/ASDfR_3/build/xrf2_msgs/rosidl_adapter/xrf2_msgs
[2.195s]   --output-file
[2.196s]   /home/asdfr-30/ASDfR_3/build/xrf2_msgs/rosidl_adapter/xrf2_msgs.idls)
[2.198s]   returned error code 1:
[2.200s] 
[2.201s]   Error processing 'float64 encoder_left_' of 'xrf2_msgs/Xeno2Ros':
[2.203s]   ''encoder_left_' is an invalid field name.  It should have the pattern
[2.204s]   '^(?!.*__)(?!.*_$)[a-z][a-z0-9_]*$''
[2.206s] 
[2.207s]   Traceback (most recent call last):
[2.209s] 
[2.211s]     File "/usr/lib/python3.10/runpy.py", line 196, in _run_module_as_main
[2.214s]       return _run_code(code, main_globals, None,
[2.216s]     File "/usr/lib/python3.10/runpy.py", line 86, in _run_code
[2.217s]       exec(code, run_globals)
[2.219s]     File "/opt/ros/humble/local/lib/python3.10/dist-packages/rosidl_adapter/__main__.py", line 19, in <module>
[2.220s]       sys.exit(main())
[2.221s]     File "/opt/ros/humble/local/lib/python3.10/dist-packages/rosidl_adapter/main.py", line 53, in main
[2.224s]       abs_idl_file = convert_to_idl(
[2.226s]     File "/opt/ros/humble/local/lib/python3.10/dist-packages/rosidl_adapter/__init__.py", line 19, in convert_to_idl
[2.228s]       return convert_msg_to_idl(
[2.229s]     File "/opt/ros/humble/local/lib/python3.10/dist-packages/rosidl_adapter/msg/__init__.py", line 28, in convert_msg_to_idl
[2.231s]       msg = parse_message_string(package_name, input_file.stem, content)
[2.233s]     File "/opt/ros/humble/local/lib/python3.10/dist-packages/rosidl_adapter/parser.py", line 519, in parse_message_string
[2.237s]       fields.append(Field(
[2.239s]     File "/opt/ros/humble/local/lib/python3.10/dist-packages/rosidl_adapter/parser.py", line 354, in __init__
[2.240s]       raise NameError(
[2.242s] 
[2.244s]   NameError: 'encoder_left_' is an invalid field name.  It should have the
[2.246s]   pattern '^(?!.*__)(?!.*_$)[a-z][a-z0-9_]*$'
[2.251s] 
[2.253s] Call Stack (most recent call first):
[2.255s]   /opt/ros/humble/share/rosidl_cmake/cmake/rosidl_generate_interfaces.cmake:130 (rosidl_adapt_interfaces)
[2.257s]   CMakeLists.txt:15 (rosidl_generate_interfaces)
[2.260s] 
[2.262s] [0m
[2.265s] -- Configuring incomplete, errors occurred!
[2.267s] See also "/home/asdfr-30/ASDfR_3/build/xrf2_msgs/CMakeFiles/CMakeOutput.log".
[2.268s] gmake: *** [Makefile:963: cmake_check_build_system] Error 1
[2.269s] Invoked command in '/home/asdfr-30/ASDfR_3/build/xrf2_msgs' returned '2': CMAKE_PREFIX_PATH=${CMAKE_PREFIX_PATH}:/opt/ros/humble /usr/bin/cmake --build /home/asdfr-30/ASDfR_3/build/xrf2_msgs -- -j3 -l3
