[0.074s] Invoking command in '/home/asdfr-30/ASDfR_3/build/xeno_loop': CMAKE_PREFIX_PATH=/home/asdfr-30/ASDfR_3/install/xrf2_msgs:/home/asdfr-30/ASDfR_3/install/object_center:/home/asdfr-30/ASDfR_3/install/cam2image_vm2ros:/home/asdfr-30/ASDfR_3/install/brightness:/home/asdfr-30/ASDF/30-ASDfR/ASDfR_3/install/xrf2_msgs LD_LIBRARY_PATH=/home/asdfr-30/ASDfR_3/install/xrf2_msgs/lib:/home/asdfr-30/ASDfR_3/install/cam2image_vm2ros/lib:/home/asdfr-30/ASDF/30-ASDfR/ASDfR_3/install/xrf2_msgs/lib:/opt/ros/humble/opt/rviz_ogre_vendor/lib:/opt/ros/humble/lib/aarch64-linux-gnu:/opt/ros/humble/lib /usr/bin/cmake --build /home/asdfr-30/ASDfR_3/build/xeno_loop -- -j3 -l3
[0.235s] [35m[1mConsolidate compiler generated dependencies of target xeno_loop[0m
[1.125s] [  4%] [32mBuilding CXX object CMakeFiles/xeno_loop.dir/src/Template20Sim.cpp.o[0m
[1.128s] [  9%] [32mBuilding CXX object CMakeFiles/xeno_loop.dir/controller/common/EulerAngles.cpp.o[0m
[1.157s] [ 13%] [32mBuilding CXX object CMakeFiles/xeno_loop.dir/controller/common/MotionProfiles.cpp.o[0m
[1.253s] [ 18%] [32mBuilding CXX object CMakeFiles/xeno_loop.dir/controller/common/xxfuncs.cpp.o[0m
[1.315s] [ 22%] [32mBuilding CXX object CMakeFiles/xeno_loop.dir/controller/common/xxinteg.cpp.o[0m
[1.651s] [01m[K/home/asdfr-30/ASDfR_3/src/xeno_loop/src/Template20Sim.cpp:76:62:[m[K [01;31m[Kerror: [m[Kextended character   is not valid in an identifier
[1.654s]    76 |     evl_printf("Left encoder: %f, Right encoder: %f\n", y[0],[01;31m[K [m[Ky[1]);
[1.657s]       |                                                              [01;31m[K^[m[K
[2.421s] [ 27%] [32mBuilding CXX object CMakeFiles/xeno_loop.dir/controller/common/xxinverse.cpp.o[0m
[2.893s] [ 31%] [32mBuilding CXX object CMakeFiles/xeno_loop.dir/controller/common/xxmatrix.cpp.o[0m
[4.818s] [01m[K/home/asdfr-30/ASDfR_3/src/xeno_loop/src/Template20Sim.cpp:[m[K In member function ‘[01m[Kvirtual int Template20Sim::run()[m[K’:
[4.820s] [01m[K/home/asdfr-30/ASDfR_3/src/xeno_loop/src/Template20Sim.cpp:72:5:[m[K [01;31m[Kerror: [m[K‘[01m[Kxeno_to_ros_msg[m[K’ was not declared in this scope
[4.822s]    72 |     [01;31m[Kxeno_to_ros_msg[m[K.encoder_left = y[0];  // y[0] = left encoder
[4.832s]       |     [01;31m[K^~~~~~~~~~~~~~~[m[K
[4.837s] [01m[K/home/asdfr-30/ASDfR_3/src/xeno_loop/src/Template20Sim.cpp:76:62:[m[K [01;31m[Kerror: [m[K‘[01m[K y[m[K’ was not declared in this scope
[4.841s]    76 |     evl_printf("Left encoder: %f, Right encoder: %f\n", y[0],[01;31m[K y[m[K[1]);
[4.845s]       |                                                              [01;31m[K^~[m[K
[5.151s] gmake[2]: *** [CMakeFiles/xeno_loop.dir/build.make:258: CMakeFiles/xeno_loop.dir/src/Template20Sim.cpp.o] Error 1
[5.153s] gmake[1]: *** [CMakeFiles/Makefile2:137: CMakeFiles/xeno_loop.dir/all] Error 2
[5.158s] gmake: *** [Makefile:101: all] Error 2
[5.160s] Invoked command in '/home/asdfr-30/ASDfR_3/build/xeno_loop' returned '2': CMAKE_PREFIX_PATH=/home/asdfr-30/ASDfR_3/install/xrf2_msgs:/home/asdfr-30/ASDfR_3/install/object_center:/home/asdfr-30/ASDfR_3/install/cam2image_vm2ros:/home/asdfr-30/ASDfR_3/install/brightness:/home/asdfr-30/ASDF/30-ASDfR/ASDfR_3/install/xrf2_msgs LD_LIBRARY_PATH=/home/asdfr-30/ASDfR_3/install/xrf2_msgs/lib:/home/asdfr-30/ASDfR_3/install/cam2image_vm2ros/lib:/home/asdfr-30/ASDF/30-ASDfR/ASDfR_3/install/xrf2_msgs/lib:/opt/ros/humble/opt/rviz_ogre_vendor/lib:/opt/ros/humble/lib/aarch64-linux-gnu:/opt/ros/humble/lib /usr/bin/cmake --build /home/asdfr-30/ASDfR_3/build/xeno_loop -- -j3 -l3
