-- Found ament_cmake: 1.3.11 (/opt/ros/humble/share/ament_cmake/cmake)
-- Found rclcpp: 16.0.11 (/opt/ros/humble/share/rclcpp/cmake)
-- Found rosidl_generator_c: 3.1.6 (/opt/ros/humble/share/rosidl_generator_c/cmake)
-- Found rosidl_adapter: 3.1.6 (/opt/ros/humble/share/rosidl_adapter/cmake)
-- Found rosidl_generator_cpp: 3.1.6 (/opt/ros/humble/share/rosidl_generator_cpp/cmake)
-- Using all available rosidl_typesupport_c: rosidl_typesupport_fastrtps_c;rosidl_typesupport_introspection_c
-- Using all available rosidl_typesupport_cpp: rosidl_typesupport_fastrtps_cpp;rosidl_typesupport_introspection_cpp
-- Found rmw_implementation_cmake: 6.1.2 (/opt/ros/humble/share/rmw_implementation_cmake/cmake)
-- Found rmw_fastrtps_cpp: 6.2.7 (/opt/ros/humble/share/rmw_fastrtps_cpp/cmake)
-- Using RMW implementation 'rmw_fastrtps_cpp' as default
-- Found rclcpp_components: 16.0.11 (/opt/ros/humble/share/rclcpp_components/cmake)
-- Found sensor_msgs: 4.2.4 (/opt/ros/humble/share/sensor_msgs/cmake)
-- Found ament_lint_auto: 0.12.11 (/opt/ros/humble/share/ament_lint_auto/cmake)
-- Added test 'cppcheck' to perform static code analysis on C / C++ code
-- Configured cppcheck include dirs: $<BUILD_INTERFACE:/home/asdfr-30/ASDfR_3/src/brightness/include>
-- Configured cppcheck exclude dirs and/or files: 
-- Added test 'lint_cmake' to check CMake code style
-- Added test 'uncrustify' to check C / C++ code style
-- Configured uncrustify additional arguments: 
-- Added test 'xmllint' to check XML markup files
-- Configuring done
-- Generating done
-- Build files have been written to: /home/asdfr-30/ASDfR_3/build/brightness
[35m[1mConsolidate compiler generated dependencies of target brightness[0m
[ 50%] [32mBuilding CXX object CMakeFiles/brightness.dir/src/brightness.cpp.o[0m
[100%] [32m[1mLinking CXX executable brightness[0m
[100%] Built target brightness
-- Install configuration: ""
-- Installing: /home/asdfr-30/ASDfR_3/install/brightness/lib/brightness/brightness
-- Set runtime path of "/home/asdfr-30/ASDfR_3/install/brightness/lib/brightness/brightness" to ""
-- Installing: /home/asdfr-30/ASDfR_3/install/brightness/share/ament_index/resource_index/package_run_dependencies/brightness
-- Installing: /home/asdfr-30/ASDfR_3/install/brightness/share/ament_index/resource_index/parent_prefix_path/brightness
-- Installing: /home/asdfr-30/ASDfR_3/install/brightness/share/brightness/environment/ament_prefix_path.sh
-- Installing: /home/asdfr-30/ASDfR_3/install/brightness/share/brightness/environment/ament_prefix_path.dsv
-- Installing: /home/asdfr-30/ASDfR_3/install/brightness/share/brightness/environment/path.sh
-- Installing: /home/asdfr-30/ASDfR_3/install/brightness/share/brightness/environment/path.dsv
-- Installing: /home/asdfr-30/ASDfR_3/install/brightness/share/brightness/local_setup.bash
-- Installing: /home/asdfr-30/ASDfR_3/install/brightness/share/brightness/local_setup.sh
-- Installing: /home/asdfr-30/ASDfR_3/install/brightness/share/brightness/local_setup.zsh
-- Installing: /home/asdfr-30/ASDfR_3/install/brightness/share/brightness/local_setup.dsv
-- Installing: /home/asdfr-30/ASDfR_3/install/brightness/share/brightness/package.dsv
-- Installing: /home/asdfr-30/ASDfR_3/install/brightness/share/ament_index/resource_index/packages/brightness
-- Installing: /home/asdfr-30/ASDfR_3/install/brightness/share/brightness/cmake/brightnessConfig.cmake
-- Installing: /home/asdfr-30/ASDfR_3/install/brightness/share/brightness/cmake/brightnessConfig-version.cmake
-- Installing: /home/asdfr-30/ASDfR_3/install/brightness/share/brightness/package.xml
