[0.069s] Invoking command in '/home/asdfr-30/ASDfR_3/build/brightness': CMAKE_PREFIX_PATH=${CMAKE_PREFIX_PATH}:/opt/ros/humble /usr/bin/cmake --build /home/asdfr-30/ASDfR_3/build/brightness -- -j3 -l3
[0.187s] -- Found ament_cmake: 1.3.11 (/opt/ros/humble/share/ament_cmake/cmake)
[1.167s] -- Found rclcpp: 16.0.11 (/opt/ros/humble/share/rclcpp/cmake)
[1.292s] -- Found rosidl_generator_c: 3.1.6 (/opt/ros/humble/share/rosidl_generator_c/cmake)
[1.304s] -- Found rosidl_adapter: 3.1.6 (/opt/ros/humble/share/rosidl_adapter/cmake)
[1.327s] -- Found rosidl_generator_cpp: 3.1.6 (/opt/ros/humble/share/rosidl_generator_cpp/cmake)
[1.368s] -- Using all available rosidl_typesupport_c: rosidl_typesupport_fastrtps_c;rosidl_typesupport_introspection_c
[1.421s] -- Using all available rosidl_typesupport_cpp: rosidl_typesupport_fastrtps_cpp;rosidl_typesupport_introspection_cpp
[1.568s] -- Found rmw_implementation_cmake: 6.1.2 (/opt/ros/humble/share/rmw_implementation_cmake/cmake)
[1.574s] -- Found rmw_fastrtps_cpp: 6.2.7 (/opt/ros/humble/share/rmw_fastrtps_cpp/cmake)
[1.950s] -- Using RMW implementation 'rmw_fastrtps_cpp' as default
[2.197s] -- Found rclcpp_components: 16.0.11 (/opt/ros/humble/share/rclcpp_components/cmake)
[2.275s] -- Found sensor_msgs: 4.2.4 (/opt/ros/humble/share/sensor_msgs/cmake)
[2.422s] -- Found ament_lint_auto: 0.12.11 (/opt/ros/humble/share/ament_lint_auto/cmake)
[3.012s] -- Added test 'cppcheck' to perform static code analysis on C / C++ code
[3.024s] -- Configured cppcheck include dirs: $<BUILD_INTERFACE:/home/asdfr-30/ASDfR_3/src/brightness/include>
[3.026s] -- Configured cppcheck exclude dirs and/or files: 
[3.032s] -- Added test 'lint_cmake' to check CMake code style
[3.034s] -- Added test 'uncrustify' to check C / C++ code style
[3.039s] -- Configured uncrustify additional arguments: 
[3.041s] -- Added test 'xmllint' to check XML markup files
[3.042s] -- Configuring done
[3.070s] -- Generating done
[3.101s] -- Build files have been written to: /home/asdfr-30/ASDfR_3/build/brightness
[3.199s] [35m[1mConsolidate compiler generated dependencies of target brightness[0m
[4.165s] [ 50%] [32mBuilding CXX object CMakeFiles/brightness.dir/src/brightness.cpp.o[0m
[50.836s] [100%] [32m[1mLinking CXX executable brightness[0m
[53.591s] [100%] Built target brightness
[53.630s] Invoked command in '/home/asdfr-30/ASDfR_3/build/brightness' returned '0': CMAKE_PREFIX_PATH=${CMAKE_PREFIX_PATH}:/opt/ros/humble /usr/bin/cmake --build /home/asdfr-30/ASDfR_3/build/brightness -- -j3 -l3
[53.638s] Invoking command in '/home/asdfr-30/ASDfR_3/build/brightness': CMAKE_PREFIX_PATH=${CMAKE_PREFIX_PATH}:/opt/ros/humble /usr/bin/cmake --install /home/asdfr-30/ASDfR_3/build/brightness
[53.665s] -- Install configuration: ""
[53.669s] -- Installing: /home/asdfr-30/ASDfR_3/install/brightness/lib/brightness/brightness
[53.830s] -- Set runtime path of "/home/asdfr-30/ASDfR_3/install/brightness/lib/brightness/brightness" to ""
[53.834s] -- Installing: /home/asdfr-30/ASDfR_3/install/brightness/share/ament_index/resource_index/package_run_dependencies/brightness
[53.840s] -- Installing: /home/asdfr-30/ASDfR_3/install/brightness/share/ament_index/resource_index/parent_prefix_path/brightness
[53.854s] -- Installing: /home/asdfr-30/ASDfR_3/install/brightness/share/brightness/environment/ament_prefix_path.sh
[53.870s] -- Installing: /home/asdfr-30/ASDfR_3/install/brightness/share/brightness/environment/ament_prefix_path.dsv
[53.873s] -- Installing: /home/asdfr-30/ASDfR_3/install/brightness/share/brightness/environment/path.sh
[53.889s] -- Installing: /home/asdfr-30/ASDfR_3/install/brightness/share/brightness/environment/path.dsv
[53.896s] -- Installing: /home/asdfr-30/ASDfR_3/install/brightness/share/brightness/local_setup.bash
[53.902s] -- Installing: /home/asdfr-30/ASDfR_3/install/brightness/share/brightness/local_setup.sh
[53.910s] -- Installing: /home/asdfr-30/ASDfR_3/install/brightness/share/brightness/local_setup.zsh
[53.919s] -- Installing: /home/asdfr-30/ASDfR_3/install/brightness/share/brightness/local_setup.dsv
[53.925s] -- Installing: /home/asdfr-30/ASDfR_3/install/brightness/share/brightness/package.dsv
[53.934s] -- Installing: /home/asdfr-30/ASDfR_3/install/brightness/share/ament_index/resource_index/packages/brightness
[53.941s] -- Installing: /home/asdfr-30/ASDfR_3/install/brightness/share/brightness/cmake/brightnessConfig.cmake
[53.950s] -- Installing: /home/asdfr-30/ASDfR_3/install/brightness/share/brightness/cmake/brightnessConfig-version.cmake
[53.956s] -- Installing: /home/asdfr-30/ASDfR_3/install/brightness/share/brightness/package.xml
[53.974s] Invoked command in '/home/asdfr-30/ASDfR_3/build/brightness' returned '0': CMAKE_PREFIX_PATH=${CMAKE_PREFIX_PATH}:/opt/ros/humble /usr/bin/cmake --install /home/asdfr-30/ASDfR_3/build/brightness
