[35m[1mConsolidate compiler generated dependencies of target xeno_loop[0m
[  4%] [32mBuilding CXX object CMakeFiles/xeno_loop.dir/src/XenoLoopRunner.cpp.o[0m
[01m[K/home/asdfr-30/ASDfR_3/src/xeno_loop/src/XenoLoopRunner.cpp:[m[K In constructor ‘[01m[KXenoLoopRunner::XenoLoopRunner(uint, uint)[m[K’:
[01m[K/home/asdfr-30/ASDfR_3/src/xeno_loop/src/XenoLoopRunner.cpp:5:52:[m[K [01;31m[Kerror: [m[Kno matching function for call to ‘[01m[KXenoFrt20Sim::XenoFrt20Sim(uint&, uint&)[m[K’
    5 |     XenoFrt20Sim(write_decimator_freq, monitor_freq[01;31m[K)[m[K;
      |                                                    [01;31m[K^[m[K
In file included from [01m[K/home/asdfr-30/ASDfR_3/src/xeno_loop/include/XenoLoopRunner.hpp:4[m[K,
                 from [01m[K/home/asdfr-30/ASDfR_3/src/xeno_loop/src/XenoLoopRunner.cpp:1[m[K:
[01m[K/home/asdfr-30/ASDfR_3/src/xeno_loop/../XRF2/XenoRosFramework/Xenomai/include/XenoFrt20Sim.hpp:19:5:[m[K [01;36m[Knote: [m[Kcandidate: ‘[01m[KXenoFrt20Sim::XenoFrt20Sim(uint, uint, XenoFileHandler&, void*)[m[K’
   19 |     [01;36m[KXenoFrt20Sim[m[K(uint write_decimator_freq, uint monitor_freq, XenoFileHandler& _log_file_handler, void *data_to_be_logged_pntr);
      |     [01;36m[K^~~~~~~~~~~~[m[K
[01m[K/home/asdfr-30/ASDfR_3/src/xeno_loop/../XRF2/XenoRosFramework/Xenomai/include/XenoFrt20Sim.hpp:19:5:[m[K [01;36m[Knote: [m[K  candidate expects 4 arguments, 2 provided
[01m[K/home/asdfr-30/ASDfR_3/src/xeno_loop/../XRF2/XenoRosFramework/Xenomai/include/XenoFrt20Sim.hpp:16:7:[m[K [01;36m[Knote: [m[Kcandidate: ‘[01m[KXenoFrt20Sim::XenoFrt20Sim(const XenoFrt20Sim&)[m[K’
   16 | class [01;36m[KXenoFrt20Sim[m[K : public XenoFrtRosIco
      |       [01;36m[K^~~~~~~~~~~~[m[K
[01m[K/home/asdfr-30/ASDfR_3/src/xeno_loop/../XRF2/XenoRosFramework/Xenomai/include/XenoFrt20Sim.hpp:16:7:[m[K [01;36m[Knote: [m[K  candidate expects 1 argument, 2 provided
[01m[K/home/asdfr-30/ASDfR_3/src/xeno_loop/src/XenoLoopRunner.cpp:5:53:[m[K [01;31m[Kerror: [m[Kexpected ‘[01m[K{[m[K’ before ‘[01m[K;[m[K’ token
    5 |     XenoFrt20Sim(write_decimator_freq, monitor_freq)[01;31m[K;[m[K
      |                                                     [01;31m[K^[m[K
[01m[K/home/asdfr-30/ASDfR_3/src/xeno_loop/src/XenoLoopRunner.cpp:[m[K At global scope:
[01m[K/home/asdfr-30/ASDfR_3/src/xeno_loop/src/XenoLoopRunner.cpp:6:1:[m[K [01;31m[Kerror: [m[Kexpected unqualified-id before ‘[01m[K{[m[K’ token
    6 | [01;31m[K{[m[K
      | [01;31m[K^[m[K
[01m[K/home/asdfr-30/ASDfR_3/src/xeno_loop/src/XenoLoopRunner.cpp:[m[K In member function ‘[01m[Kvirtual int XenoLoopRunner::initialised()[m[K’:
[01m[K/home/asdfr-30/ASDfR_3/src/xeno_loop/src/XenoLoopRunner.cpp:58:21:[m[K [01;31m[Kerror: [m[Kexpected primary-expression before ‘[01m[K=[m[K’ token
   58 |          return -1; [01;31m[K=[m[K
      |                     [01;31m[K^[m[K
[01m[K/home/asdfr-30/ASDfR_3/src/xeno_loop/src/XenoLoopRunner.cpp:59:5:[m[K [01;31m[Kerror: [m[Kexpected primary-expression before ‘[01m[K}[m[K’ token
   59 |     [01;31m[K}[m[K
      |     [01;31m[K^[m[K
[01m[K/home/asdfr-30/ASDfR_3/src/xeno_loop/src/XenoLoopRunner.cpp:[m[K At global scope:
[01m[K/home/asdfr-30/ASDfR_3/src/xeno_loop/src/XenoLoopRunner.cpp:66:5:[m[K [01;31m[Kerror: [m[Kexpected initializer before ‘[01m[Ktest_pwm_left[m[K’
   66 |     [01;31m[Ktest_pwm_left[m[K = 150;  // PWM for left wheel
      |     [01;31m[K^~~~~~~~~~~~~[m[K
[01m[K/home/asdfr-30/ASDfR_3/src/xeno_loop/src/XenoLoopRunner.cpp:67:5:[m[K [01;31m[Kerror: [m[K‘[01m[Ktest_pwm_right[m[K’ does not name a type
   67 |     [01;31m[Ktest_pwm_right[m[K = 150; // PWM for right wheel
      |     [01;31m[K^~~~~~~~~~~~~~[m[K
[01m[K/home/asdfr-30/ASDfR_3/src/xeno_loop/src/XenoLoopRunner.cpp:69:5:[m[K [01;31m[Kerror: [m[K‘[01m[Kactuate_data[m[K’ does not name a type
   69 |     [01;31m[Kactuate_data[m[K.pwm1 = test_pwm_right;
      |     [01;31m[K^~~~~~~~~~~~[m[K
[01m[K/home/asdfr-30/ASDfR_3/src/xeno_loop/src/XenoLoopRunner.cpp:70:5:[m[K [01;31m[Kerror: [m[K‘[01m[Kactuate_data[m[K’ does not name a type
   70 |     [01;31m[Kactuate_data[m[K.pwm2 = test_pwm_left;
      |     [01;31m[K^~~~~~~~~~~~[m[K
[01m[K/home/asdfr-30/ASDfR_3/src/xeno_loop/src/XenoLoopRunner.cpp:73:5:[m[K [01;31m[Kerror: [m[Kexpected unqualified-id before ‘[01m[Kif[m[K’
   73 |     [01;31m[Kif[m[K (ico_io.update_io(actuate_data, &sample_data) != 0) {
      |     [01;31m[K^~[m[K
[01m[K/home/asdfr-30/ASDfR_3/src/xeno_loop/src/XenoLoopRunner.cpp:79:42:[m[K [01;31m[Kerror: [m[K‘[01m[Ksample_data[m[K’ was not declared in this scope
   79 |     uint16_t current_encoder_right_raw = [01;31m[Ksample_data[m[K.channel1;
      |                                          [01;31m[K^~~~~~~~~~~[m[K
[01m[K/home/asdfr-30/ASDfR_3/src/xeno_loop/src/XenoLoopRunner.cpp:80:41:[m[K [01;31m[Kerror: [m[K‘[01m[Ksample_data[m[K’ was not declared in this scope
   80 |     uint16_t current_encoder_left_raw = [01;31m[Ksample_data[m[K.channel2;
      |                                         [01;31m[K^~~~~~~~~~~[m[K
[01m[K/home/asdfr-30/ASDfR_3/src/xeno_loop/src/XenoLoopRunner.cpp:82:98:[m[K [01;31m[Kerror: [m[K‘[01m[Kprev_encoder_right_raw[m[K’ was not declared in this scope; did you mean ‘[01m[Kcurrent_encoder_right_raw[m[K’?
   82 |     int32_t delta_right = static_cast<int32_t>(current_encoder_right_raw) - static_cast<int32_t>([01;31m[Kprev_encoder_right_raw[m[K);
      |                                                                                                  [01;31m[K^~~~~~~~~~~~~~~~~~~~~~[m[K
      |                                                                                                  [32m[Kcurrent_encoder_right_raw[m[K
[01m[K/home/asdfr-30/ASDfR_3/src/xeno_loop/src/XenoLoopRunner.cpp:83:96:[m[K [01;31m[Kerror: [m[K‘[01m[Kprev_encoder_left_raw[m[K’ was not declared in this scope; did you mean ‘[01m[Kcurrent_encoder_left_raw[m[K’?
   83 |     int32_t delta_left = static_cast<int32_t>(current_encoder_left_raw) - static_cast<int32_t>([01;31m[Kprev_encoder_left_raw[m[K);
      |                                                                                                [01;31m[K^~~~~~~~~~~~~~~~~~~~~[m[K
      |                                                                                                [32m[Kcurrent_encoder_left_raw[m[K
[01m[K/home/asdfr-30/ASDfR_3/src/xeno_loop/src/XenoLoopRunner.cpp:86:15:[m[K [01;31m[Kerror: [m[Kexpected constructor, destructor, or type conversion before ‘[01m[K([m[K’ token
   86 |     evl_printf[01;31m[K([m[K"Run - PWM L:%d R:%d | RawEnc L:%u R:%u | Delta L:%d R:%d\n",
      |               [01;31m[K^[m[K
[01m[K/home/asdfr-30/ASDfR_3/src/xeno_loop/src/XenoLoopRunner.cpp:92:5:[m[K [01;31m[Kerror: [m[K‘[01m[Kprev_encoder_left_raw[m[K’ does not name a type
   92 |     [01;31m[Kprev_encoder_left_raw[m[K = current_encoder_left_raw;
      |     [01;31m[K^~~~~~~~~~~~~~~~~~~~~[m[K
[01m[K/home/asdfr-30/ASDfR_3/src/xeno_loop/src/XenoLoopRunner.cpp:93:5:[m[K [01;31m[Kerror: [m[K‘[01m[Kprev_encoder_right_raw[m[K’ does not name a type
   93 |     [01;31m[Kprev_encoder_right_raw[m[K = current_encoder_right_raw;
      |     [01;31m[K^~~~~~~~~~~~~~~~~~~~~~[m[K
[01m[K/home/asdfr-30/ASDfR_3/src/xeno_loop/src/XenoLoopRunner.cpp:94:5:[m[K [01;31m[Kerror: [m[Kexpected unqualified-id before ‘[01m[Kreturn[m[K’
   94 |     [01;31m[Kreturn[m[K 0;
      |     [01;31m[K^~~~~~[m[K
[01m[K/home/asdfr-30/ASDfR_3/src/xeno_loop/src/XenoLoopRunner.cpp:95:1:[m[K [01;31m[Kerror: [m[Kexpected declaration before ‘[01m[K}[m[K’ token
   95 | [01;31m[K}[m[K
      | [01;31m[K^[m[K
gmake[2]: *** [CMakeFiles/xeno_loop.dir/build.make:258: CMakeFiles/xeno_loop.dir/src/XenoLoopRunner.cpp.o] Error 1
gmake[1]: *** [CMakeFiles/Makefile2:137: CMakeFiles/xeno_loop.dir/all] Error 2
gmake: *** [Makefile:101: all] Error 2
