[0.070s] Invoking command in '/home/asdfr-30/ASDfR_3/build/brightness': CMAKE_PREFIX_PATH=${CMAKE_PREFIX_PATH}:/opt/ros/humble /usr/bin/cmake --build /home/asdfr-30/ASDfR_3/build/brightness -- -j3 -l3
[0.438s] [100%] Built target brightness
[0.586s] Invoked command in '/home/asdfr-30/ASDfR_3/build/brightness' returned '0': CMAKE_PREFIX_PATH=${CMAKE_PREFIX_PATH}:/opt/ros/humble /usr/bin/cmake --build /home/asdfr-30/ASDfR_3/build/brightness -- -j3 -l3
[0.641s] Invoking command in '/home/asdfr-30/ASDfR_3/build/brightness': CMAKE_PREFIX_PATH=${CMAKE_PREFIX_PATH}:/opt/ros/humble /usr/bin/cmake --install /home/asdfr-30/ASDfR_3/build/brightness
[0.689s] -- Install configuration: ""
[0.695s] -- Up-to-date: /home/asdfr-30/ASDfR_3/install/brightness/lib/brightness/brightness
[0.699s] -- Up-to-date: /home/asdfr-30/ASDfR_3/install/brightness/share/ament_index/resource_index/package_run_dependencies/brightness
[0.725s] -- Up-to-date: /home/asdfr-30/ASDfR_3/install/brightness/share/ament_index/resource_index/parent_prefix_path/brightness
[0.728s] -- Up-to-date: /home/asdfr-30/ASDfR_3/install/brightness/share/brightness/environment/ament_prefix_path.sh
[0.737s] -- Up-to-date: /home/asdfr-30/ASDfR_3/install/brightness/share/brightness/environment/ament_prefix_path.dsv
[0.740s] -- Up-to-date: /home/asdfr-30/ASDfR_3/install/brightness/share/brightness/environment/path.sh
[0.778s] -- Up-to-date: /home/asdfr-30/ASDfR_3/install/brightness/share/brightness/environment/path.dsv
[0.779s] -- Up-to-date: /home/asdfr-30/ASDfR_3/install/brightness/share/brightness/local_setup.bash
[0.780s] -- Up-to-date: /home/asdfr-30/ASDfR_3/install/brightness/share/brightness/local_setup.sh
[0.781s] -- Up-to-date: /home/asdfr-30/ASDfR_3/install/brightness/share/brightness/local_setup.zsh
[0.783s] -- Up-to-date: /home/asdfr-30/ASDfR_3/install/brightness/share/brightness/local_setup.dsv
[0.784s] -- Installing: /home/asdfr-30/ASDfR_3/install/brightness/share/brightness/package.dsv
[0.786s] -- Up-to-date: /home/asdfr-30/ASDfR_3/install/brightness/share/ament_index/resource_index/packages/brightness
[0.787s] -- Up-to-date: /home/asdfr-30/ASDfR_3/install/brightness/share/brightness/cmake/brightnessConfig.cmake
[0.789s] -- Up-to-date: /home/asdfr-30/ASDfR_3/install/brightness/share/brightness/cmake/brightnessConfig-version.cmake
[0.790s] -- Up-to-date: /home/asdfr-30/ASDfR_3/install/brightness/share/brightness/package.xml
[0.791s] Invoked command in '/home/asdfr-30/ASDfR_3/build/brightness' returned '0': CMAKE_PREFIX_PATH=${CMAKE_PREFIX_PATH}:/opt/ros/humble /usr/bin/cmake --install /home/asdfr-30/ASDfR_3/build/brightness
