[0.067s] Invoking command in '/home/asdfr-30/ASDfR_3/build/ball_tracker': CMAKE_PREFIX_PATH=${CMAKE_PREFIX_PATH}:/opt/ros/humble /usr/bin/cmake --build /home/asdfr-30/ASDfR_3/build/ball_tracker -- -j3 -l3
[0.249s] [35m[1mConsolidate compiler generated dependencies of target ball_tracker[0m
[1.616s] [ 50%] [32mBuilding CXX object CMakeFiles/ball_tracker.dir/src/ball_tracker.cpp.o[0m
[39.613s] [100%] [32m[1mLinking CXX executable ball_tracker[0m
[43.029s] [100%] Built target ball_tracker
[43.059s] Invoked command in '/home/asdfr-30/ASDfR_3/build/ball_tracker' returned '0': CMAKE_PREFIX_PATH=${CMAKE_PREFIX_PATH}:/opt/ros/humble /usr/bin/cmake --build /home/asdfr-30/ASDfR_3/build/ball_tracker -- -j3 -l3
[43.065s] Invoking command in '/home/asdfr-30/ASDfR_3/build/ball_tracker': CMAKE_PREFIX_PATH=${CMAKE_PREFIX_PATH}:/opt/ros/humble /usr/bin/cmake --install /home/asdfr-30/ASDfR_3/build/ball_tracker
[43.083s] -- Install configuration: ""
[43.084s] -- Installing: /home/asdfr-30/ASDfR_3/install/ball_tracker/lib/ball_tracker/ball_tracker
[43.232s] -- Set runtime path of "/home/asdfr-30/ASDfR_3/install/ball_tracker/lib/ball_tracker/ball_tracker" to ""
[43.234s] -- Up-to-date: /home/asdfr-30/ASDfR_3/install/ball_tracker/share/ament_index/resource_index/package_run_dependencies/ball_tracker
[43.235s] -- Up-to-date: /home/asdfr-30/ASDfR_3/install/ball_tracker/share/ament_index/resource_index/parent_prefix_path/ball_tracker
[43.237s] -- Up-to-date: /home/asdfr-30/ASDfR_3/install/ball_tracker/share/ball_tracker/environment/ament_prefix_path.sh
[43.238s] -- Up-to-date: /home/asdfr-30/ASDfR_3/install/ball_tracker/share/ball_tracker/environment/ament_prefix_path.dsv
[43.239s] -- Up-to-date: /home/asdfr-30/ASDfR_3/install/ball_tracker/share/ball_tracker/environment/path.sh
[43.243s] -- Up-to-date: /home/asdfr-30/ASDfR_3/install/ball_tracker/share/ball_tracker/environment/path.dsv
[43.244s] -- Up-to-date: /home/asdfr-30/ASDfR_3/install/ball_tracker/share/ball_tracker/local_setup.bash
[43.246s] -- Up-to-date: /home/asdfr-30/ASDfR_3/install/ball_tracker/share/ball_tracker/local_setup.sh
[43.247s] -- Up-to-date: /home/asdfr-30/ASDfR_3/install/ball_tracker/share/ball_tracker/local_setup.zsh
[43.248s] -- Up-to-date: /home/asdfr-30/ASDfR_3/install/ball_tracker/share/ball_tracker/local_setup.dsv
[43.251s] -- Installing: /home/asdfr-30/ASDfR_3/install/ball_tracker/share/ball_tracker/package.dsv
[43.253s] -- Up-to-date: /home/asdfr-30/ASDfR_3/install/ball_tracker/share/ament_index/resource_index/packages/ball_tracker
[43.255s] -- Up-to-date: /home/asdfr-30/ASDfR_3/install/ball_tracker/share/ball_tracker/cmake/ball_trackerConfig.cmake
[43.259s] -- Up-to-date: /home/asdfr-30/ASDfR_3/install/ball_tracker/share/ball_tracker/cmake/ball_trackerConfig-version.cmake
[43.265s] -- Up-to-date: /home/asdfr-30/ASDfR_3/install/ball_tracker/share/ball_tracker/package.xml
[43.267s] -- Up-to-date: /home/asdfr-30/ASDfR_3/install/ball_tracker/share/ball_tracker/package.xml
[43.269s] Invoked command in '/home/asdfr-30/ASDfR_3/build/ball_tracker' returned '0': CMAKE_PREFIX_PATH=${CMAKE_PREFIX_PATH}:/opt/ros/humble /usr/bin/cmake --install /home/asdfr-30/ASDfR_3/build/ball_tracker
