[0.057s] Invoking command in '/home/asdfr-30/ASDfR_3/build/xeno_loop': AMENT_PREFIX_PATH=/home/asdfr-30/ASDfR_3/install/xrf2_msgs:${AMENT_PREFIX_PATH} CMAKE_PREFIX_PATH=/home/asdfr-30/ASDfR_3/install/xrf2_msgs LD_LIBRARY_PATH=/home/asdfr-30/ASDfR_3/install/xrf2_msgs/lib:${LD_LIBRARY_PATH} PYTHONPATH=/home/asdfr-30/ASDfR_3/install/xrf2_msgs/local/lib/python3.10/dist-packages:${PYTHONPATH} /usr/bin/cmake --build /home/asdfr-30/ASDfR_3/build/xeno_loop -- -j3 -l3
[0.544s] [0mTIME_STEP_SIZE_VALUE = 0.01[0m
[0.558s] -- Found xrf2_msgs: 0.0.0 (/home/asdfr-30/ASDfR_3/install/xrf2_msgs/share/xrf2_msgs/cmake)
[1.177s] -- Found rosidl_generator_c: 3.1.6 (/opt/ros/humble/share/rosidl_generator_c/cmake)
[1.186s] -- Found rosidl_adapter: 3.1.6 (/opt/ros/humble/share/rosidl_adapter/cmake)
[1.204s] -- Found rosidl_generator_cpp: 3.1.6 (/opt/ros/humble/share/rosidl_generator_cpp/cmake)
[1.235s] -- Using all available rosidl_typesupport_c: rosidl_typesupport_fastrtps_c;rosidl_typesupport_introspection_c
[1.286s] -- Using all available rosidl_typesupport_cpp: rosidl_typesupport_fastrtps_cpp;rosidl_typesupport_introspection_cpp
[1.334s] -- Found rclcpp: 16.0.11 (/opt/ros/humble/share/rclcpp/cmake)
[1.477s] -- Found rmw_implementation_cmake: 6.1.2 (/opt/ros/humble/share/rmw_implementation_cmake/cmake)
[1.487s] -- Found rmw_fastrtps_cpp: 6.2.7 (/opt/ros/humble/share/rmw_fastrtps_cpp/cmake)
[1.808s] -- Using RMW implementation 'rmw_fastrtps_cpp' as default
[2.034s] -- Configuring done
[2.093s] -- Generating done
[2.119s] -- Build files have been written to: /home/asdfr-30/ASDfR_3/build/xeno_loop
[2.209s] [35m[1mConsolidate compiler generated dependencies of target xeno_loop[0m
[3.221s] [  4%] [32mBuilding CXX object CMakeFiles/xeno_loop.dir/main.cpp.o[0m
[5.989s] [  9%] [32mBuilding CXX object CMakeFiles/xeno_loop.dir/home/asdfr-30/ASDfR_3/src/XRF2/XenoRosFramework/Xenomai/src/IcoIo.cpp.o[0m
[6.248s] [ 13%] [32mBuilding CXX object CMakeFiles/xeno_loop.dir/home/asdfr-30/ASDfR_3/src/XRF2/XenoRosFramework/Xenomai/src/XenoFileHandler.cpp.o[0m
[8.294s] [ 18%] [32mBuilding CXX object CMakeFiles/xeno_loop.dir/home/asdfr-30/ASDfR_3/src/XRF2/XenoRosFramework/Xenomai/src/XenoFrtLogger.cpp.o[0m
[10.163s] [ 22%] [32mBuilding CXX object CMakeFiles/xeno_loop.dir/home/asdfr-30/ASDfR_3/src/XRF2/XenoRosFramework/Xenomai/src/XenoFrtLoop.cpp.o[0m
[11.071s] [ 27%] [32mBuilding CXX object CMakeFiles/xeno_loop.dir/home/asdfr-30/ASDfR_3/src/XRF2/XenoRosFramework/Xenomai/src/XenoFrtMonitor.cpp.o[0m
[11.300s] [ 31%] [32mBuilding CXX object CMakeFiles/xeno_loop.dir/home/asdfr-30/ASDfR_3/src/XRF2/XenoRosFramework/Xenomai/src/XenoFrtRosIco.cpp.o[0m
[14.008s] [ 36%] [32mBuilding CXX object CMakeFiles/xeno_loop.dir/home/asdfr-30/ASDfR_3/src/XRF2/XenoRosFramework/Xenomai/src/XenoRosCommunication.cpp.o[0m
[14.256s] [ 40%] [32mBuilding CXX object CMakeFiles/xeno_loop.dir/home/asdfr-30/ASDfR_3/src/XRF2/XenoRosFramework/Xenomai/src/XenoRosCommandBridge.cpp.o[0m
[16.387s] [ 45%] [32mBuilding CXX object CMakeFiles/xeno_loop.dir/home/asdfr-30/ASDfR_3/src/XRF2/XenoRosFramework/Xenomai/src/XenoRosDataBridge.cpp.o[0m
[18.498s] [ 50%] [32mBuilding CXX object CMakeFiles/xeno_loop.dir/home/asdfr-30/ASDfR_3/src/XRF2/XenoRosFramework/Xenomai/src/XenoSpiControllerHandler.cpp.o[0m
[20.010s] [ 54%] [32mBuilding CXX object CMakeFiles/xeno_loop.dir/home/asdfr-30/ASDfR_3/src/XRF2/XenoRosFramework/Xenomai/src/XenoFrt20Sim.cpp.o[0m
[22.564s] [ 59%] [32mBuilding CXX object CMakeFiles/xeno_loop.dir/src/XenoLoopRunner.cpp.o[0m
[25.163s] [ 63%] [32mBuilding CXX object CMakeFiles/xeno_loop.dir/controller/LoopController.cpp.o[0m
[25.873s] [ 68%] [32mBuilding CXX object CMakeFiles/xeno_loop.dir/controller/common/EulerAngles.cpp.o[0m
[25.959s] [ 72%] [32mBuilding CXX object CMakeFiles/xeno_loop.dir/controller/common/MotionProfiles.cpp.o[0m
[26.049s] [ 77%] [32mBuilding CXX object CMakeFiles/xeno_loop.dir/controller/common/xxfuncs.cpp.o[0m
[26.678s] [ 81%] [32mBuilding CXX object CMakeFiles/xeno_loop.dir/controller/common/xxinteg.cpp.o[0m
[27.345s] [ 86%] [32mBuilding CXX object CMakeFiles/xeno_loop.dir/controller/common/xxinverse.cpp.o[0m
[27.981s] [ 90%] [32mBuilding CXX object CMakeFiles/xeno_loop.dir/controller/common/xxmatrix.cpp.o[0m
[28.777s] [ 95%] [32mBuilding CXX object CMakeFiles/xeno_loop.dir/home/asdfr-30/ASDfR_3/src/XRF2/XenoRosFramework/Xenomai/src/FullStateMachine.cpp.o[0m
[30.212s] [100%] [32m[1mLinking CXX executable xeno_loop[0m
[30.588s] [100%] Built target xeno_loop
[30.617s] Invoked command in '/home/asdfr-30/ASDfR_3/build/xeno_loop' returned '0': AMENT_PREFIX_PATH=/home/asdfr-30/ASDfR_3/install/xrf2_msgs:${AMENT_PREFIX_PATH} CMAKE_PREFIX_PATH=/home/asdfr-30/ASDfR_3/install/xrf2_msgs LD_LIBRARY_PATH=/home/asdfr-30/ASDfR_3/install/xrf2_msgs/lib:${LD_LIBRARY_PATH} PYTHONPATH=/home/asdfr-30/ASDfR_3/install/xrf2_msgs/local/lib/python3.10/dist-packages:${PYTHONPATH} /usr/bin/cmake --build /home/asdfr-30/ASDfR_3/build/xeno_loop -- -j3 -l3
