[0.082s] Invoking command in '/home/asdfr-30/ASDfR_3/build/brightness': CMAKE_PREFIX_PATH=${CMAKE_PREFIX_PATH}:/opt/ros/humble /usr/bin/cmake --build /home/asdfr-30/ASDfR_3/build/brightness -- -j3 -l3
[0.310s] [100%] Built target brightness
[0.396s] Invoked command in '/home/asdfr-30/ASDfR_3/build/brightness' returned '0': CMAKE_PREFIX_PATH=${CMAKE_PREFIX_PATH}:/opt/ros/humble /usr/bin/cmake --build /home/asdfr-30/ASDfR_3/build/brightness -- -j3 -l3
[0.447s] Invoking command in '/home/asdfr-30/ASDfR_3/build/brightness': CMAKE_PREFIX_PATH=${CMAKE_PREFIX_PATH}:/opt/ros/humble /usr/bin/cmake --install /home/asdfr-30/ASDfR_3/build/brightness
[0.488s] -- Install configuration: ""
[0.489s] -- Up-to-date: /home/asdfr-30/ASDfR_3/install/brightness/lib/brightness/brightness
[0.492s] -- Up-to-date: /home/asdfr-30/ASDfR_3/install/brightness/share/ament_index/resource_index/package_run_dependencies/brightness
[0.493s] -- Up-to-date: /home/asdfr-30/ASDfR_3/install/brightness/share/ament_index/resource_index/parent_prefix_path/brightness
[0.495s] -- Up-to-date: /home/asdfr-30/ASDfR_3/install/brightness/share/brightness/environment/ament_prefix_path.sh
[0.496s] -- Up-to-date: /home/asdfr-30/ASDfR_3/install/brightness/share/brightness/environment/ament_prefix_path.dsv
[0.497s] -- Up-to-date: /home/asdfr-30/ASDfR_3/install/brightness/share/brightness/environment/path.sh
[0.499s] -- Up-to-date: /home/asdfr-30/ASDfR_3/install/brightness/share/brightness/environment/path.dsv
[0.501s] -- Up-to-date: /home/asdfr-30/ASDfR_3/install/brightness/share/brightness/local_setup.bash
[0.502s] -- Up-to-date: /home/asdfr-30/ASDfR_3/install/brightness/share/brightness/local_setup.sh
[0.504s] -- Up-to-date: /home/asdfr-30/ASDfR_3/install/brightness/share/brightness/local_setup.zsh
[0.521s] -- Up-to-date: /home/asdfr-30/ASDfR_3/install/brightness/share/brightness/local_setup.dsv
[0.522s] -- Installing: /home/asdfr-30/ASDfR_3/install/brightness/share/brightness/package.dsv
[0.524s] -- Up-to-date: /home/asdfr-30/ASDfR_3/install/brightness/share/ament_index/resource_index/packages/brightness
[0.526s] -- Up-to-date: /home/asdfr-30/ASDfR_3/install/brightness/share/brightness/cmake/brightnessConfig.cmake
[0.527s] -- Up-to-date: /home/asdfr-30/ASDfR_3/install/brightness/share/brightness/cmake/brightnessConfig-version.cmake
[0.529s] -- Up-to-date: /home/asdfr-30/ASDfR_3/install/brightness/share/brightness/package.xml
[0.558s] Invoked command in '/home/asdfr-30/ASDfR_3/build/brightness' returned '0': CMAKE_PREFIX_PATH=${CMAKE_PREFIX_PATH}:/opt/ros/humble /usr/bin/cmake --install /home/asdfr-30/ASDfR_3/build/brightness
