[0.077s] Invoking command in '/home/asdfr-30/ASDfR_3/build/xeno_loop': CMAKE_PREFIX_PATH=/home/asdfr-30/ASDfR_3/install/xrf2_msgs:/home/asdfr-30/ASDfR_3/install/object_center:/home/asdfr-30/ASDfR_3/install/cam2image_vm2ros:/home/asdfr-30/ASDfR_3/install/brightness:/home/asdfr-30/ASDF/30-ASDfR/ASDfR_3/install/xrf2_msgs LD_LIBRARY_PATH=/home/asdfr-30/ASDfR_3/install/xrf2_msgs/lib:/home/asdfr-30/ASDfR_3/install/cam2image_vm2ros/lib:/home/asdfr-30/ASDF/30-ASDfR/ASDfR_3/install/xrf2_msgs/lib:/opt/ros/humble/opt/rviz_ogre_vendor/lib:/opt/ros/humble/lib/aarch64-linux-gnu:/opt/ros/humble/lib /usr/bin/cmake --build /home/asdfr-30/ASDfR_3/build/xeno_loop -- -j3 -l3
[0.238s] [35m[1mConsolidate compiler generated dependencies of target xeno_loop[0m
[1.302s] [  4%] [32mBuilding CXX object CMakeFiles/xeno_loop.dir/src/Template20Sim.cpp.o[0m
[3.583s] [01m[K/home/asdfr-30/ASDfR_3/src/xeno_loop/src/Template20Sim.cpp:[m[K In member function ‘[01m[Kvirtual int Template20Sim::run()[m[K’:
[3.584s] [01m[K/home/asdfr-30/ASDfR_3/src/xeno_loop/src/Template20Sim.cpp:74:10:[m[K [01;31m[Kerror: [m[Kexpected identifier before numeric constant
[3.586s]    74 |     u = [[01;31m[K5[m[K,6];
[3.587s]       |          [01;31m[K^[m[K
[3.588s] [01m[K/home/asdfr-30/ASDfR_3/src/xeno_loop/src/Template20Sim.cpp:74:11:[m[K [01;31m[Kerror: [m[Kexpected ‘[01m[K][m[K’ before ‘[01m[K,[m[K’ token
[3.590s]    74 |     u = [5[01;31m[K,[m[K6];
[3.591s]       |           [01;31m[K^[m[K
[3.592s]       |           [32m[K][m[K
[3.593s] [01m[K/home/asdfr-30/ASDfR_3/src/xeno_loop/src/Template20Sim.cpp:[m[K In lambda function:
[3.595s] [01m[K/home/asdfr-30/ASDfR_3/src/xeno_loop/src/Template20Sim.cpp:74:11:[m[K [01;31m[Kerror: [m[Kexpected ‘[01m[K{[m[K’ before ‘[01m[K,[m[K’ token
[3.596s] [01m[K/home/asdfr-30/ASDfR_3/src/xeno_loop/src/Template20Sim.cpp:[m[K In member function ‘[01m[Kvirtual int Template20Sim::run()[m[K’:
[3.597s] [01m[K/home/asdfr-30/ASDfR_3/src/xeno_loop/src/Template20Sim.cpp:74:7:[m[K [01;31m[Kerror: [m[Kincompatible types in assignment of ‘[01m[KTemplate20Sim::run()::<lambda()>[m[K’ to ‘[01m[Kdouble [2][m[K’
[3.598s]    74 |     u = [5,6];
[3.836s] gmake[2]: *** [CMakeFiles/xeno_loop.dir/build.make:258: CMakeFiles/xeno_loop.dir/src/Template20Sim.cpp.o] Error 1
[3.933s] gmake[1]: *** [CMakeFiles/Makefile2:137: CMakeFiles/xeno_loop.dir/all] Error 2
[3.937s] gmake: *** [Makefile:101: all] Error 2
[3.939s] Invoked command in '/home/asdfr-30/ASDfR_3/build/xeno_loop' returned '2': CMAKE_PREFIX_PATH=/home/asdfr-30/ASDfR_3/install/xrf2_msgs:/home/asdfr-30/ASDfR_3/install/object_center:/home/asdfr-30/ASDfR_3/install/cam2image_vm2ros:/home/asdfr-30/ASDfR_3/install/brightness:/home/asdfr-30/ASDF/30-ASDfR/ASDfR_3/install/xrf2_msgs LD_LIBRARY_PATH=/home/asdfr-30/ASDfR_3/install/xrf2_msgs/lib:/home/asdfr-30/ASDfR_3/install/cam2image_vm2ros/lib:/home/asdfr-30/ASDF/30-ASDfR/ASDfR_3/install/xrf2_msgs/lib:/opt/ros/humble/opt/rviz_ogre_vendor/lib:/opt/ros/humble/lib/aarch64-linux-gnu:/opt/ros/humble/lib /usr/bin/cmake --build /home/asdfr-30/ASDfR_3/build/xeno_loop -- -j3 -l3
