[0.065s] Invoking command in '/home/asdfr-30/ASDfR_3/build/xeno_loop': CMAKE_PREFIX_PATH=/home/asdfr-30/ASDfR_3/install/xrf2_msgs:/home/asdfr-30/ASDfR_3/install/sequence_controller:/home/asdfr-30/ASDfR_3/install/ros_xeno_bridge:/home/asdfr-30/ASDfR_3/install/relbot_simulator:/home/asdfr-30/ASDfR_3/install/object_center:/home/asdfr-30/ASDfR_3/install/cam2image_vm2ros:/home/asdfr-30/ASDfR_3/install/brightness /usr/bin/cmake /home/asdfr-30/ASDfR_3/src/xeno_loop -DCMAKE_INSTALL_PREFIX=/home/asdfr-30/ASDfR_3/install/xeno_loop
[0.363s] -- The C compiler identification is GNU 11.4.0
[0.644s] -- The CXX compiler identification is GNU 11.4.0
[0.678s] -- Detecting C compiler ABI info
[1.128s] -- Detecting C compiler ABI info - done
[1.164s] -- Check for working C compiler: /usr/bin/cc - skipped
[1.169s] -- Detecting C compile features
[1.174s] -- Detecting C compile features - done
[1.194s] -- Detecting CXX compiler ABI info
[5.288s] -- Detecting CXX compiler ABI info - done
[5.323s] -- Check for working CXX compiler: /usr/bin/c++ - skipped
[5.326s] -- Detecting CXX compile features
[5.331s] -- Detecting CXX compile features - done
[5.630s] [0mTIME_STEP_SIZE_VALUE = 0.01[0m
[5.641s] -- Looking for pthread.h
[6.425s] -- Looking for pthread.h - found
[6.426s] -- Performing Test CMAKE_HAVE_LIBC_PTHREAD
[7.427s] -- Performing Test CMAKE_HAVE_LIBC_PTHREAD - Success
[7.433s] -- Found Threads: TRUE  
[7.437s] -- Found xrf2_msgs: 0.0.0 (/home/asdfr-30/ASDfR_3/install/xrf2_msgs/share/xrf2_msgs/cmake)
[8.415s] -- Found Python3: /usr/bin/python3 (found version "3.10.12") found components: Interpreter 
[9.232s] -- Found rosidl_generator_c: 3.1.6 (/opt/ros/humble/share/rosidl_generator_c/cmake)
[9.288s] -- Found rosidl_adapter: 3.1.6 (/opt/ros/humble/share/rosidl_adapter/cmake)
[9.327s] -- Found rosidl_generator_cpp: 3.1.6 (/opt/ros/humble/share/rosidl_generator_cpp/cmake)
[9.391s] -- Using all available rosidl_typesupport_c: rosidl_typesupport_fastrtps_c;rosidl_typesupport_introspection_c
[9.473s] -- Using all available rosidl_typesupport_cpp: rosidl_typesupport_fastrtps_cpp;rosidl_typesupport_introspection_cpp
[9.554s] -- Found rclcpp: 16.0.11 (/opt/ros/humble/share/rclcpp/cmake)
[9.937s] -- Found rmw_implementation_cmake: 6.1.2 (/opt/ros/humble/share/rmw_implementation_cmake/cmake)
[9.953s] -- Found rmw_fastrtps_cpp: 6.2.7 (/opt/ros/humble/share/rmw_fastrtps_cpp/cmake)
[10.550s] -- Found OpenSSL: /usr/lib/aarch64-linux-gnu/libcrypto.so (found version "3.0.2")  
[10.642s] -- Found FastRTPS: /opt/ros/humble/include  
[10.855s] -- Using RMW implementation 'rmw_fastrtps_cpp' as default
[11.533s] -- Configuring done
[11.635s] -- Generating done
[11.665s] -- Build files have been written to: /home/asdfr-30/ASDfR_3/build/xeno_loop
[11.719s] Invoked command in '/home/asdfr-30/ASDfR_3/build/xeno_loop' returned '0': CMAKE_PREFIX_PATH=/home/asdfr-30/ASDfR_3/install/xrf2_msgs:/home/asdfr-30/ASDfR_3/install/sequence_controller:/home/asdfr-30/ASDfR_3/install/ros_xeno_bridge:/home/asdfr-30/ASDfR_3/install/relbot_simulator:/home/asdfr-30/ASDfR_3/install/object_center:/home/asdfr-30/ASDfR_3/install/cam2image_vm2ros:/home/asdfr-30/ASDfR_3/install/brightness /usr/bin/cmake /home/asdfr-30/ASDfR_3/src/xeno_loop -DCMAKE_INSTALL_PREFIX=/home/asdfr-30/ASDfR_3/install/xeno_loop
[11.724s] Invoking command in '/home/asdfr-30/ASDfR_3/build/xeno_loop': CMAKE_PREFIX_PATH=/home/asdfr-30/ASDfR_3/install/xrf2_msgs:/home/asdfr-30/ASDfR_3/install/sequence_controller:/home/asdfr-30/ASDfR_3/install/ros_xeno_bridge:/home/asdfr-30/ASDfR_3/install/relbot_simulator:/home/asdfr-30/ASDfR_3/install/object_center:/home/asdfr-30/ASDfR_3/install/cam2image_vm2ros:/home/asdfr-30/ASDfR_3/install/brightness /usr/bin/cmake --build /home/asdfr-30/ASDfR_3/build/xeno_loop -- -j3 -l3
[12.077s] [  4%] [32mBuilding CXX object CMakeFiles/xeno_loop.dir/main.cpp.o[0m
[17.584s] [  9%] [32mBuilding CXX object CMakeFiles/xeno_loop.dir/home/asdfr-30/ASDfR_3/src/XRF2/XenoRosFramework/Xenomai/src/IcoIo.cpp.o[0m
[18.055s] [ 13%] [32mBuilding CXX object CMakeFiles/xeno_loop.dir/home/asdfr-30/ASDfR_3/src/XRF2/XenoRosFramework/Xenomai/src/XenoFileHandler.cpp.o[0m
[22.358s] [ 18%] [32mBuilding CXX object CMakeFiles/xeno_loop.dir/home/asdfr-30/ASDfR_3/src/XRF2/XenoRosFramework/Xenomai/src/XenoFrtLogger.cpp.o[0m
[25.984s] [ 22%] [32mBuilding CXX object CMakeFiles/xeno_loop.dir/home/asdfr-30/ASDfR_3/src/XRF2/XenoRosFramework/Xenomai/src/XenoFrtLoop.cpp.o[0m
[27.387s] [ 27%] [32mBuilding CXX object CMakeFiles/xeno_loop.dir/home/asdfr-30/ASDfR_3/src/XRF2/XenoRosFramework/Xenomai/src/XenoFrtMonitor.cpp.o[0m
[27.662s] [ 31%] [32mBuilding CXX object CMakeFiles/xeno_loop.dir/home/asdfr-30/ASDfR_3/src/XRF2/XenoRosFramework/Xenomai/src/XenoFrtRosIco.cpp.o[0m
[32.639s] [ 36%] [32mBuilding CXX object CMakeFiles/xeno_loop.dir/home/asdfr-30/ASDfR_3/src/XRF2/XenoRosFramework/Xenomai/src/XenoRosCommunication.cpp.o[0m
[32.935s] [ 40%] [32mBuilding CXX object CMakeFiles/xeno_loop.dir/home/asdfr-30/ASDfR_3/src/XRF2/XenoRosFramework/Xenomai/src/XenoRosCommandBridge.cpp.o[0m
[35.995s] [ 45%] [32mBuilding CXX object CMakeFiles/xeno_loop.dir/home/asdfr-30/ASDfR_3/src/XRF2/XenoRosFramework/Xenomai/src/XenoRosDataBridge.cpp.o[0m
[39.011s] [ 50%] [32mBuilding CXX object CMakeFiles/xeno_loop.dir/home/asdfr-30/ASDfR_3/src/XRF2/XenoRosFramework/Xenomai/src/XenoSpiControllerHandler.cpp.o[0m
[39.337s] [ 54%] [32mBuilding CXX object CMakeFiles/xeno_loop.dir/home/asdfr-30/ASDfR_3/src/XRF2/XenoRosFramework/Xenomai/src/XenoFrt20Sim.cpp.o[0m
[43.002s] [ 59%] [32mBuilding CXX object CMakeFiles/xeno_loop.dir/src/Template20Sim.cpp.o[0m
[46.505s] [ 63%] [32mBuilding CXX object CMakeFiles/xeno_loop.dir/controller/LoopController.cpp.o[0m
[47.453s] [ 68%] [32mBuilding CXX object CMakeFiles/xeno_loop.dir/controller/common/EulerAngles.cpp.o[0m
[47.534s] [ 72%] [32mBuilding CXX object CMakeFiles/xeno_loop.dir/controller/common/MotionProfiles.cpp.o[0m
[47.615s] [ 77%] [32mBuilding CXX object CMakeFiles/xeno_loop.dir/controller/common/xxfuncs.cpp.o[0m
[49.202s] [ 81%] [32mBuilding CXX object CMakeFiles/xeno_loop.dir/controller/common/xxinteg.cpp.o[0m
[50.003s] [ 86%] [32mBuilding CXX object CMakeFiles/xeno_loop.dir/controller/common/xxinverse.cpp.o[0m
[50.798s] [ 90%] [32mBuilding CXX object CMakeFiles/xeno_loop.dir/controller/common/xxmatrix.cpp.o[0m
[51.896s] [ 95%] [32mBuilding CXX object CMakeFiles/xeno_loop.dir/home/asdfr-30/ASDfR_3/src/XRF2/XenoRosFramework/Xenomai/src/FullStateMachine.cpp.o[0m
[53.474s] [100%] [32m[1mLinking CXX executable xeno_loop[0m
[54.057s] [100%] Built target xeno_loop
[54.097s] Invoked command in '/home/asdfr-30/ASDfR_3/build/xeno_loop' returned '0': CMAKE_PREFIX_PATH=/home/asdfr-30/ASDfR_3/install/xrf2_msgs:/home/asdfr-30/ASDfR_3/install/sequence_controller:/home/asdfr-30/ASDfR_3/install/ros_xeno_bridge:/home/asdfr-30/ASDfR_3/install/relbot_simulator:/home/asdfr-30/ASDfR_3/install/object_center:/home/asdfr-30/ASDfR_3/install/cam2image_vm2ros:/home/asdfr-30/ASDfR_3/install/brightness /usr/bin/cmake --build /home/asdfr-30/ASDfR_3/build/xeno_loop -- -j3 -l3
