[0.105s] Invoking command in '/home/asdfr-30/ASDfR_3/build/relbot_simulator': CMAKE_PREFIX_PATH=${CMAKE_PREFIX_PATH}:/opt/ros/humble /usr/bin/cmake --build /home/asdfr-30/ASDfR_3/build/relbot_simulator -- -j3 -l3
[0.282s] [100%] Built target relbot_simulator
[0.346s] Invoked command in '/home/asdfr-30/ASDfR_3/build/relbot_simulator' returned '0': CMAKE_PREFIX_PATH=${CMAKE_PREFIX_PATH}:/opt/ros/humble /usr/bin/cmake --build /home/asdfr-30/ASDfR_3/build/relbot_simulator -- -j3 -l3
[0.352s] Invoking command in '/home/asdfr-30/ASDfR_3/build/relbot_simulator': CMAKE_PREFIX_PATH=${CMAKE_PREFIX_PATH}:/opt/ros/humble /usr/bin/cmake --install /home/asdfr-30/ASDfR_3/build/relbot_simulator
[0.381s] -- Install configuration: ""
[0.383s] -- Up-to-date: /home/asdfr-30/ASDfR_3/install/relbot_simulator/lib/relbot_simulator/relbot_simulator
[0.386s] -- Up-to-date: /home/asdfr-30/ASDfR_3/install/relbot_simulator/include
[0.387s] -- Up-to-date: /home/asdfr-30/ASDfR_3/install/relbot_simulator/include/xxmatrix.cpp
[0.389s] -- Up-to-date: /home/asdfr-30/ASDfR_3/install/relbot_simulator/include/xxinteg.cpp
[0.391s] -- Up-to-date: /home/asdfr-30/ASDfR_3/install/relbot_simulator/include/EulerAngles.cpp
[0.392s] -- Up-to-date: /home/asdfr-30/ASDfR_3/install/relbot_simulator/include/EulerAngles.h
[0.394s] -- Up-to-date: /home/asdfr-30/ASDfR_3/install/relbot_simulator/include/xxtypes.h
[0.404s] -- Up-to-date: /home/asdfr-30/ASDfR_3/install/relbot_simulator/include/xxmodel.h
[0.405s] -- Up-to-date: /home/asdfr-30/ASDfR_3/install/relbot_simulator/include/MotionProfiles.cpp
[0.406s] -- Up-to-date: /home/asdfr-30/ASDfR_3/install/relbot_simulator/include/xxfuncs.h
[0.408s] -- Up-to-date: /home/asdfr-30/ASDfR_3/install/relbot_simulator/include/xxfuncs.cpp
[0.410s] -- Up-to-date: /home/asdfr-30/ASDfR_3/install/relbot_simulator/include/MotionProfiles.h
[0.411s] -- Up-to-date: /home/asdfr-30/ASDfR_3/install/relbot_simulator/include/xxmatrix.h
[0.412s] -- Up-to-date: /home/asdfr-30/ASDfR_3/install/relbot_simulator/include/xxinteg.h
[0.413s] -- Up-to-date: /home/asdfr-30/ASDfR_3/install/relbot_simulator/include/xxinverse.cpp
[0.417s] -- Up-to-date: /home/asdfr-30/ASDfR_3/install/relbot_simulator/include/xxinverse.h
[0.418s] -- Up-to-date: /home/asdfr-30/ASDfR_3/install/relbot_simulator/share/ament_index/resource_index/package_run_dependencies/relbot_simulator
[0.420s] -- Up-to-date: /home/asdfr-30/ASDfR_3/install/relbot_simulator/share/ament_index/resource_index/parent_prefix_path/relbot_simulator
[0.421s] -- Up-to-date: /home/asdfr-30/ASDfR_3/install/relbot_simulator/share/relbot_simulator/environment/ament_prefix_path.sh
[0.443s] -- Up-to-date: /home/asdfr-30/ASDfR_3/install/relbot_simulator/share/relbot_simulator/environment/ament_prefix_path.dsv
[0.445s] -- Up-to-date: /home/asdfr-30/ASDfR_3/install/relbot_simulator/share/relbot_simulator/environment/path.sh
[0.446s] -- Up-to-date: /home/asdfr-30/ASDfR_3/install/relbot_simulator/share/relbot_simulator/environment/path.dsv
[0.448s] -- Up-to-date: /home/asdfr-30/ASDfR_3/install/relbot_simulator/share/relbot_simulator/local_setup.bash
[0.449s] -- Up-to-date: /home/asdfr-30/ASDfR_3/install/relbot_simulator/share/relbot_simulator/local_setup.sh
[0.450s] -- Up-to-date: /home/asdfr-30/ASDfR_3/install/relbot_simulator/share/relbot_simulator/local_setup.zsh
[0.452s] -- Up-to-date: /home/asdfr-30/ASDfR_3/install/relbot_simulator/share/relbot_simulator/local_setup.dsv
[0.453s] -- Installing: /home/asdfr-30/ASDfR_3/install/relbot_simulator/share/relbot_simulator/package.dsv
[0.455s] -- Up-to-date: /home/asdfr-30/ASDfR_3/install/relbot_simulator/share/ament_index/resource_index/packages/relbot_simulator
[0.456s] -- Up-to-date: /home/asdfr-30/ASDfR_3/install/relbot_simulator/share/relbot_simulator/cmake/relbot_simulatorConfig.cmake
[0.458s] -- Up-to-date: /home/asdfr-30/ASDfR_3/install/relbot_simulator/share/relbot_simulator/cmake/relbot_simulatorConfig-version.cmake
[0.471s] -- Up-to-date: /home/asdfr-30/ASDfR_3/install/relbot_simulator/share/relbot_simulator/package.xml
[0.473s] -- Up-to-date: /home/asdfr-30/ASDfR_3/install/relbot_simulator/share/relbot_simulator//launch
[0.474s] -- Up-to-date: /home/asdfr-30/ASDfR_3/install/relbot_simulator/share/relbot_simulator//launch/relbot_simulator.launch.py
[0.476s] Invoked command in '/home/asdfr-30/ASDfR_3/build/relbot_simulator' returned '0': CMAKE_PREFIX_PATH=${CMAKE_PREFIX_PATH}:/opt/ros/humble /usr/bin/cmake --install /home/asdfr-30/ASDfR_3/build/relbot_simulator
