[0.056s] Invoking command in '/home/asdfr-30/ASDfR_3/build/object_center': CMAKE_PREFIX_PATH=${CMAKE_PREFIX_PATH}:/opt/ros/humble /usr/bin/cmake --build /home/asdfr-30/ASDfR_3/build/object_center -- -j3 -l3
[0.333s] [100%] Built target object_center
[0.372s] Invoked command in '/home/asdfr-30/ASDfR_3/build/object_center' returned '0': CMAKE_PREFIX_PATH=${CMAKE_PREFIX_PATH}:/opt/ros/humble /usr/bin/cmake --build /home/asdfr-30/ASDfR_3/build/object_center -- -j3 -l3
[0.378s] Invoking command in '/home/asdfr-30/ASDfR_3/build/object_center': CMAKE_PREFIX_PATH=${CMAKE_PREFIX_PATH}:/opt/ros/humble /usr/bin/cmake --install /home/asdfr-30/ASDfR_3/build/object_center
[0.408s] -- Install configuration: ""
[0.411s] -- Up-to-date: /home/asdfr-30/ASDfR_3/install/object_center/lib/object_center/object_center
[0.415s] -- Up-to-date: /home/asdfr-30/ASDfR_3/install/object_center/share/ament_index/resource_index/package_run_dependencies/object_center
[0.419s] -- Up-to-date: /home/asdfr-30/ASDfR_3/install/object_center/share/ament_index/resource_index/parent_prefix_path/object_center
[0.423s] -- Up-to-date: /home/asdfr-30/ASDfR_3/install/object_center/share/object_center/environment/ament_prefix_path.sh
[0.426s] -- Up-to-date: /home/asdfr-30/ASDfR_3/install/object_center/share/object_center/environment/ament_prefix_path.dsv
[0.430s] -- Up-to-date: /home/asdfr-30/ASDfR_3/install/object_center/share/object_center/environment/path.sh
[0.438s] -- Up-to-date: /home/asdfr-30/ASDfR_3/install/object_center/share/object_center/environment/path.dsv
[0.445s] -- Up-to-date: /home/asdfr-30/ASDfR_3/install/object_center/share/object_center/local_setup.bash
[0.451s] -- Up-to-date: /home/asdfr-30/ASDfR_3/install/object_center/share/object_center/local_setup.sh
[0.458s] -- Up-to-date: /home/asdfr-30/ASDfR_3/install/object_center/share/object_center/local_setup.zsh
[0.476s] -- Up-to-date: /home/asdfr-30/ASDfR_3/install/object_center/share/object_center/local_setup.dsv
[0.483s] -- Installing: /home/asdfr-30/ASDfR_3/install/object_center/share/object_center/package.dsv
[0.490s] -- Up-to-date: /home/asdfr-30/ASDfR_3/install/object_center/share/ament_index/resource_index/packages/object_center
[0.494s] -- Up-to-date: /home/asdfr-30/ASDfR_3/install/object_center/share/object_center/cmake/object_centerConfig.cmake
[0.499s] -- Up-to-date: /home/asdfr-30/ASDfR_3/install/object_center/share/object_center/cmake/object_centerConfig-version.cmake
[0.504s] -- Up-to-date: /home/asdfr-30/ASDfR_3/install/object_center/share/object_center/package.xml
[0.508s] Invoked command in '/home/asdfr-30/ASDfR_3/build/object_center' returned '0': CMAKE_PREFIX_PATH=${CMAKE_PREFIX_PATH}:/opt/ros/humble /usr/bin/cmake --install /home/asdfr-30/ASDfR_3/build/object_center
