[0.068s] Invoking command in '/home/asdfr-30/ASDfR_3/build/object_center': CMAKE_PREFIX_PATH=${CMAKE_PREFIX_PATH}:/opt/ros/humble /usr/bin/cmake --build /home/asdfr-30/ASDfR_3/build/object_center -- -j3 -l3
[0.449s] [100%] Built target object_center
[0.497s] Invoked command in '/home/asdfr-30/ASDfR_3/build/object_center' returned '0': CMAKE_PREFIX_PATH=${CMAKE_PREFIX_PATH}:/opt/ros/humble /usr/bin/cmake --build /home/asdfr-30/ASDfR_3/build/object_center -- -j3 -l3
[0.504s] Invoking command in '/home/asdfr-30/ASDfR_3/build/object_center': CMAKE_PREFIX_PATH=${CMAKE_PREFIX_PATH}:/opt/ros/humble /usr/bin/cmake --install /home/asdfr-30/ASDfR_3/build/object_center
[0.561s] -- Install configuration: ""
[0.567s] -- Up-to-date: /home/asdfr-30/ASDfR_3/install/object_center/lib/object_center/object_center
[0.569s] -- Up-to-date: /home/asdfr-30/ASDfR_3/install/object_center/share/ament_index/resource_index/package_run_dependencies/object_center
[0.570s] -- Up-to-date: /home/asdfr-30/ASDfR_3/install/object_center/share/ament_index/resource_index/parent_prefix_path/object_center
[0.571s] -- Up-to-date: /home/asdfr-30/ASDfR_3/install/object_center/share/object_center/environment/ament_prefix_path.sh
[0.573s] -- Up-to-date: /home/asdfr-30/ASDfR_3/install/object_center/share/object_center/environment/ament_prefix_path.dsv
[0.574s] -- Up-to-date: /home/asdfr-30/ASDfR_3/install/object_center/share/object_center/environment/path.sh
[0.575s] -- Up-to-date: /home/asdfr-30/ASDfR_3/install/object_center/share/object_center/environment/path.dsv
[0.576s] -- Up-to-date: /home/asdfr-30/ASDfR_3/install/object_center/share/object_center/local_setup.bash
[0.577s] -- Up-to-date: /home/asdfr-30/ASDfR_3/install/object_center/share/object_center/local_setup.sh
[0.578s] -- Up-to-date: /home/asdfr-30/ASDfR_3/install/object_center/share/object_center/local_setup.zsh
[0.580s] -- Up-to-date: /home/asdfr-30/ASDfR_3/install/object_center/share/object_center/local_setup.dsv
[0.581s] -- Installing: /home/asdfr-30/ASDfR_3/install/object_center/share/object_center/package.dsv
[0.582s] -- Up-to-date: /home/asdfr-30/ASDfR_3/install/object_center/share/ament_index/resource_index/packages/object_center
[0.583s] -- Up-to-date: /home/asdfr-30/ASDfR_3/install/object_center/share/object_center/cmake/object_centerConfig.cmake
[0.584s] -- Up-to-date: /home/asdfr-30/ASDfR_3/install/object_center/share/object_center/cmake/object_centerConfig-version.cmake
[0.585s] -- Up-to-date: /home/asdfr-30/ASDfR_3/install/object_center/share/object_center/package.xml
[0.605s] Invoked command in '/home/asdfr-30/ASDfR_3/build/object_center' returned '0': CMAKE_PREFIX_PATH=${CMAKE_PREFIX_PATH}:/opt/ros/humble /usr/bin/cmake --install /home/asdfr-30/ASDfR_3/build/object_center
