[0.079s] Invoking command in '/home/asdfr-30/ASDfR_3/build/sequence_controller': CMAKE_PREFIX_PATH=/home/asdfr-30/ASDfR_3/install/xrf2_msgs:/home/asdfr-30/ASDfR_3/install/sequence_controller:/home/asdfr-30/ASDfR_3/install/ros_xeno_bridge:/home/asdfr-30/ASDfR_3/install/relbot_simulator:/home/asdfr-30/ASDfR_3/install/object_center:/home/asdfr-30/ASDfR_3/install/cam2image_vm2ros:/home/asdfr-30/ASDfR_3/install/brightness:/opt/ros/humble /usr/bin/cmake --build /home/asdfr-30/ASDfR_3/build/sequence_controller -- -j3 -l3
[0.242s] [35m[1mConsolidate compiler generated dependencies of target sequence_controller[0m
[0.741s] [ 50%] [32mBuilding CXX object CMakeFiles/sequence_controller.dir/src/sequence_controller.cpp.o[0m
[9.268s] [01m[K/home/asdfr-30/ASDfR_3/src/sequence_controller/src/sequence_controller.cpp:[m[K In constructor ‘[01m[KSequenceController::SequenceController()[m[K’:
[9.270s] [01m[K/home/asdfr-30/ASDfR_3/src/sequence_controller/src/sequence_controller.cpp:50:41:[m[K [01;31m[Kerror: [m[Kno matching function for call to ‘[01m[Kcreate_timer(SequenceController*, rclcpp::Clock::SharedPtr, std::chrono::duration<double>)[m[K’
[9.271s]    50 |         durations = [01;31m[Krclcpp::create_timer([m[K
[9.272s]       |                     [01;31m[K~~~~~~~~~~~~~~~~~~~~^[m[K
[9.273s]    51 | [01;31m[K            this, this->get_clock(),[m[K
[9.274s]       |             [01;31m[K~~~~~~~~~~~~~~~~~~~~~~~~[m[K     
[9.275s]    52 | [01;31m[K            std::chrono::duration<double>(duration_time))[m[K;
[9.277s]       |             [01;31m[K~~~~~~~~~~~~~~~~~~~~~~~~~~~~~~~~~~~~~~~~~~~~~[m[K
[9.282s] In file included from [01m[K/opt/ros/humble/include/rclcpp/rclcpp/create_subscription.hpp:33[m[K,
[9.283s]                  from [01m[K/opt/ros/humble/include/rclcpp/rclcpp/node_impl.hpp:43[m[K,
[9.285s]                  from [01m[K/opt/ros/humble/include/rclcpp/rclcpp/node.hpp:1321[m[K,
[9.286s]                  from [01m[K/opt/ros/humble/include/rclcpp/rclcpp/executors/single_threaded_executor.hpp:28[m[K,
[9.287s]                  from [01m[K/opt/ros/humble/include/rclcpp/rclcpp/executors.hpp:22[m[K,
[9.289s]                  from [01m[K/opt/ros/humble/include/rclcpp/rclcpp/rclcpp.hpp:155[m[K,
[9.290s]                  from [01m[K/home/asdfr-30/ASDfR_3/src/sequence_controller/src/sequence_controller.cpp:6[m[K:
[9.291s] [01m[K/opt/ros/humble/include/rclcpp/rclcpp/create_timer.hpp:36:1:[m[K [01;36m[Knote: [m[Kcandidate: ‘[01m[Ktemplate<class CallbackT> rclcpp::TimerBase::SharedPtr rclcpp::create_timer(std::shared_ptr<rclcpp::node_interfaces::NodeBaseInterface>, std::shared_ptr<rclcpp::node_interfaces::NodeTimersInterface>, rclcpp::Clock::SharedPtr, rclcpp::Duration, CallbackT&&, rclcpp::CallbackGroup::SharedPtr)[m[K’
[9.292s]    36 | [01;36m[Kcreate_timer[m[K(
[9.294s]       | [01;36m[K^~~~~~~~~~~~[m[K
[9.295s] [01m[K/opt/ros/humble/include/rclcpp/rclcpp/create_timer.hpp:36:1:[m[K [01;36m[Knote: [m[K  template argument deduction/substitution failed:
[9.296s] [01m[K/home/asdfr-30/ASDfR_3/src/sequence_controller/src/sequence_controller.cpp:50:41:[m[K [01;36m[Knote: [m[K  candidate expects 6 arguments, 3 provided
[9.298s]    50 |         durations = [01;36m[Krclcpp::create_timer([m[K
[9.299s]       |                     [01;36m[K~~~~~~~~~~~~~~~~~~~~^[m[K
[9.300s]    51 | [01;36m[K            this, this->get_clock(),[m[K
[9.302s]       |             [01;36m[K~~~~~~~~~~~~~~~~~~~~~~~~[m[K     
[9.303s]    52 | [01;36m[K            std::chrono::duration<double>(duration_time))[m[K;
[9.304s]       |             [01;36m[K~~~~~~~~~~~~~~~~~~~~~~~~~~~~~~~~~~~~~~~~~~~~~[m[K
[9.306s] In file included from [01m[K/opt/ros/humble/include/rclcpp/rclcpp/create_subscription.hpp:33[m[K,
[9.307s]                  from [01m[K/opt/ros/humble/include/rclcpp/rclcpp/node_impl.hpp:43[m[K,
[9.308s]                  from [01m[K/opt/ros/humble/include/rclcpp/rclcpp/node.hpp:1321[m[K,
[9.311s]                  from [01m[K/opt/ros/humble/include/rclcpp/rclcpp/executors/single_threaded_executor.hpp:28[m[K,
[9.312s]                  from [01m[K/opt/ros/humble/include/rclcpp/rclcpp/executors.hpp:22[m[K,
[9.313s]                  from [01m[K/opt/ros/humble/include/rclcpp/rclcpp/rclcpp.hpp:155[m[K,
[9.315s]                  from [01m[K/home/asdfr-30/ASDfR_3/src/sequence_controller/src/sequence_controller.cpp:6[m[K:
[9.316s] [01m[K/opt/ros/humble/include/rclcpp/rclcpp/create_timer.hpp:57:1:[m[K [01;36m[Knote: [m[Kcandidate: ‘[01m[Ktemplate<class NodeT, class CallbackT> rclcpp::TimerBase::SharedPtr rclcpp::create_timer(NodeT, rclcpp::Clock::SharedPtr, rclcpp::Duration, CallbackT&&, rclcpp::CallbackGroup::SharedPtr)[m[K’
[9.319s]    57 | [01;36m[Kcreate_timer[m[K(
[9.320s]       | [01;36m[K^~~~~~~~~~~~[m[K
[9.322s] [01m[K/opt/ros/humble/include/rclcpp/rclcpp/create_timer.hpp:57:1:[m[K [01;36m[Knote: [m[K  template argument deduction/substitution failed:
[9.324s] [01m[K/home/asdfr-30/ASDfR_3/src/sequence_controller/src/sequence_controller.cpp:50:41:[m[K [01;36m[Knote: [m[K  candidate expects 5 arguments, 3 provided
[9.326s]    50 |         durations = [01;36m[Krclcpp::create_timer([m[K
[9.327s]       |                     [01;36m[K~~~~~~~~~~~~~~~~~~~~^[m[K
[9.328s]    51 | [01;36m[K            this, this->get_clock(),[m[K
[9.329s]       |             [01;36m[K~~~~~~~~~~~~~~~~~~~~~~~~[m[K     
[9.331s]    52 | [01;36m[K            std::chrono::duration<double>(duration_time))[m[K;
[9.332s]       |             [01;36m[K~~~~~~~~~~~~~~~~~~~~~~~~~~~~~~~~~~~~~~~~~~~~~[m[K
[9.333s] [01m[K/home/asdfr-30/ASDfR_3/src/sequence_controller/src/sequence_controller.cpp:56:39:[m[K [01;31m[Kerror: [m[K‘[01m[Kusing SharedPtr = class std::shared_ptr<rclcpp::Clock>[m[K’ {aka ‘[01m[Kclass std::shared_ptr<rclcpp::Clock>[m[K’} has no member named ‘[01m[Know[m[K’
[9.335s]    56 |         state_start_time_ = durations.[01;31m[Know[m[K(); // Initialize timer
[9.337s]       |                                       [01;31m[K^~~[m[K
[9.339s] [01m[K/home/asdfr-30/ASDfR_3/src/sequence_controller/src/sequence_controller.cpp:[m[K In member function ‘[01m[Kvoid SequenceController::control_loop_callback()[m[K’:
[9.341s] [01m[K/home/asdfr-30/ASDfR_3/src/sequence_controller/src/sequence_controller.cpp:98:47:[m[K [01;31m[Kerror: [m[K‘[01m[Kusing SharedPtr = class std::shared_ptr<rclcpp::Clock>[m[K’ {aka ‘[01m[Kclass std::shared_ptr<rclcpp::Clock>[m[K’} has no member named ‘[01m[Know[m[K’
[9.343s]    98 |         rclcpp::Time current_time = durations.[01;31m[Know[m[K();
[9.344s]       |                                               [01;31m[K^~~[m[K
[17.098s] [01m[K/home/asdfr-30/ASDfR_3/src/sequence_controller/src/sequence_controller.cpp:106:37:[m[K [01;35m[Kwarning: [m[Kthis statement may fall through [[01;35m[K]8;;https://gcc.gnu.org/onlinedocs/gcc/Warning-Options.html#index-Wimplicit-fallthrough=-Wimplicit-fallthrough=]8;;[m[K]
[17.099s]   106 |                 state_start_time_ = [01;35m[Kcurrent_time[m[K;
[17.101s]       |                                     [01;35m[K^~~~~~~~~~~~[m[K
[17.102s] [01m[K/home/asdfr-30/ASDfR_3/src/sequence_controller/src/sequence_controller.cpp:107:13:[m[K [01;36m[Knote: [m[Khere
[17.103s]   107 |             [01;36m[Kcase[m[K MotionState::DRIVING_STRAIGHT:
[17.104s]       |             [01;36m[K^~~~[m[K
[17.828s] gmake[2]: *** [CMakeFiles/sequence_controller.dir/build.make:76: CMakeFiles/sequence_controller.dir/src/sequence_controller.cpp.o] Error 1
[17.829s] gmake[1]: *** [CMakeFiles/Makefile2:137: CMakeFiles/sequence_controller.dir/all] Error 2
[17.831s] gmake: *** [Makefile:146: all] Error 2
[17.833s] Invoked command in '/home/asdfr-30/ASDfR_3/build/sequence_controller' returned '2': CMAKE_PREFIX_PATH=/home/asdfr-30/ASDfR_3/install/xrf2_msgs:/home/asdfr-30/ASDfR_3/install/sequence_controller:/home/asdfr-30/ASDfR_3/install/ros_xeno_bridge:/home/asdfr-30/ASDfR_3/install/relbot_simulator:/home/asdfr-30/ASDfR_3/install/object_center:/home/asdfr-30/ASDfR_3/install/cam2image_vm2ros:/home/asdfr-30/ASDfR_3/install/brightness:/opt/ros/humble /usr/bin/cmake --build /home/asdfr-30/ASDfR_3/build/sequence_controller -- -j3 -l3
